Component: ARM Compiler 6.16 Tool: armlink [5dfeaa00]

==============================================================================

Section Cross References

    main.o(.text.main) refers to main.o(.data..L_MergedGlobals) for .L_MergedGlobals
    main.o(.text.main) refers to main.o(.bss.vgaScreenBuff) for vgaScreenBuff
    main.o(.text.main) refers to vga.o(.text.VGACreateFrame) for VGACreateFrame
    main.o(.text.main) refers to main.o(.bss.vgaScreenBuff2) for vgaScreenBuff2
    main.o(.text.main) refers to drivers.o(.text.startup) for startup
    main.o(.text.main) refers to main.o(.bss.vgaFlag) for vgaFlag
    main.o(.text.main) refers to vga.o(.text.VGABlankScreen) for VGABlankScreen
    main.o(.text.main) refers to draw.o(.text._Z14drawSmallClockii) for drawSmallClock(int, int)
    main.o(.text.main) refers to draw.o(.text._Z8drawTimeiib) for drawTime(int, int, bool)
    main.o(.text.main) refers to vga.o(.text.VGADrawRect) for VGADrawRect
    main.o(.text.main) refers to new.cpp.o(.text._Znwj) for operator new(unsigned int)
    main.o(.text.main) refers to rt_memcpy_v6.o(.text) for __aeabi_memcpy
    main.o(.text.main) refers to vga.o(.text.VGAPutChar) for VGAPutChar
    main.o(.text.main) refers to new.cpp.o(.text._ZdlPv) for operator delete(void*)
    main.o(.ARM.exidx.text.main) refers to main.o(.text.main) for [Anonymous Symbol]
    main.o(.data.vgaCurrentScreenBuff) refers to main.o(.bss.vgaScreenBuff) for vgaScreenBuff
    main.o(.data..L_MergedGlobals) refers to main.o(.bss.vgaScreenBuff) for vgaScreenBuff
    main.o(.data..L_MergedGlobals) refers to main.o(.bss.vgaScreenBuff2) for vgaScreenBuff2
    draw.o(.text._Z9drawShapeP4Pt_ti) refers to main.o(.data..L_MergedGlobals) for vgaNextScreenBuff
    draw.o(.text._Z9drawShapeP4Pt_ti) refers to vga.o(.text.VGADrawLine) for VGADrawLine
    draw.o(.ARM.exidx.text._Z9drawShapeP4Pt_ti) refers to draw.o(.text._Z9drawShapeP4Pt_ti) for [Anonymous Symbol]
    draw.o(.text._Z13applyRotation4Pt_tf) refers to cosf.o(i.__hardfp_cosf) for __hardfp_cosf
    draw.o(.text._Z13applyRotation4Pt_tf) refers to sinf.o(i.__hardfp_sinf) for __hardfp_sinf
    draw.o(.ARM.exidx.text._Z13applyRotation4Pt_tf) refers to draw.o(.text._Z13applyRotation4Pt_tf) for [Anonymous Symbol]
    draw.o(.text._Z8drawTimeiib) refers to drivers.o(.text.getTimeBcd) for getTimeBcd
    draw.o(.text._Z8drawTimeiib) refers to main.o(.data..L_MergedGlobals) for vgaNextScreenBuff
    draw.o(.text._Z8drawTimeiib) refers to vga.o(.text.VGAPutChar) for VGAPutChar
    draw.o(.ARM.exidx.text._Z8drawTimeiib) refers to draw.o(.text._Z8drawTimeiib) for [Anonymous Symbol]
    draw.o(.text._Z11drawEllipseiiii) refers to f2d.o(x$fpl$f2d) for __aeabi_f2d
    draw.o(.text._Z11drawEllipseiiii) refers to dmul.o(x$fpl$dmul) for __aeabi_dmul
    draw.o(.text._Z11drawEllipseiiii) refers to ddiv.o(x$fpl$ddiv) for __aeabi_ddiv
    draw.o(.text._Z11drawEllipseiiii) refers to d2f.o(x$fpl$d2f) for __aeabi_d2f
    draw.o(.text._Z11drawEllipseiiii) refers to main.o(.data..L_MergedGlobals) for vgaNextScreenBuff
    draw.o(.text._Z11drawEllipseiiii) refers to fastmathfunctions.o(.text.arm_cos_f32) for arm_cos_f32
    draw.o(.text._Z11drawEllipseiiii) refers to fastmathfunctions.o(.text.arm_sin_f32) for arm_sin_f32
    draw.o(.text._Z11drawEllipseiiii) refers to vga.o(.text.VGApx) for VGApx
    draw.o(.ARM.exidx.text._Z11drawEllipseiiii) refers to draw.o(.text._Z11drawEllipseiiii) for [Anonymous Symbol]
    draw.o(.text._Z14drawSmallClockii) refers to drivers.o(.text.getTimeBcd) for getTimeBcd
    draw.o(.text._Z14drawSmallClockii) refers to main.o(.data..L_MergedGlobals) for vgaNextScreenBuff
    draw.o(.text._Z14drawSmallClockii) refers to vga.o(.text.VGAPutChar) for VGAPutChar
    draw.o(.text._Z14drawSmallClockii) refers to drivers.o(.text.getTimeNum) for getTimeNum
    draw.o(.text._Z14drawSmallClockii) refers to fastmathfunctions.o(.text.arm_cos_f32) for arm_cos_f32
    draw.o(.text._Z14drawSmallClockii) refers to fastmathfunctions.o(.text.arm_sin_f32) for arm_sin_f32
    draw.o(.text._Z14drawSmallClockii) refers to vga.o(.text.VGApx) for VGApx
    draw.o(.text._Z14drawSmallClockii) refers to sinf.o(i.__hardfp_sinf) for __hardfp_sinf
    draw.o(.text._Z14drawSmallClockii) refers to cosf.o(i.__hardfp_cosf) for __hardfp_cosf
    draw.o(.ARM.exidx.text._Z14drawSmallClockii) refers to draw.o(.text._Z14drawSmallClockii) for [Anonymous Symbol]
    comport.o(.text.printUart2) refers to strlen.o(.text) for strlen
    comport.o(.ARM.exidx.text.printUart2) refers to comport.o(.text.printUart2) for [Anonymous Symbol]
    drivers.o(.text.startup) refers to system_stm32f4xx.o(.text.SystemCoreClockUpdate) for SystemCoreClockUpdate
    drivers.o(.text.startup) refers to system_stm32f4xx.o(.data.SystemCoreClock) for SystemCoreClock
    drivers.o(.ARM.exidx.text.startup) refers to drivers.o(.text.startup) for [Anonymous Symbol]
[...]
    ../clib/heapalloc.c                      0x00000000   Number         0  init_alloc.o ABSOLUTE
    ../clib/heapalloc.c                      0x00000000   Number         0  heapstubs.o ABSOLUTE
    ../clib/heapalloc.c                      0x00000000   Number         0  hrguard.o ABSOLUTE
    ../clib/heapalloc.c                      0x00000000   Number         0  term_alloc.o ABSOLUTE
    ../clib/heapaux.c                        0x00000000   Number         0  heapauxi.o ABSOLUTE
    ../clib/heapaux.c                        0x00000000   Number         0  heapauxa.o ABSOLUTE
    ../clib/libinit.s                        0x00000000   Number         0  libinit2.o ABSOLUTE
    ../clib/libinit.s                        0x00000000   Number         0  libinit.o ABSOLUTE
    ../clib/libinit.s                        0x00000000   Number         0  libshutdown2.o ABSOLUTE
    ../clib/libinit.s                        0x00000000   Number         0  libshutdown.o ABSOLUTE
    ../clib/longlong.s                       0x00000000   Number         0  lludivv7m.o ABSOLUTE
    ../clib/longlong.s                       0x00000000   Number         0  llsdiv.o ABSOLUTE
    ../clib/maybe.s                          0x00000000   Number         0  maybetermalloc1.o ABSOLUTE
    ../clib/maybe.s                          0x00000000   Number         0  maybetermalloc2.o ABSOLUTE
    ../clib/memcpset.s                       0x00000000   Number         0  rt_memcpy_v6.o ABSOLUTE
    ../clib/memcpset.s                       0x00000000   Number         0  rt_memcpy_w.o ABSOLUTE
    ../clib/memcpset.s                       0x00000000   Number         0  aeabi_memset.o ABSOLUTE
    ../clib/memcpset.s                       0x00000000   Number         0  rt_memclr.o ABSOLUTE
    ../clib/memcpset.s                       0x00000000   Number         0  rt_memclr_w.o ABSOLUTE
    ../clib/signal.c                         0x00000000   Number         0  defsig_abrt_outer.o ABSOLUTE
    ../clib/signal.c                         0x00000000   Number         0  defsig_abrt_formal.o ABSOLUTE
    ../clib/signal.c                         0x00000000   Number         0  defsig_exit.o ABSOLUTE
    ../clib/signal.c                         0x00000000   Number         0  defsig_abrt_inner.o ABSOLUTE
    ../clib/signal.c                         0x00000000   Number         0  defsig_fpe_outer.o ABSOLUTE
    ../clib/signal.c                         0x00000000   Number         0  defsig_fpe_formal.o ABSOLUTE
    ../clib/signal.c                         0x00000000   Number         0  defsig_rtmem_outer.o ABSOLUTE
    ../clib/signal.c                         0x00000000   Number         0  defsig_rtmem_formal.o ABSOLUTE
    ../clib/signal.c                         0x00000000   Number         0  __raise.o ABSOLUTE
    ../clib/signal.c                         0x00000000   Number         0  defsig_general.o ABSOLUTE
    ../clib/signal.c                         0x00000000   Number         0  defsig_fpe_inner.o ABSOLUTE
    ../clib/signal.c                         0x00000000   Number         0  defsig_rtmem_inner.o ABSOLUTE
    ../clib/signal.c                         0x00000000   Number         0  defsig_rtred_inner.o ABSOLUTE
    ../clib/signal.c                         0x00000000   Number         0  defsig_stak_inner.o ABSOLUTE
    ../clib/signal.c                         0x00000000   Number         0  defsig_pvfn_inner.o ABSOLUTE
    ../clib/signal.c                         0x00000000   Number         0  defsig_cppl_inner.o ABSOLUTE
    ../clib/signal.c                         0x00000000   Number         0  defsig_segv_inner.o ABSOLUTE
    ../clib/signal.c                         0x00000000   Number         0  defsig_other.o ABSOLUTE
    ../clib/signal.s                         0x00000000   Number         0  defsig.o ABSOLUTE
    ../clib/stdlib.c                         0x00000000   Number         0  abort.o ABSOLUTE
    ../clib/stdlib.c                         0x00000000   Number         0  exit.o ABSOLUTE
    ../clib/string.c                         0x00000000   Number         0  strlen.o ABSOLUTE
    ../fplib/basic.s                         0x00000000   Number         0  basic.o ABSOLUTE
    ../fplib/d2f.s                           0x00000000   Number         0  d2f.o ABSOLUTE
    ../fplib/daddsub.s                       0x00000000   Number         0  daddsub_clz.o ABSOLUTE
    ../fplib/dcmp.s                          0x00000000   Number         0  dcmp.o ABSOLUTE
    ../fplib/dcmpi.s                         0x00000000   Number         0  dcmpi.o ABSOLUTE
    ../fplib/ddiv.s                          0x00000000   Number         0  ddiv.o ABSOLUTE
    ../fplib/deqf.s                          0x00000000   Number         0  deqf.o ABSOLUTE
    ../fplib/dfix.s                          0x00000000   Number         0  dfix.o ABSOLUTE
    ../fplib/dflt.s                          0x00000000   Number         0  dflt_clz.o ABSOLUTE
    ../fplib/dgeqf.s                         0x00000000   Number         0  dgeqf.o ABSOLUTE
    ../fplib/dleqf.s                         0x00000000   Number         0  dleqf.o ABSOLUTE
    ../fplib/dmul.s                          0x00000000   Number         0  dmul.o ABSOLUTE
    ../fplib/dnaninf.s                       0x00000000   Number         0  dnaninf.o ABSOLUTE
    ../fplib/dretinf.s                       0x00000000   Number         0  dretinf.o ABSOLUTE
    ../fplib/dsqrt.s                         0x00000000   Number         0  dsqrt_umaal.o ABSOLUTE
    ../fplib/f2d.s                           0x00000000   Number         0  f2d.o ABSOLUTE
    ../fplib/ffixll.s                        0x00000000   Number         0  ffixll.o ABSOLUTE
    ../fplib/fnaninf.s                       0x00000000   Number         0  fnaninf.o ABSOLUTE
    ../fplib/fpinit.s                        0x00000000   Number         0  fpinit.o ABSOLUTE
    ../fplib/fretinf.s                       0x00000000   Number         0  fretinf.o ABSOLUTE
    ../fplib/istatus.s                       0x00000000   Number         0  istatus.o ABSOLUTE
    ../fplib/usenofp.s                       0x00000000   Number         0  usenofp.o ABSOLUTE
    ../mathlib/cosf.c                        0x00000000   Number         0  cosf.o ABSOLUTE
    ../mathlib/dunder.c                      0x00000000   Number         0  dunder.o ABSOLUTE
    ../mathlib/expf.c                        0x00000000   Number         0  expf.o ABSOLUTE
    ../mathlib/fpclassifyf.c                 0x00000000   Number         0  fpclassifyf.o ABSOLUTE
    ../mathlib/funder.c                      0x00000000   Number         0  funder.o ABSOLUTE
    ../mathlib/log.c                         0x00000000   Number         0  log.o ABSOLUTE
    ../mathlib/logf.c                        0x00000000   Number         0  logf.o ABSOLUTE
    ../mathlib/poly.c                        0x00000000   Number         0  poly.o ABSOLUTE
    ../mathlib/powf.c                        0x00000000   Number         0  powf.o ABSOLUTE
    ../mathlib/qnan.c                        0x00000000   Number         0  qnan.o ABSOLUTE
    ../mathlib/rredf.c                       0x00000000   Number         0  rredf.o ABSOLUTE
    ../mathlib/sinf.c                        0x00000000   Number         0  sinf.o ABSOLUTE
    ../mathlib/sqrt.c                        0x00000000   Number         0  sqrt.o ABSOLUTE
    ../mathlib/sqrtf.c                       0x00000000   Number         0  sqrtf.o ABSOLUTE
    ../mathlib/tanhf.c                       0x00000000   Number         0  tanhf.o ABSOLUTE
    BasicMathFunctions.c                     0x00000000   Number         0  basicmathfunctions.o ABSOLUTE
    BasicMathFunctionsF16.c                  0x00000000   Number         0  basicmathfunctionsf16.o ABSOLUTE
    BayesFunctions.c                         0x00000000   Number         0  bayesfunctions.o ABSOLUTE
    BayesFunctionsF16.c                      0x00000000   Number         0  bayesfunctionsf16.o ABSOLUTE
    CommonTables.c                           0x00000000   Number         0  commontables.o ABSOLUTE
    CommonTablesF16.c                        0x00000000   Number         0  commontablesf16.o ABSOLUTE
    ComplexMathFunctions.c                   0x00000000   Number         0  complexmathfunctions.o ABSOLUTE
    ComplexMathFunctionsF16.c                0x00000000   Number         0  complexmathfunctionsf16.o ABSOLUTE
    ControllerFunctions.c                    0x00000000   Number         0  controllerfunctions.o ABSOLUTE
    DistanceFunctions.c                      0x00000000   Number         0  distancefunctions.o ABSOLUTE
    DistanceFunctionsF16.c                   0x00000000   Number         0  distancefunctionsf16.o ABSOLUTE
    FastMathFunctions.c                      0x00000000   Number         0  fastmathfunctions.o ABSOLUTE
    FastMathFunctionsF16.c                   0x00000000   Number         0  fastmathfunctionsf16.o ABSOLUTE
    FilteringFunctions.c                     0x00000000   Number         0  filteringfunctions.o ABSOLUTE
    FilteringFunctionsF16.c                  0x00000000   Number         0  filteringfunctionsf16.o ABSOLUTE
    InterpolationFunctions.c                 0x00000000   Number         0  interpolationfunctions.o ABSOLUTE
    InterpolationFunctionsF16.c              0x00000000   Number         0  interpolationfunctionsf16.o ABSOLUTE
    MatrixFunctions.c                        0x00000000   Number         0  matrixfunctions.o ABSOLUTE
    MatrixFunctionsF16.c                     0x00000000   Number         0  matrixfunctionsf16.o ABSOLUTE
    QuaternionMathFunctions.c                0x00000000   Number         0  quaternionmathfunctions.o ABSOLUTE
    RTE/Device/STM32F446RETx/startup_stm32f446xx.s 0x00000000   Number         0  startup_stm32f446xx.o ABSOLUTE
    SVMFunctions.c                           0x00000000   Number         0  svmfunctions.o ABSOLUTE
    SVMFunctionsF16.c                        0x00000000   Number         0  svmfunctionsf16.o ABSOLUTE
    StatisticsFunctions.c                    0x00000000   Number         0  statisticsfunctions.o ABSOLUTE
    StatisticsFunctionsF16.c                 0x00000000   Number         0  statisticsfunctionsf16.o ABSOLUTE
    SupportFunctions.c                       0x00000000   Number         0  supportfunctions.o ABSOLUTE
    SupportFunctionsF16.c                    0x00000000   Number         0  supportfunctionsf16.o ABSOLUTE
    TransformFunctions.c                     0x00000000   Number         0  transformfunctions.o ABSOLUTE
    TransformFunctionsF16.c                  0x00000000   Number         0  transformfunctionsf16.o ABSOLUTE
    abort_message.cpp                        0x00000000   Number         0  abort_message.cpp.o ABSOLUTE
    comport.c                                0x00000000   Number         0  comport.o ABSOLUTE
    cxa_default_handlers.cpp                 0x00000000   Number         0  cxa_default_handlers.cpp.o ABSOLUTE
    cxa_handlers.cpp                         0x00000000   Number         0  cxa_handlers.cpp.o ABSOLUTE
    dc.s                                     0x00000000   Number         0  dc.o ABSOLUTE
    draw.cpp                                 0x00000000   Number         0  draw.o ABSOLUTE
    drivers.c                                0x00000000   Number         0  drivers.o ABSOLUTE
    isr.c                                    0x00000000   Number         0  isr.o ABSOLUTE
    main.cpp                                 0x00000000   Number         0  main.o ABSOLUTE
    new.cpp                                  0x00000000   Number         0  new.cpp.o ABSOLUTE
    system_stm32f4xx.c                       0x00000000   Number         0  system_stm32f4xx.o ABSOLUTE
    vga.c                                    0x00000000   Number         0  vga.o ABSOLUTE
    RESET                                    0x08000000   Section      452  startup_stm32f446xx.o(RESET)
    !!!main                                  0x080001c4   Section        8  __main.o(!!!main)
    !!!scatter                               0x080001cc   Section       52  __scatter.o(!!!scatter)
    !!dczerorl2                              0x08000200   Section       90  __dczerorl2.o(!!dczerorl2)
    !!handler_zi                             0x0800025c   Section       28  __scatter_zi.o(!!handler_zi)
    .ARM.Collect$$libinit$$00000000          0x08000278   Section        2  libinit.o(.ARM.Collect$$libinit$$00000000)
    .ARM.Collect$$libinit$$00000001          0x0800027a   Section        4  libinit2.o(.ARM.Collect$$libinit$$00000001)
    .ARM.Collect$$libinit$$00000004          0x0800027e   Section        0  libinit2.o(.ARM.Collect$$libinit$$00000004)
    .ARM.Collect$$libinit$$00000005          0x0800027e   Section        8  libinit2.o(.ARM.Collect$$libinit$$00000005)
    .ARM.Collect$$libinit$$0000000A          0x08000286   Section        0  libinit2.o(.ARM.Collect$$libinit$$0000000A)
    .ARM.Collect$$libinit$$0000000C          0x08000286   Section        0  libinit2.o(.ARM.Collect$$libinit$$0000000C)
    .ARM.Collect$$libinit$$0000000E          0x08000286   Section        0  libinit2.o(.ARM.Collect$$libinit$$0000000E)
    .ARM.Collect$$libinit$$00000011          0x08000286   Section        0  libinit2.o(.ARM.Collect$$libinit$$00000011)
    .ARM.Collect$$libinit$$00000013          0x08000286   Section        0  libinit2.o(.ARM.Collect$$libinit$$00000013)
    .ARM.Collect$$libinit$$00000015          0x08000286   Section        0  libinit2.o(.ARM.Collect$$libinit$$00000015)
    .ARM.Collect$$libinit$$00000017          0x08000286   Section        0  libinit2.o(.ARM.Collect$$libinit$$00000017)
    .ARM.Collect$$libinit$$00000019          0x08000286   Section        0  libinit2.o(.ARM.Collect$$libinit$$00000019)
    .ARM.Collect$$libinit$$0000001B          0x08000286   Section        0  libinit2.o(.ARM.Collect$$libinit$$0000001B)
    .ARM.Collect$$libinit$$0000001D          0x08000286   Section        0  libinit2.o(.ARM.Collect$$libinit$$0000001D)
    .ARM.Collect$$libinit$$0000001F          0x08000286   Section        0  libinit2.o(.ARM.Collect$$libinit$$0000001F)
    .ARM.Collect$$libinit$$00000021          0x08000286   Section        0  libinit2.o(.ARM.Collect$$libinit$$00000021)
    .ARM.Collect$$libinit$$00000023          0x08000286   Section        0  libinit2.o(.ARM.Collect$$libinit$$00000023)
    .ARM.Collect$$libinit$$00000025          0x08000286   Section        0  libinit2.o(.ARM.Collect$$libinit$$00000025)
    .ARM.Collect$$libinit$$0000002C          0x08000286   Section        0  libinit2.o(.ARM.Collect$$libinit$$0000002C)
    .ARM.Collect$$libinit$$0000002E          0x08000286   Section        0  libinit2.o(.ARM.Collect$$libinit$$0000002E)
    .ARM.Collect$$libinit$$00000030          0x08000286   Section        0  libinit2.o(.ARM.Collect$$libinit$$00000030)
    .ARM.Collect$$libinit$$00000032          0x08000286   Section        0  libinit2.o(.ARM.Collect$$libinit$$00000032)
    .ARM.Collect$$libinit$$00000033          0x08000286   Section        2  libinit2.o(.ARM.Collect$$libinit$$00000033)
    .ARM.Collect$$libshutdown$$00000000      0x08000288   Section        2  libshutdown.o(.ARM.Collect$$libshutdown$$00000000)
    .ARM.Collect$$libshutdown$$00000002      0x0800028a   Section        0  libshutdown2.o(.ARM.Collect$$libshutdown$$00000002)
    .ARM.Collect$$libshutdown$$00000004      0x0800028a   Section        0  libshutdown2.o(.ARM.Collect$$libshutdown$$00000004)
    .ARM.Collect$$libshutdown$$00000007      0x0800028a   Section        0  libshutdown2.o(.ARM.Collect$$libshutdown$$00000007)
    .ARM.Collect$$libshutdown$$0000000A      0x0800028a   Section        0  libshutdown2.o(.ARM.Collect$$libshutdown$$0000000A)
    .ARM.Collect$$libshutdown$$0000000C      0x0800028a   Section        0  libshutdown2.o(.ARM.Collect$$libshutdown$$0000000C)
    .ARM.Collect$$libshutdown$$0000000F      0x0800028a   Section        0  libshutdown2.o(.ARM.Collect$$libshutdown$$0000000F)
    .ARM.Collect$$libshutdown$$00000010      0x0800028a   Section        2  libshutdown2.o(.ARM.Collect$$libshutdown$$00000010)
    .ARM.Collect$$rtentry$$00000000          0x0800028c   Section        0  __rtentry.o(.ARM.Collect$$rtentry$$00000000)
    .ARM.Collect$$rtentry$$00000002          0x0800028c   Section        0  __rtentry2.o(.ARM.Collect$$rtentry$$00000002)
    .ARM.Collect$$rtentry$$00000004          0x0800028c   Section        6  __rtentry4.o(.ARM.Collect$$rtentry$$00000004)
    .ARM.Collect$$rtentry$$00000009          0x08000292   Section        0  __rtentry2.o(.ARM.Collect$$rtentry$$00000009)
    .ARM.Collect$$rtentry$$0000000A          0x08000292   Section        4  __rtentry2.o(.ARM.Collect$$rtentry$$0000000A)
    .ARM.Collect$$rtentry$$0000000C          0x08000296   Section        0  __rtentry2.o(.ARM.Collect$$rtentry$$0000000C)
    .ARM.Collect$$rtentry$$0000000D          0x08000296   Section        8  __rtentry2.o(.ARM.Collect$$rtentry$$0000000D)
    .ARM.Collect$$rtexit$$00000000           0x0800029e   Section        2  rtexit.o(.ARM.Collect$$rtexit$$00000000)
    .ARM.Collect$$rtexit$$00000002           0x080002a0   Section        0  rtexit2.o(.ARM.Collect$$rtexit$$00000002)
    .ARM.Collect$$rtexit$$00000003           0x080002a0   Section        4  rtexit2.o(.ARM.Collect$$rtexit$$00000003)
    .ARM.Collect$$rtexit$$00000004           0x080002a4   Section        6  rtexit2.o(.ARM.Collect$$rtexit$$00000004)
    $v0                                      0x080002ac   Number         0  startup_stm32f446xx.o(.text)
    .text                                    0x080002ac   Section       64  startup_stm32f446xx.o(.text)
    .text                                    0x080002ec   Section      138  rt_memcpy_v6.o(.text)
    .text                                    0x08000376   Section      100  rt_memcpy_w.o(.text)
    .text                                    0x080003da   Section       68  rt_memclr.o(.text)
    .text                                    0x0800041e   Section       78  rt_memclr_w.o(.text)
    .text                                    0x0800046c   Section        0  heapauxi.o(.text)
    .text                                    0x08000472   Section        0  h1_alloc.o(.text)
    .text                                    0x080004d0   Section        0  h1_free.o(.text)
    .text                                    0x0800051e   Section        0  _rserrno.o(.text)
    .text                                    0x08000534   Section        0  sys_exit.o(.text)
    .text                                    0x08000540   Section        8  rt_heap_descriptor_intlibspace.o(.text)
    .text                                    0x08000548   Section        8  rt_errno_addr_intlibspace.o(.text)
    .text                                    0x08000550   Section        0  hguard.o(.text)
    .text                                    0x08000554   Section        0  init_alloc.o(.text)
    .text                                    0x080005de   Section        0  h1_init.o(.text)
    .text                                    0x080005ec   Section        8  libspace.o(.text)
    .text                                    0x080005f4   Section        2  use_no_semi.o(.text)
    .text                                    0x080005f6   Section        0  indicate_semi.o(.text)
    .text                                    0x080005f6   Section       74  sys_stackheap_outer.o(.text)
    .text                                    0x08000640   Section        0  maybetermalloc1.o(.text)
    .text                                    0x08000640   Section        0  h1_extend.o(.text)
    .text                                    0x08000674   Section        0  exit.o(.text)
    .text                                    0x08000686   Section        0  defsig_exit.o(.text)
    .text                                    0x08000690   Section        0  defsig_rtmem_outer.o(.text)
    .text                                    0x0800069e   Section        0  defsig_general.o(.text)
    .text                                    0x080006d0   Section        0  defsig_rtmem_inner.o(.text)
    .text                                    0x08000720   Section        0  sys_wrch.o(.text)
    [Anonymous Symbol]                       0x08000730   Section        0  system_stm32f4xx.o(.text.SystemCoreClockUpdate)
    [Anonymous Symbol]                       0x080007ac   Section        0  system_stm32f4xx.o(.text.SystemInit)
    [Anonymous Symbol]                       0x080007c0   Section        0  isr.o(.text.TIM2_IRQHandler)
    [Anonymous Symbol]                       0x08000888   Section        0  isr.o(.text.TIM3_IRQHandler)
    [Anonymous Symbol]                       0x080008f4   Section        0  isr.o(.text.USART2_IRQHandler)
    [Anonymous Symbol]                       0x08000954   Section        0  vga.o(.text.VGABlankScreen)
    [Anonymous Symbol]                       0x08000960   Section        0  vga.o(.text.VGACreateFrame)
    [Anonymous Symbol]                       0x08000984   Section        0  vga.o(.text.VGADrawRect)
    [Anonymous Symbol]                       0x08000c64   Section        0  vga.o(.text.VGAPutChar)
    [Anonymous Symbol]                       0x08000e3c   Section        0  vga.o(.text.VGApx)
    [Anonymous Symbol]                       0x08000eb4   Section        0  draw.o(.text._Z14drawSmallClockii)
    [Anonymous Symbol]                       0x080010d8   Section        0  draw.o(.text._Z8drawTimeiib)
    [Anonymous Symbol]                       0x08001156   Section        0  cxa_handlers.cpp.o(.text._ZSt15get_new_handlerv)
    [Anonymous Symbol]                       0x08001162   Section        0  new.cpp.o(.text._ZdlPv)
    [Anonymous Symbol]                       0x08001168   Section        0  new.cpp.o(.text._Znwj)
    [Anonymous Symbol]                       0x08001190   Section        0  fastmathfunctions.o(.text.arm_cos_f32)
    [Anonymous Symbol]                       0x08001228   Section        0  fastmathfunctions.o(.text.arm_sin_f32)
    [Anonymous Symbol]                       0x080012b8   Section        0  drivers.o(.text.getTimeBcd)
    [Anonymous Symbol]                       0x080012f4   Section        0  drivers.o(.text.getTimeNum)
    [Anonymous Symbol]                       0x08001340   Section        0  main.o(.text.main)
    [Anonymous Symbol]                       0x08001564   Section        0  drivers.o(.text.startup)
    i.__ARM_fpclassifyf                      0x08001b74   Section        0  fpclassifyf.o(i.__ARM_fpclassifyf)
    i.__hardfp_cosf                          0x08001b9c   Section        0  cosf.o(i.__hardfp_cosf)
    i.__hardfp_sinf                          0x08001cec   Section        0  sinf.o(i.__hardfp_sinf)
    i.__mathlib_flt_infnan                   0x08001e7c   Section        0  funder.o(i.__mathlib_flt_infnan)
    i.__mathlib_flt_invalid                  0x08001e84   Section        0  funder.o(i.__mathlib_flt_invalid)
    i.__mathlib_flt_underflow                0x08001e94   Section        0  funder.o(i.__mathlib_flt_underflow)
    i.__mathlib_rredf2                       0x08001ea4   Section        0  rredf.o(i.__mathlib_rredf2)
    $v0                                      0x08001ff8   Number         0  fpinit.o(x$fpl$fpinit)
    x$fpl$fpinit                             0x08001ff8   Section       26  fpinit.o(x$fpl$fpinit)
    x$fpl$usenofp                            0x08002012   Section        0  usenofp.o(x$fpl$usenofp)
    twooverpi                                0x08002014   Data          32  rredf.o(.constdata)
    .constdata                               0x08002014   Section       32  rredf.o(.constdata)
    .L_MergedGlobals                         0x20000000   Data           8  main.o(.data..L_MergedGlobals)
    [Anonymous Symbol]                       0x20000000   Section        0  main.o(.data..L_MergedGlobals)
    .bss                                     0x20000478   Section       96  libspace.o(.bss)
    TIM2_IRQHandler.line                     0x200004d8   Data           4  isr.o(.bss.TIM2_IRQHandler.line)
    [Anonymous Symbol]                       0x200004d8   Section        0  isr.o(.bss.TIM2_IRQHandler.line)
    TIM3_IRQHandler.psc                      0x200004dc   Data           1  isr.o(.bss.TIM3_IRQHandler.psc)
    [Anonymous Symbol]                       0x200004dc   Section        0  isr.o(.bss.TIM3_IRQHandler.psc)
    USART2_IRQHandler.len                    0x200004e0   Data           4  isr.o(.bss.USART2_IRQHandler.len)
    [Anonymous Symbol]                       0x200004e0   Section        0  isr.o(.bss.USART2_IRQHandler.len)
    Heap_Mem                                 0x20007aa8   Data         512  startup_stm32f446xx.o(HEAP)
    HEAP                                     0x20007aa8   Section      512  startup_stm32f446xx.o(HEAP)
    Stack_Mem                                0x20007ca8   Data        1024  startup_stm32f446xx.o(STACK)
    STACK                                    0x20007ca8   Section     1024  startup_stm32f446xx.o(STACK)
    __initial_sp                             0x200080a8   Data           0  startup_stm32f446xx.o(STACK)

    Global Symbols

    Symbol Name                              Value     Ov Type        Size  Object(Section)

    BuildAttributes$$THM_ISAv4$E$P$D$K$B$S$7EM$VFPi3$EXTD16$VFPS$VFMA$PE$A:L22UL41UL21$X:L11$S22US41US21$IEEE1$IW$~IW$USESV6$~STKCKD$USESV7$~SHL$OTIME$ROPI$IEEEX$EBA8$UX$STANDARDLIB$REQ8$PRES8$EABIv2 0x00000000   Number         0  anon$$obj.o ABSOLUTE
    __ARM_exceptions_init                     - Undefined Weak Reference
    __alloca_initialize                       - Undefined Weak Reference
    __arm_preinit_                            - Undefined Weak Reference
    __cpp_initialize__aeabi_                  - Undefined Weak Reference
    __cxa_finalize                            - Undefined Weak Reference
    __rt_locale                               - Undefined Weak Reference
    __sigvec_lookup                           - Undefined Weak Reference
    __user_heap_extent                        - Undefined Weak Reference
    _atexit_init                              - Undefined Weak Reference
    _call_atexit_fns                          - Undefined Weak Reference
    _clock_init                               - Undefined Weak Reference
    _fp_trap_init                             - Undefined Weak Reference
    _fp_trap_shutdown                         - Undefined Weak Reference
    _get_lc_collate                           - Undefined Weak Reference
    _get_lc_ctype                             - Undefined Weak Reference
    _get_lc_monetary                          - Undefined Weak Reference
    _get_lc_numeric                           - Undefined Weak Reference
    _get_lc_time                              - Undefined Weak Reference
    _getenv_init                              - Undefined Weak Reference
    _handle_redirection                       - Undefined Weak Reference
    _initio                                   - Undefined Weak Reference
    _mutex_acquire                            - Undefined Weak Reference
    _mutex_free                               - Undefined Weak Reference
    _mutex_release                            - Undefined Weak Reference
    _rand_init                                - Undefined Weak Reference
    _signal_finish                            - Undefined Weak Reference
    _signal_init                              - Undefined Weak Reference
    _terminateio                              - Undefined Weak Reference
    __Vectors_Size                           0x000001c4   Number         0  startup_stm32f446xx.o ABSOLUTE
    __Vectors                                0x08000000   Data           4  startup_stm32f446xx.o(RESET)
    __Vectors_End                            0x080001c4   Data           0  startup_stm32f446xx.o(RESET)
    __main                                   0x080001c5   Thumb Code     8  __main.o(!!!main)
    __scatterload                            0x080001cd   Thumb Code     0  __scatter.o(!!!scatter)
    __scatterload_rt2                        0x080001cd   Thumb Code    44  __scatter.o(!!!scatter)
    __scatterload_rt2_thumb_only             0x080001cd   Thumb Code     0  __scatter.o(!!!scatter)
    __scatterload_null                       0x080001db   Thumb Code     0  __scatter.o(!!!scatter)
    __decompress                             0x08000201   Thumb Code    90  __dczerorl2.o(!!dczerorl2)
    __decompress1                            0x08000201   Thumb Code     0  __dczerorl2.o(!!dczerorl2)
    __scatterload_zeroinit                   0x0800025d   Thumb Code    28  __scatter_zi.o(!!handler_zi)
    __rt_lib_init                            0x08000279   Thumb Code     0  libinit.o(.ARM.Collect$$libinit$$00000000)
    __rt_lib_init_fp_1                       0x0800027b   Thumb Code     0  libinit2.o(.ARM.Collect$$libinit$$00000001)
    __rt_lib_init_heap_2                     0x0800027f   Thumb Code     0  libinit2.o(.ARM.Collect$$libinit$$00000005)
    __rt_lib_init_preinit_1                  0x0800027f   Thumb Code     0  libinit2.o(.ARM.Collect$$libinit$$00000004)
    __rt_lib_init_alloca_1                   0x08000287   Thumb Code     0  libinit2.o(.ARM.Collect$$libinit$$0000002E)
    __rt_lib_init_argv_1                     0x08000287   Thumb Code     0  libinit2.o(.ARM.Collect$$libinit$$0000002C)
    __rt_lib_init_atexit_1                   0x08000287   Thumb Code     0  libinit2.o(.ARM.Collect$$libinit$$0000001B)
    __rt_lib_init_clock_1                    0x08000287   Thumb Code     0  libinit2.o(.ARM.Collect$$libinit$$00000021)
    __rt_lib_init_cpp_1                      0x08000287   Thumb Code     0  libinit2.o(.ARM.Collect$$libinit$$00000032)
    __rt_lib_init_exceptions_1               0x08000287   Thumb Code     0  libinit2.o(.ARM.Collect$$libinit$$00000030)
    __rt_lib_init_fp_trap_1                  0x08000287   Thumb Code     0  libinit2.o(.ARM.Collect$$libinit$$0000001F)
    __rt_lib_init_getenv_1                   0x08000287   Thumb Code     0  libinit2.o(.ARM.Collect$$libinit$$00000023)
    __rt_lib_init_heap_1                     0x08000287   Thumb Code     0  libinit2.o(.ARM.Collect$$libinit$$0000000A)
    __rt_lib_init_lc_collate_1               0x08000287   Thumb Code     0  libinit2.o(.ARM.Collect$$libinit$$00000011)
    __rt_lib_init_lc_ctype_1                 0x08000287   Thumb Code     0  libinit2.o(.ARM.Collect$$libinit$$00000013)
    __rt_lib_init_lc_monetary_1              0x08000287   Thumb Code     0  libinit2.o(.ARM.Collect$$libinit$$00000015)
    __rt_lib_init_lc_numeric_1               0x08000287   Thumb Code     0  libinit2.o(.ARM.Collect$$libinit$$00000017)
    __rt_lib_init_lc_time_1                  0x08000287   Thumb Code     0  libinit2.o(.ARM.Collect$$libinit$$00000019)
    __rt_lib_init_rand_1                     0x08000287   Thumb Code     0  libinit2.o(.ARM.Collect$$libinit$$0000000E)
    __rt_lib_init_return                     0x08000287   Thumb Code     0  libinit2.o(.ARM.Collect$$libinit$$00000033)
    __rt_lib_init_signal_1                   0x08000287   Thumb Code     0  libinit2.o(.ARM.Collect$$libinit$$0000001D)
    __rt_lib_init_stdio_1                    0x08000287   Thumb Code     0  libinit2.o(.ARM.Collect$$libinit$$00000025)
    __rt_lib_init_user_alloc_1               0x08000287   Thumb Code     0  libinit2.o(.ARM.Collect$$libinit$$0000000C)
    __rt_lib_shutdown                        0x08000289   Thumb Code     0  libshutdown.o(.ARM.Collect$$libshutdown$$00000000)
    __rt_lib_shutdown_cpp_1                  0x0800028b   Thumb Code     0  libshutdown2.o(.ARM.Collect$$libshutdown$$00000002)
    __rt_lib_shutdown_fp_trap_1              0x0800028b   Thumb Code     0  libshutdown2.o(.ARM.Collect$$libshutdown$$00000007)
    __rt_lib_shutdown_heap_1                 0x0800028b   Thumb Code     0  libshutdown2.o(.ARM.Collect$$libshutdown$$0000000F)
    __rt_lib_shutdown_return                 0x0800028b   Thumb Code     0  libshutdown2.o(.ARM.Collect$$libshutdown$$00000010)
    __rt_lib_shutdown_signal_1               0x0800028b   Thumb Code     0  libshutdown2.o(.ARM.Collect$$libshutdown$$0000000A)
    __rt_lib_shutdown_stdio_1                0x0800028b   Thumb Code     0  libshutdown2.o(.ARM.Collect$$libshutdown$$00000004)
    __rt_lib_shutdown_user_alloc_1           0x0800028b   Thumb Code     0  libshutdown2.o(.ARM.Collect$$libshutdown$$0000000C)
    __rt_entry                               0x0800028d   Thumb Code     0  __rtentry.o(.ARM.Collect$$rtentry$$00000000)
    __rt_entry_presh_1                       0x0800028d   Thumb Code     0  __rtentry2.o(.ARM.Collect$$rtentry$$00000002)
    __rt_entry_sh                            0x0800028d   Thumb Code     0  __rtentry4.o(.ARM.Collect$$rtentry$$00000004)
    __rt_entry_li                            0x08000293   Thumb Code     0  __rtentry2.o(.ARM.Collect$$rtentry$$0000000A)
    __rt_entry_postsh_1                      0x08000293   Thumb Code     0  __rtentry2.o(.ARM.Collect$$rtentry$$00000009)
    __rt_entry_main                          0x08000297   Thumb Code     0  __rtentry2.o(.ARM.Collect$$rtentry$$0000000D)
    __rt_entry_postli_1                      0x08000297   Thumb Code     0  __rtentry2.o(.ARM.Collect$$rtentry$$0000000C)
    __rt_exit                                0x0800029f   Thumb Code     0  rtexit.o(.ARM.Collect$$rtexit$$00000000)
    __rt_exit_ls                             0x080002a1   Thumb Code     0  rtexit2.o(.ARM.Collect$$rtexit$$00000003)
    __rt_exit_prels_1                        0x080002a1   Thumb Code     0  rtexit2.o(.ARM.Collect$$rtexit$$00000002)
    __rt_exit_exit                           0x080002a5   Thumb Code     0  rtexit2.o(.ARM.Collect$$rtexit$$00000004)
    Reset_Handler                            0x080002ad   Thumb Code     8  startup_stm32f446xx.o(.text)
    NMI_Handler                              0x080002b5   Thumb Code     2  startup_stm32f446xx.o(.text)
    HardFault_Handler                        0x080002b7   Thumb Code     2  startup_stm32f446xx.o(.text)
    MemManage_Handler                        0x080002b9   Thumb Code     2  startup_stm32f446xx.o(.text)
    BusFault_Handler                         0x080002bb   Thumb Code     2  startup_stm32f446xx.o(.text)
    UsageFault_Handler                       0x080002bd   Thumb Code     2  startup_stm32f446xx.o(.text)
    SVC_Handler                              0x080002bf   Thumb Code     2  startup_stm32f446xx.o(.text)
    DebugMon_Handler                         0x080002c1   Thumb Code     2  startup_stm32f446xx.o(.text)
    PendSV_Handler                           0x080002c3   Thumb Code     2  startup_stm32f446xx.o(.text)
    SysTick_Handler                          0x080002c5   Thumb Code     2  startup_stm32f446xx.o(.text)
    ADC_IRQHandler                           0x080002c7   Thumb Code     0  startup_stm32f446xx.o(.text)
    CAN1_RX0_IRQHandler                      0x080002c7   Thumb Code     0  startup_stm32f446xx.o(.text)
    CAN1_RX1_IRQHandler                      0x080002c7   Thumb Code     0  startup_stm32f446xx.o(.text)
    CAN1_SCE_IRQHandler                      0x080002c7   Thumb Code     0  startup_stm32f446xx.o(.text)
    CAN1_TX_IRQHandler                       0x080002c7   Thumb Code     0  startup_stm32f446xx.o(.text)
    CAN2_RX0_IRQHandler                      0x080002c7   Thumb Code     0  startup_stm32f446xx.o(.text)
    CAN2_RX1_IRQHandler                      0x080002c7   Thumb Code     0  startup_stm32f446xx.o(.text)
    CAN2_SCE_IRQHandler                      0x080002c7   Thumb Code     0  startup_stm32f446xx.o(.text)
    CAN2_TX_IRQHandler                       0x080002c7   Thumb Code     0  startup_stm32f446xx.o(.text)
    CEC_IRQHandler                           0x080002c7   Thumb Code     0  startup_stm32f446xx.o(.text)
    DCMI_IRQHandler                          0x080002c7   Thumb Code     0  startup_stm32f446xx.o(.text)
    DMA1_Stream0_IRQHandler                  0x080002c7   Thumb Code     0  startup_stm32f446xx.o(.text)
    DMA1_Stream1_IRQHandler                  0x080002c7   Thumb Code     0  startup_stm32f446xx.o(.text)
    DMA1_Stream2_IRQHandler                  0x080002c7   Thumb Code     0  startup_stm32f446xx.o(.text)
    DMA1_Stream3_IRQHandler                  0x080002c7   Thumb Code     0  startup_stm32f446xx.o(.text)
    DMA1_Stream4_IRQHandler                  0x080002c7   Thumb Code     0  startup_stm32f446xx.o(.text)
    DMA1_Stream5_IRQHandler                  0x080002c7   Thumb Code     0  startup_stm32f446xx.o(.text)
    DMA1_Stream6_IRQHandler                  0x080002c7   Thumb Code     0  startup_stm32f446xx.o(.text)
    DMA1_Stream7_IRQHandler                  0x080002c7   Thumb Code     0  startup_stm32f446xx.o(.text)
    DMA2_Stream0_IRQHandler                  0x080002c7   Thumb Code     0  startup_stm32f446xx.o(.text)
    DMA2_Stream1_IRQHandler                  0x080002c7   Thumb Code     0  startup_stm32f446xx.o(.text)
    DMA2_Stream2_IRQHandler                  0x080002c7   Thumb Code     0  startup_stm32f446xx.o(.text)
    DMA2_Stream3_IRQHandler                  0x080002c7   Thumb Code     0  startup_stm32f446xx.o(.text)
    DMA2_Stream4_IRQHandler                  0x080002c7   Thumb Code     0  startup_stm32f446xx.o(.text)
    DMA2_Stream5_IRQHandler                  0x080002c7   Thumb Code     0  startup_stm32f446xx.o(.text)
    DMA2_Stream6_IRQHandler                  0x080002c7   Thumb Code     0  startup_stm32f446xx.o(.text)
    DMA2_Stream7_IRQHandler                  0x080002c7   Thumb Code     0  startup_stm32f446xx.o(.text)
    EXTI0_IRQHandler                         0x080002c7   Thumb Code     0  startup_stm32f446xx.o(.text)
    EXTI15_10_IRQHandler                     0x080002c7   Thumb Code     0  startup_stm32f446xx.o(.text)
    EXTI1_IRQHandler                         0x080002c7   Thumb Code     0  startup_stm32f446xx.o(.text)
    EXTI2_IRQHandler                         0x080002c7   Thumb Code     0  startup_stm32f446xx.o(.text)
    EXTI3_IRQHandler                         0x080002c7   Thumb Code     0  startup_stm32f446xx.o(.text)
    EXTI4_IRQHandler                         0x080002c7   Thumb Code     0  startup_stm32f446xx.o(.text)
    EXTI9_5_IRQHandler                       0x080002c7   Thumb Code     0  startup_stm32f446xx.o(.text)
    FLASH_IRQHandler                         0x080002c7   Thumb Code     0  startup_stm32f446xx.o(.text)
    FMC_IRQHandler                           0x080002c7   Thumb Code     0  startup_stm32f446xx.o(.text)
    FMPI2C1_ER_IRQHandler                    0x080002c7   Thumb Code     0  startup_stm32f446xx.o(.text)
    FMPI2C1_EV_IRQHandler                    0x080002c7   Thumb Code     0  startup_stm32f446xx.o(.text)
    FPU_IRQHandler                           0x080002c7   Thumb Code     0  startup_stm32f446xx.o(.text)
    I2C1_ER_IRQHandler                       0x080002c7   Thumb Code     0  startup_stm32f446xx.o(.text)
    I2C1_EV_IRQHandler                       0x080002c7   Thumb Code     0  startup_stm32f446xx.o(.text)
    I2C2_ER_IRQHandler                       0x080002c7   Thumb Code     0  startup_stm32f446xx.o(.text)
    I2C2_EV_IRQHandler                       0x080002c7   Thumb Code     0  startup_stm32f446xx.o(.text)
    I2C3_ER_IRQHandler                       0x080002c7   Thumb Code     0  startup_stm32f446xx.o(.text)
    I2C3_EV_IRQHandler                       0x080002c7   Thumb Code     0  startup_stm32f446xx.o(.text)
    OTG_FS_IRQHandler                        0x080002c7   Thumb Code     0  startup_stm32f446xx.o(.text)
    OTG_FS_WKUP_IRQHandler                   0x080002c7   Thumb Code     0  startup_stm32f446xx.o(.text)
    OTG_HS_EP1_IN_IRQHandler                 0x080002c7   Thumb Code     0  startup_stm32f446xx.o(.text)
    OTG_HS_EP1_OUT_IRQHandler                0x080002c7   Thumb Code     0  startup_stm32f446xx.o(.text)
    OTG_HS_IRQHandler                        0x080002c7   Thumb Code     0  startup_stm32f446xx.o(.text)
    OTG_HS_WKUP_IRQHandler                   0x080002c7   Thumb Code     0  startup_stm32f446xx.o(.text)
    PVD_IRQHandler                           0x080002c7   Thumb Code     0  startup_stm32f446xx.o(.text)
    QUADSPI_IRQHandler                       0x080002c7   Thumb Code     0  startup_stm32f446xx.o(.text)
    RCC_IRQHandler                           0x080002c7   Thumb Code     0  startup_stm32f446xx.o(.text)
    RTC_Alarm_IRQHandler                     0x080002c7   Thumb Code     0  startup_stm32f446xx.o(.text)
    RTC_WKUP_IRQHandler                      0x080002c7   Thumb Code     0  startup_stm32f446xx.o(.text)
    SAI1_IRQHandler                          0x080002c7   Thumb Code     0  startup_stm32f446xx.o(.text)
    SAI2_IRQHandler                          0x080002c7   Thumb Code     0  startup_stm32f446xx.o(.text)
    SDIO_IRQHandler                          0x080002c7   Thumb Code     0  startup_stm32f446xx.o(.text)
    SPDIF_RX_IRQHandler                      0x080002c7   Thumb Code     0  startup_stm32f446xx.o(.text)
    SPI1_IRQHandler                          0x080002c7   Thumb Code     0  startup_stm32f446xx.o(.text)
    SPI2_IRQHandler                          0x080002c7   Thumb Code     0  startup_stm32f446xx.o(.text)
    SPI3_IRQHandler                          0x080002c7   Thumb Code     0  startup_stm32f446xx.o(.text)
    SPI4_IRQHandler                          0x080002c7   Thumb Code     0  startup_stm32f446xx.o(.text)
    TAMP_STAMP_IRQHandler                    0x080002c7   Thumb Code     0  startup_stm32f446xx.o(.text)
    TIM1_BRK_TIM9_IRQHandler                 0x080002c7   Thumb Code     0  startup_stm32f446xx.o(.text)
    TIM1_CC_IRQHandler                       0x080002c7   Thumb Code     0  startup_stm32f446xx.o(.text)
    TIM1_TRG_COM_TIM11_IRQHandler            0x080002c7   Thumb Code     0  startup_stm32f446xx.o(.text)
    TIM1_UP_TIM10_IRQHandler                 0x080002c7   Thumb Code     0  startup_stm32f446xx.o(.text)
    TIM4_IRQHandler                          0x080002c7   Thumb Code     0  startup_stm32f446xx.o(.text)
    TIM5_IRQHandler                          0x080002c7   Thumb Code     0  startup_stm32f446xx.o(.text)
    TIM6_DAC_IRQHandler                      0x080002c7   Thumb Code     0  startup_stm32f446xx.o(.text)
    TIM7_IRQHandler                          0x080002c7   Thumb Code     0  startup_stm32f446xx.o(.text)
    TIM8_BRK_TIM12_IRQHandler                0x080002c7   Thumb Code     0  startup_stm32f446xx.o(.text)
    TIM8_CC_IRQHandler                       0x080002c7   Thumb Code     0  startup_stm32f446xx.o(.text)
    TIM8_TRG_COM_TIM14_IRQHandler            0x080002c7   Thumb Code     0  startup_stm32f446xx.o(.text)
    TIM8_UP_TIM13_IRQHandler                 0x080002c7   Thumb Code     0  startup_stm32f446xx.o(.text)
    UART4_IRQHandler                         0x080002c7   Thumb Code     0  startup_stm32f446xx.o(.text)
    UART5_IRQHandler                         0x080002c7   Thumb Code     0  startup_stm32f446xx.o(.text)
    USART1_IRQHandler                        0x080002c7   Thumb Code     0  startup_stm32f446xx.o(.text)
    USART3_IRQHandler                        0x080002c7   Thumb Code     0  startup_stm32f446xx.o(.text)
    USART6_IRQHandler                        0x080002c7   Thumb Code     0  startup_stm32f446xx.o(.text)
    WWDG_IRQHandler                          0x080002c7   Thumb Code     0  startup_stm32f446xx.o(.text)
    __user_initial_stackheap                 0x080002c9   Thumb Code     0  startup_stm32f446xx.o(.text)
    __aeabi_memcpy                           0x080002ed   Thumb Code     0  rt_memcpy_v6.o(.text)
    __rt_memcpy                              0x080002ed   Thumb Code   138  rt_memcpy_v6.o(.text)
    _memcpy_lastbytes                        0x08000353   Thumb Code     0  rt_memcpy_v6.o(.text)
    __aeabi_memcpy4                          0x08000377   Thumb Code     0  rt_memcpy_w.o(.text)
    __aeabi_memcpy8                          0x08000377   Thumb Code     0  rt_memcpy_w.o(.text)
    __rt_memcpy_w                            0x08000377   Thumb Code   100  rt_memcpy_w.o(.text)
    _memcpy_lastbytes_aligned                0x080003bf   Thumb Code     0  rt_memcpy_w.o(.text)
    __aeabi_memclr                           0x080003db   Thumb Code     0  rt_memclr.o(.text)
    __rt_memclr                              0x080003db   Thumb Code     0  rt_memclr.o(.text)
    _memset                                  0x080003df   Thumb Code    64  rt_memclr.o(.text)
    __aeabi_memclr4                          0x0800041f   Thumb Code     0  rt_memclr_w.o(.text)
    __aeabi_memclr8                          0x0800041f   Thumb Code     0  rt_memclr_w.o(.text)
    __rt_memclr_w                            0x0800041f   Thumb Code     0  rt_memclr_w.o(.text)
    _memset_w                                0x08000423   Thumb Code    74  rt_memclr_w.o(.text)
    __use_two_region_memory                  0x0800046d   Thumb Code     2  heapauxi.o(.text)
    __rt_heap_escrow                         0x0800046f   Thumb Code     2  heapauxi.o(.text)
    __rt_heap_expand                         0x08000471   Thumb Code     2  heapauxi.o(.text)
    malloc                                   0x08000473   Thumb Code    94  h1_alloc.o(.text)
    free                                     0x080004d1   Thumb Code    78  h1_free.o(.text)
    __read_errno                             0x0800051f   Thumb Code    10  _rserrno.o(.text)
    __set_errno                              0x08000529   Thumb Code    12  _rserrno.o(.text)
    _sys_exit                                0x08000535   Thumb Code     8  sys_exit.o(.text)
    __rt_heap_descriptor                     0x08000541   Thumb Code     8  rt_heap_descriptor_intlibspace.o(.text)
    __aeabi_errno_addr                       0x08000549   Thumb Code     8  rt_errno_addr_intlibspace.o(.text)
    __errno$intlibspace                      0x08000549   Thumb Code     0  rt_errno_addr_intlibspace.o(.text)
    __rt_errno_addr$intlibspace              0x08000549   Thumb Code     0  rt_errno_addr_intlibspace.o(.text)
    __use_no_heap                            0x08000551   Thumb Code     2  hguard.o(.text)
    __heap$guard                             0x08000553   Thumb Code     2  hguard.o(.text)
    _terminate_user_alloc                    0x08000555   Thumb Code     2  init_alloc.o(.text)
    _init_user_alloc                         0x08000557   Thumb Code     2  init_alloc.o(.text)
    __Heap_Full                              0x08000559   Thumb Code    34  init_alloc.o(.text)
    __Heap_Broken                            0x0800057b   Thumb Code     6  init_alloc.o(.text)
    _init_alloc                              0x08000581   Thumb Code    94  init_alloc.o(.text)
    __Heap_Initialize                        0x080005df   Thumb Code    10  h1_init.o(.text)
    __Heap_DescSize                          0x080005e9   Thumb Code     4  h1_init.o(.text)
    __user_libspace                          0x080005ed   Thumb Code     8  libspace.o(.text)
    __user_perproc_libspace                  0x080005ed   Thumb Code     0  libspace.o(.text)
    __user_perthread_libspace                0x080005ed   Thumb Code     0  libspace.o(.text)
    __I$use$semihosting                      0x080005f5   Thumb Code     0  use_no_semi.o(.text)
    __use_no_semihosting_swi                 0x080005f5   Thumb Code     2  use_no_semi.o(.text)
    __semihosting_library_function           0x080005f7   Thumb Code     0  indicate_semi.o(.text)
    __user_setup_stackheap                   0x080005f7   Thumb Code    74  sys_stackheap_outer.o(.text)
    __Heap_ProvideMemory                     0x08000641   Thumb Code    52  h1_extend.o(.text)
    _maybe_terminate_alloc                   0x08000641   Thumb Code     0  maybetermalloc1.o(.text)
    exit                                     0x08000675   Thumb Code    18  exit.o(.text)
    __sig_exit                               0x08000687   Thumb Code    10  defsig_exit.o(.text)
    __rt_SIGRTMEM                            0x08000691   Thumb Code    14  defsig_rtmem_outer.o(.text)
    __default_signal_display                 0x0800069f   Thumb Code    50  defsig_general.o(.text)
    __rt_SIGRTMEM_inner                      0x080006d1   Thumb Code    22  defsig_rtmem_inner.o(.text)
    _ttywrch                                 0x08000721   Thumb Code    14  sys_wrch.o(.text)
    SystemCoreClockUpdate                    0x08000731   Thumb Code   124  system_stm32f4xx.o(.text.SystemCoreClockUpdate)
    SystemInit                               0x080007ad   Thumb Code    18  system_stm32f4xx.o(.text.SystemInit)
    TIM2_IRQHandler                          0x080007c1   Thumb Code   198  isr.o(.text.TIM2_IRQHandler)
    TIM3_IRQHandler                          0x08000889   Thumb Code   106  isr.o(.text.TIM3_IRQHandler)
    USART2_IRQHandler                        0x080008f5   Thumb Code    96  isr.o(.text.USART2_IRQHandler)
    VGABlankScreen                           0x08000955   Thumb Code    12  vga.o(.text.VGABlankScreen)
    VGACreateFrame                           0x08000961   Thumb Code    34  vga.o(.text.VGACreateFrame)
    VGADrawRect                              0x08000985   Thumb Code   734  vga.o(.text.VGADrawRect)
    VGAPutChar                               0x08000c65   Thumb Code   470  vga.o(.text.VGAPutChar)
    VGApx                                    0x08000e3d   Thumb Code   120  vga.o(.text.VGApx)
    drawSmallClock(int, int)                 0x08000eb5   Thumb Code   548  draw.o(.text._Z14drawSmallClockii)
    drawTime(int, int, bool)                 0x080010d9   Thumb Code   126  draw.o(.text._Z8drawTimeiib)
    std::get_new_handler()                   0x08001157   Thumb Code    12  cxa_handlers.cpp.o(.text._ZSt15get_new_handlerv)
    operator delete(void*)                   0x08001163   Thumb Code     4  new.cpp.o(.text._ZdlPv)
    operator new(unsigned int)               0x08001169   Thumb Code    38  new.cpp.o(.text._Znwj)
    arm_cos_f32                              0x08001191   Thumb Code   152  fastmathfunctions.o(.text.arm_cos_f32)
    arm_sin_f32                              0x08001229   Thumb Code   144  fastmathfunctions.o(.text.arm_sin_f32)
    getTimeBcd                               0x080012b9   Thumb Code    58  drivers.o(.text.getTimeBcd)
    getTimeNum                               0x080012f5   Thumb Code    76  drivers.o(.text.getTimeNum)
    main                                     0x08001341   Thumb Code   516  main.o(.text.main)
    startup                                  0x08001565   Thumb Code  1552  drivers.o(.text.startup)
    __ARM_fpclassifyf                        0x08001b75   Thumb Code    38  fpclassifyf.o(i.__ARM_fpclassifyf)
    __hardfp_cosf                            0x08001b9d   Thumb Code   280  cosf.o(i.__hardfp_cosf)
    __hardfp_sinf                            0x08001ced   Thumb Code   344  sinf.o(i.__hardfp_sinf)
    __mathlib_flt_infnan                     0x08001e7d   Thumb Code     6  funder.o(i.__mathlib_flt_infnan)
    __mathlib_flt_invalid                    0x08001e85   Thumb Code    10  funder.o(i.__mathlib_flt_invalid)
    __mathlib_flt_underflow                  0x08001e95   Thumb Code    10  funder.o(i.__mathlib_flt_underflow)
    __mathlib_rredf2                         0x08001ea5   Thumb Code   316  rredf.o(i.__mathlib_rredf2)
    _fp_init                                 0x08001ff9   Thumb Code    26  fpinit.o(x$fpl$fpinit)
    __fplib_config_fpu_vfp                   0x08002011   Thumb Code     0  fpinit.o(x$fpl$fpinit)
    __fplib_config_pureend_doubles           0x08002011   Thumb Code     0  fpinit.o(x$fpl$fpinit)
    __I$use$fp                               0x08002012   Number         0  usenofp.o(x$fpl$usenofp)
    AHBPrescTable                            0x08002034   Data          16  system_stm32f4xx.o(.rodata.AHBPrescTable)
    sinTable_f32                             0x08002044   Data        2052  commontables.o(.rodata.sinTable_f32)
    Region$$Table$$Base                      0x08002848   Number         0  anon$$obj.o(Region$$Table)
    Region$$Table$$Limit                     0x08002868   Number         0  anon$$obj.o(Region$$Table)
    vgaBuffNext                              0x20000000   Data           4  main.o(.data..L_MergedGlobals)
    vgaNextScreenBuff                        0x20000004   Data           4  main.o(.data..L_MergedGlobals)
    SystemCoreClock                          0x20000008   Data           4  system_stm32f4xx.o(.data.SystemCoreClock)
    vgaChar                                  0x2000000c   Data         380  vga.o(.data.vgaChar)
    vgaChar_0                                0x20000188   Data           8  vga.o(.data.vgaChar_0)
    vgaChar_1                                0x20000190   Data           8  vga.o(.data.vgaChar_1)
    vgaChar_2                                0x20000198   Data           8  vga.o(.data.vgaChar_2)
    vgaChar_3                                0x200001a0   Data           8  vga.o(.data.vgaChar_3)
    vgaChar_4                                0x200001a8   Data           8  vga.o(.data.vgaChar_4)
    vgaChar_5                                0x200001b0   Data           8  vga.o(.data.vgaChar_5)
    vgaChar_6                                0x200001b8   Data           8  vga.o(.data.vgaChar_6)
    vgaChar_7                                0x200001c0   Data           8  vga.o(.data.vgaChar_7)
    vgaChar_8                                0x200001c8   Data           8  vga.o(.data.vgaChar_8)
    vgaChar_9                                0x200001d0   Data           8  vga.o(.data.vgaChar_9)
    vgaChar_A                                0x200001d8   Data           8  vga.o(.data.vgaChar_A)
    vgaChar_B                                0x200001e0   Data           8  vga.o(.data.vgaChar_B)
    vgaChar_C                                0x200001e8   Data           8  vga.o(.data.vgaChar_C)
    vgaChar_D                                0x200001f0   Data           8  vga.o(.data.vgaChar_D)
    vgaChar_E                                0x200001f8   Data           8  vga.o(.data.vgaChar_E)
    vgaChar_F                                0x20000200   Data           8  vga.o(.data.vgaChar_F)
    vgaChar_G                                0x20000208   Data           8  vga.o(.data.vgaChar_G)
    vgaChar_H                                0x20000210   Data           8  vga.o(.data.vgaChar_H)
    vgaChar_I                                0x20000218   Data           8  vga.o(.data.vgaChar_I)
    vgaChar_J                                0x20000220   Data           8  vga.o(.data.vgaChar_J)
    vgaChar_K                                0x20000228   Data           8  vga.o(.data.vgaChar_K)
    vgaChar_L                                0x20000230   Data           8  vga.o(.data.vgaChar_L)
    vgaChar_M                                0x20000238   Data           8  vga.o(.data.vgaChar_M)
    vgaChar_N                                0x20000240   Data           8  vga.o(.data.vgaChar_N)
    vgaChar_O                                0x20000248   Data           8  vga.o(.data.vgaChar_O)
    vgaChar_P                                0x20000250   Data           8  vga.o(.data.vgaChar_P)
    vgaChar_Q                                0x20000258   Data           8  vga.o(.data.vgaChar_Q)
    vgaChar_R                                0x20000260   Data           8  vga.o(.data.vgaChar_R)
    vgaChar_S                                0x20000268   Data           8  vga.o(.data.vgaChar_S)
    vgaChar_T                                0x20000270   Data           8  vga.o(.data.vgaChar_T)
    vgaChar_U                                0x20000278   Data           8  vga.o(.data.vgaChar_U)
    vgaChar_V                                0x20000280   Data           8  vga.o(.data.vgaChar_V)
    vgaChar_W                                0x20000288   Data           8  vga.o(.data.vgaChar_W)
    vgaChar_X                                0x20000290   Data           8  vga.o(.data.vgaChar_X)
    vgaChar_Y                                0x20000298   Data           8  vga.o(.data.vgaChar_Y)
    vgaChar_Z                                0x200002a0   Data           8  vga.o(.data.vgaChar_Z)
    vgaChar_a                                0x200002a8   Data           8  vga.o(.data.vgaChar_a)
    vgaChar_accolade1                        0x200002b0   Data           8  vga.o(.data.vgaChar_accolade1)
    vgaChar_accolade2                        0x200002b8   Data           8  vga.o(.data.vgaChar_accolade2)
    vgaChar_appostrophe                      0x200002c0   Data           8  vga.o(.data.vgaChar_appostrophe)
    vgaChar_arobas                           0x200002c8   Data           8  vga.o(.data.vgaChar_arobas)
    vgaChar_asterix                          0x200002d0   Data           8  vga.o(.data.vgaChar_asterix)
    vgaChar_b                                0x200002d8   Data           8  vga.o(.data.vgaChar_b)
    vgaChar_backslash                        0x200002e0   Data           8  vga.o(.data.vgaChar_backslash)
    vgaChar_bar                              0x200002e8   Data           8  vga.o(.data.vgaChar_bar)
    vgaChar_c                                0x200002f0   Data           8  vga.o(.data.vgaChar_c)
    vgaChar_circonflexe                      0x200002f8   Data           8  vga.o(.data.vgaChar_circonflexe)
    vgaChar_colon                            0x20000300   Data           8  vga.o(.data.vgaChar_colon)
    vgaChar_crochet                          0x20000308   Data           8  vga.o(.data.vgaChar_crochet)
    vgaChar_d                                0x20000310   Data           8  vga.o(.data.vgaChar_d)
    vgaChar_dollar                           0x20000318   Data           8  vga.o(.data.vgaChar_dollar)
    vgaChar_dot                              0x20000320   Data           8  vga.o(.data.vgaChar_dot)
    vgaChar_e                                0x20000328   Data           8  vga.o(.data.vgaChar_e)
    vgaChar_eperlu                           0x20000330   Data           8  vga.o(.data.vgaChar_eperlu)
    vgaChar_equal                            0x20000338   Data           8  vga.o(.data.vgaChar_equal)
    vgaChar_exclamation                      0x20000340   Data           8  vga.o(.data.vgaChar_exclamation)
    vgaChar_f                                0x20000348   Data           8  vga.o(.data.vgaChar_f)
    vgaChar_g                                0x20000350   Data           8  vga.o(.data.vgaChar_g)
    vgaChar_h                                0x20000358   Data           8  vga.o(.data.vgaChar_h)
    vgaChar_hash                             0x20000360   Data           8  vga.o(.data.vgaChar_hash)
    vgaChar_i                                0x20000368   Data           8  vga.o(.data.vgaChar_i)
    vgaChar_j                                0x20000370   Data           8  vga.o(.data.vgaChar_j)
    vgaChar_k                                0x20000378   Data           8  vga.o(.data.vgaChar_k)
    vgaChar_l                                0x20000380   Data           8  vga.o(.data.vgaChar_l)
    vgaChar_less                             0x20000388   Data           8  vga.o(.data.vgaChar_less)
    vgaChar_m                                0x20000390   Data           8  vga.o(.data.vgaChar_m)
    vgaChar_minus                            0x20000398   Data           8  vga.o(.data.vgaChar_minus)
    vgaChar_more                             0x200003a0   Data           8  vga.o(.data.vgaChar_more)
    vgaChar_n                                0x200003a8   Data           8  vga.o(.data.vgaChar_n)
    vgaChar_neg                              0x200003b0   Data           8  vga.o(.data.vgaChar_neg)
    vgaChar_o                                0x200003b8   Data           8  vga.o(.data.vgaChar_o)
    vgaChar_p                                0x200003c0   Data           8  vga.o(.data.vgaChar_p)
    vgaChar_par1                             0x200003c8   Data           8  vga.o(.data.vgaChar_par1)
    vgaChar_par2                             0x200003d0   Data           8  vga.o(.data.vgaChar_par2)
    vgaChar_plus                             0x200003d8   Data           8  vga.o(.data.vgaChar_plus)
    vgaChar_purcent                          0x200003e0   Data           8  vga.o(.data.vgaChar_purcent)
    vgaChar_q                                0x200003e8   Data           8  vga.o(.data.vgaChar_q)
    vgaChar_question                         0x200003f0   Data           8  vga.o(.data.vgaChar_question)
    vgaChar_r                                0x200003f8   Data           8  vga.o(.data.vgaChar_r)
    vgaChar_s                                0x20000400   Data           8  vga.o(.data.vgaChar_s)
    vgaChar_semicolon                        0x20000408   Data           8  vga.o(.data.vgaChar_semicolon)
    vgaChar_slash                            0x20000410   Data           8  vga.o(.data.vgaChar_slash)
    vgaChar_sqrt1                            0x20000418   Data           8  vga.o(.data.vgaChar_sqrt1)
    vgaChar_sqrt2                            0x20000420   Data           8  vga.o(.data.vgaChar_sqrt2)
    vgaChar_t                                0x20000428   Data           8  vga.o(.data.vgaChar_t)
    vgaChar_twoDots                          0x20000430   Data           8  vga.o(.data.vgaChar_twoDots)
    vgaChar_u                                0x20000438   Data           8  vga.o(.data.vgaChar_u)
    vgaChar_underscore                       0x20000440   Data           8  vga.o(.data.vgaChar_underscore)
    vgaChar_v                                0x20000448   Data           8  vga.o(.data.vgaChar_v)
    vgaChar_w                                0x20000450   Data           8  vga.o(.data.vgaChar_w)
    vgaChar_x                                0x20000458   Data           8  vga.o(.data.vgaChar_x)
    vgaChar_y                                0x20000460   Data           8  vga.o(.data.vgaChar_y)
    vgaChar_z                                0x20000468   Data           8  vga.o(.data.vgaChar_z)
    vgaCurrentScreenBuff                     0x20000470   Data           4  main.o(.data.vgaCurrentScreenBuff)
    __libspace_start                         0x20000478   Data          96  libspace.o(.bss)
    __temporary_stack_top$libspace           0x200004d8   Data           0  libspace.o(.bss)
    __cxa_new_handler                        0x200004e4   Data           4  cxa_handlers.cpp.o(.bss.__cxa_new_handler)
    uartBuff                                 0x200004e8   Data         128  comport.o(.bss.uartBuff)
    uartRxFlag                               0x20000568   Data           1  main.o(.bss.uartRxFlag)
    vgaChar_space                            0x20000569   Data           8  vga.o(.bss.vgaChar_space)
    vgaFlag                                  0x20000571   Data           1  main.o(.bss.vgaFlag)
    vgaScreenBuff                            0x20000572   Data       15000  main.o(.bss.vgaScreenBuff)
    vgaScreenBuff2                           0x2000400a   Data       15000  main.o(.bss.vgaScreenBuff2)



==============================================================================

Memory Map of the image

  Image Entry point : 0x080002ad

  Load Region LR_1 (Base: 0x08000000, Size: 0x00002cdc, Max: 0xffffffff, ABSOLUTE, COMPRESSED[0x00002b7c])

    Execution Region ER_RO (Exec base: 0x08000000, Load base: 0x08000000, Size: 0x00002868, Max: 0xffffffff, ABSOLUTE)

    Exec Addr    Load Addr    Size         Type   Attr      Idx    E Section Name        Object

    0x08000000   0x08000000   0x000001c4   Data   RO         1748    RESET               startup_stm32f446xx.o
    0x080001c4   0x080001c4   0x00000008   Code   RO         1790  * !!!main             c_w.l(__main.o)
    0x080001cc   0x080001cc   0x00000034   Code   RO         2311    !!!scatter          c_w.l(__scatter.o)
    0x08000200   0x08000200   0x0000005a   Code   RO         2309    !!dczerorl2         c_w.l(__dczerorl2.o)
    0x0800025a   0x0800025a   0x00000002   PAD
    0x0800025c   0x0800025c   0x0000001c   Code   RO         2313    !!handler_zi        c_w.l(__scatter_zi.o)
    0x08000278   0x08000278   0x00000002   Code   RO         2240    .ARM.Collect$$libinit$$00000000  c_w.l(libinit.o)
    0x0800027a   0x0800027a   0x00000004   Code   RO         2135    .ARM.Collect$$libinit$$00000001  c_w.l(libinit2.o)
    0x0800027e   0x0800027e   0x00000000   Code   RO         2138    .ARM.Collect$$libinit$$00000004  c_w.l(libinit2.o)
    0x0800027e   0x0800027e   0x00000008   Code   RO         2139    .ARM.Collect$$libinit$$00000005  c_w.l(libinit2.o)
    0x08000286   0x08000286   0x00000000   Code   RO         2141    .ARM.Collect$$libinit$$0000000A  c_w.l(libinit2.o)
    0x08000286   0x08000286   0x00000000   Code   RO         2143    .ARM.Collect$$libinit$$0000000C  c_w.l(libinit2.o)
    0x08000286   0x08000286   0x00000000   Code   RO         2145    .ARM.Collect$$libinit$$0000000E  c_w.l(libinit2.o)
    0x08000286   0x08000286   0x00000000   Code   RO         2148    .ARM.Collect$$libinit$$00000011  c_w.l(libinit2.o)
    0x08000286   0x08000286   0x00000000   Code   RO         2150    .ARM.Collect$$libinit$$00000013  c_w.l(libinit2.o)
    0x08000286   0x08000286   0x00000000   Code   RO         2152    .ARM.Collect$$libinit$$00000015  c_w.l(libinit2.o)
    0x08000286   0x08000286   0x00000000   Code   RO         2154    .ARM.Collect$$libinit$$00000017  c_w.l(libinit2.o)
    0x08000286   0x08000286   0x00000000   Code   RO         2156    .ARM.Collect$$libinit$$00000019  c_w.l(libinit2.o)
    0x08000286   0x08000286   0x00000000   Code   RO         2158    .ARM.Collect$$libinit$$0000001B  c_w.l(libinit2.o)
    0x08000286   0x08000286   0x00000000   Code   RO         2160    .ARM.Collect$$libinit$$0000001D  c_w.l(libinit2.o)
    0x08000286   0x08000286   0x00000000   Code   RO         2162    .ARM.Collect$$libinit$$0000001F  c_w.l(libinit2.o)
    0x08000286   0x08000286   0x00000000   Code   RO         2164    .ARM.Collect$$libinit$$00000021  c_w.l(libinit2.o)
    0x08000286   0x08000286   0x00000000   Code   RO         2166    .ARM.Collect$$libinit$$00000023  c_w.l(libinit2.o)
    0x08000286   0x08000286   0x00000000   Code   RO         2168    .ARM.Collect$$libinit$$00000025  c_w.l(libinit2.o)
    0x08000286   0x08000286   0x00000000   Code   RO         2172    .ARM.Collect$$libinit$$0000002C  c_w.l(libinit2.o)
    0x08000286   0x08000286   0x00000000   Code   RO         2174    .ARM.Collect$$libinit$$0000002E  c_w.l(libinit2.o)
    0x08000286   0x08000286   0x00000000   Code   RO         2176    .ARM.Collect$$libinit$$00000030  c_w.l(libinit2.o)
    0x08000286   0x08000286   0x00000000   Code   RO         2178    .ARM.Collect$$libinit$$00000032  c_w.l(libinit2.o)
    0x08000286   0x08000286   0x00000002   Code   RO         2179    .ARM.Collect$$libinit$$00000033  c_w.l(libinit2.o)
    0x08000288   0x08000288   0x00000002   Code   RO         2306    .ARM.Collect$$libshutdown$$00000000  c_w.l(libshutdown.o)
    0x0800028a   0x0800028a   0x00000000   Code   RO         2277    .ARM.Collect$$libshutdown$$00000002  c_w.l(libshutdown2.o)
    0x0800028a   0x0800028a   0x00000000   Code   RO         2279    .ARM.Collect$$libshutdown$$00000004  c_w.l(libshutdown2.o)
    0x0800028a   0x0800028a   0x00000000   Code   RO         2282    .ARM.Collect$$libshutdown$$00000007  c_w.l(libshutdown2.o)
    0x0800028a   0x0800028a   0x00000000   Code   RO         2285    .ARM.Collect$$libshutdown$$0000000A  c_w.l(libshutdown2.o)
    0x0800028a   0x0800028a   0x00000000   Code   RO         2287    .ARM.Collect$$libshutdown$$0000000C  c_w.l(libshutdown2.o)
    0x0800028a   0x0800028a   0x00000000   Code   RO         2290    .ARM.Collect$$libshutdown$$0000000F  c_w.l(libshutdown2.o)
    0x0800028a   0x0800028a   0x00000002   Code   RO         2291    .ARM.Collect$$libshutdown$$00000010  c_w.l(libshutdown2.o)
    0x0800028c   0x0800028c   0x00000000   Code   RO         1927    .ARM.Collect$$rtentry$$00000000  c_w.l(__rtentry.o)
    0x0800028c   0x0800028c   0x00000000   Code   RO         2085    .ARM.Collect$$rtentry$$00000002  c_w.l(__rtentry2.o)
    0x0800028c   0x0800028c   0x00000006   Code   RO         2097    .ARM.Collect$$rtentry$$00000004  c_w.l(__rtentry4.o)
    0x08000292   0x08000292   0x00000000   Code   RO         2087    .ARM.Collect$$rtentry$$00000009  c_w.l(__rtentry2.o)
    0x08000292   0x08000292   0x00000004   Code   RO         2088    .ARM.Collect$$rtentry$$0000000A  c_w.l(__rtentry2.o)
    0x08000296   0x08000296   0x00000000   Code   RO         2090    .ARM.Collect$$rtentry$$0000000C  c_w.l(__rtentry2.o)
    0x08000296   0x08000296   0x00000008   Code   RO         2091    .ARM.Collect$$rtentry$$0000000D  c_w.l(__rtentry2.o)
    0x0800029e   0x0800029e   0x00000002   Code   RO         2243    .ARM.Collect$$rtexit$$00000000  c_w.l(rtexit.o)
    0x080002a0   0x080002a0   0x00000000   Code   RO         2264    .ARM.Collect$$rtexit$$00000002  c_w.l(rtexit2.o)
    0x080002a0   0x080002a0   0x00000004   Code   RO         2265    .ARM.Collect$$rtexit$$00000003  c_w.l(rtexit2.o)
    0x080002a4   0x080002a4   0x00000006   Code   RO         2266    .ARM.Collect$$rtexit$$00000004  c_w.l(rtexit2.o)
    0x080002aa   0x080002aa   0x00000002   PAD
    0x080002ac   0x080002ac   0x00000040   Code   RO         1749  * .text               startup_stm32f446xx.o
    0x080002ec   0x080002ec   0x0000008a   Code   RO         1778    .text               c_w.l(rt_memcpy_v6.o)
    0x08000376   0x08000376   0x00000064   Code   RO         1780    .text               c_w.l(rt_memcpy_w.o)
    0x080003da   0x080003da   0x00000044   Code   RO         1784    .text               c_w.l(rt_memclr.o)
    0x0800041e   0x0800041e   0x0000004e   Code   RO         1786    .text               c_w.l(rt_memclr_w.o)
    0x0800046c   0x0800046c   0x00000006   Code   RO         1788    .text               c_w.l(heapauxi.o)
    0x08000472   0x08000472   0x0000005e   Code   RO         1936    .text               c_w.l(h1_alloc.o)
    0x080004d0   0x080004d0   0x0000004e   Code   RO         1938    .text               c_w.l(h1_free.o)
    0x0800051e   0x0800051e   0x00000016   Code   RO         1998    .text               c_w.l(_rserrno.o)
    0x08000534   0x08000534   0x0000000c   Code   RO         2078    .text               c_w.l(sys_exit.o)
    0x08000540   0x08000540   0x00000008   Code   RO         2104    .text               c_w.l(rt_heap_descriptor_intlibspace.o)
    0x08000548   0x08000548   0x00000008   Code   RO         2109    .text               c_w.l(rt_errno_addr_intlibspace.o)
    0x08000550   0x08000550   0x00000004   Code   RO         2111    .text               c_w.l(hguard.o)
    0x08000554   0x08000554   0x0000008a   Code   RO         2113    .text               c_w.l(init_alloc.o)
    0x080005de   0x080005de   0x0000000e   Code   RO         2117    .text               c_w.l(h1_init.o)
    0x080005ec   0x080005ec   0x00000008   Code   RO         2198    .text               c_w.l(libspace.o)
    0x080005f4   0x080005f4   0x00000002   Code   RO         2201    .text               c_w.l(use_no_semi.o)
    0x080005f6   0x080005f6   0x00000000   Code   RO         2203    .text               c_w.l(indicate_semi.o)
    0x080005f6   0x080005f6   0x0000004a   Code   RO         2204    .text               c_w.l(sys_stackheap_outer.o)
    0x08000640   0x08000640   0x00000000   Code   RO         2210    .text               c_w.l(maybetermalloc1.o)
    0x08000640   0x08000640   0x00000034   Code   RO         2212    .text               c_w.l(h1_extend.o)
    0x08000674   0x08000674   0x00000012   Code   RO         2216    .text               c_w.l(exit.o)
    0x08000686   0x08000686   0x0000000a   Code   RO         2218    .text               c_w.l(defsig_exit.o)
    0x08000690   0x08000690   0x0000000e   Code   RO         2226    .text               c_w.l(defsig_rtmem_outer.o)
    0x0800069e   0x0800069e   0x00000032   Code   RO         2249    .text               c_w.l(defsig_general.o)
    0x080006d0   0x080006d0   0x00000050   Code   RO         2253    .text               c_w.l(defsig_rtmem_inner.o)
    0x08000720   0x08000720   0x0000000e   Code   RO         2259    .text               c_w.l(sys_wrch.o)
    0x0800072e   0x0800072e   0x00000002   PAD
    0x08000730   0x08000730   0x0000007c   Code   RO         1758    .text.SystemCoreClockUpdate  system_stm32f4xx.o
    0x080007ac   0x080007ac   0x00000012   Code   RO         1756    .text.SystemInit    system_stm32f4xx.o
    0x080007be   0x080007be   0x00000002   PAD
    0x080007c0   0x080007c0   0x000000c6   Code   RO          195    .text.TIM2_IRQHandler  isr.o
    0x08000886   0x08000886   0x00000002   PAD
    0x08000888   0x08000888   0x0000006a   Code   RO          197    .text.TIM3_IRQHandler  isr.o
    0x080008f2   0x080008f2   0x00000002   PAD
    0x080008f4   0x080008f4   0x00000060   Code   RO          199    .text.USART2_IRQHandler  isr.o
    0x08000954   0x08000954   0x0000000c   Code   RO           78    .text.VGABlankScreen  vga.o
    0x08000960   0x08000960   0x00000022   Code   RO           82    .text.VGACreateFrame  vga.o
    0x08000982   0x08000982   0x00000002   PAD
    0x08000984   0x08000984   0x000002de   Code   RO           84    .text.VGADrawRect   vga.o
    0x08000c62   0x08000c62   0x00000002   PAD
    0x08000c64   0x08000c64   0x000001d6   Code   RO           90    .text.VGAPutChar    vga.o
    0x08000e3a   0x08000e3a   0x00000002   PAD
    0x08000e3c   0x08000e3c   0x00000078   Code   RO           80    .text.VGApx         vga.o
    0x08000eb4   0x08000eb4   0x00000224   Code   RO           27    .text._Z14drawSmallClockii  draw.o
    0x080010d8   0x080010d8   0x0000007e   Code   RO           23    .text._Z8drawTimeiib  draw.o
    0x08001156   0x08001156   0x0000000c   Code   RO         2038    .text._ZSt15get_new_handlerv  libcppabi_w.l(cxa_handlers.cpp.o)
    0x08001162   0x08001162   0x00000004   Code   RO         1835    .text._ZdlPv        libcpp_w.l(new.cpp.o)
    0x08001166   0x08001166   0x00000002   PAD
    0x08001168   0x08001168   0x00000026   Code   RO         1827    .text._Znwj         libcpp_w.l(new.cpp.o)
    0x0800118e   0x0800118e   0x00000002   PAD
    0x08001190   0x08001190   0x00000098   Code   RO          753    .text.arm_cos_f32   fastmathfunctions.o
    0x08001228   0x08001228   0x00000090   Code   RO          759    .text.arm_sin_f32   fastmathfunctions.o
    0x080012b8   0x080012b8   0x0000003a   Code   RO           64    .text.getTimeBcd    drivers.o
    0x080012f2   0x080012f2   0x00000002   PAD
    0x080012f4   0x080012f4   0x0000004c   Code   RO           66    .text.getTimeNum    drivers.o
    0x08001340   0x08001340   0x00000224   Code   RO            2    .text.main          main.o
    0x08001564   0x08001564   0x00000610   Code   RO           48    .text.startup       drivers.o
    0x08001b74   0x08001b74   0x00000026   Code   RO         2056    i.__ARM_fpclassifyf  m_wm.l(fpclassifyf.o)
    0x08001b9a   0x08001b9a   0x00000002   PAD
    0x08001b9c   0x08001b9c   0x00000150   Code   RO         1869    i.__hardfp_cosf     m_wm.l(cosf.o)
    0x08001cec   0x08001cec   0x00000190   Code   RO         1903    i.__hardfp_sinf     m_wm.l(sinf.o)
    0x08001e7c   0x08001e7c   0x00000006   Code   RO         2059    i.__mathlib_flt_infnan  m_wm.l(funder.o)
    0x08001e82   0x08001e82   0x00000002   PAD
    0x08001e84   0x08001e84   0x00000010   Code   RO         2061    i.__mathlib_flt_invalid  m_wm.l(funder.o)
    0x08001e94   0x08001e94   0x00000010   Code   RO         2064    i.__mathlib_flt_underflow  m_wm.l(funder.o)
    0x08001ea4   0x08001ea4   0x00000154   Code   RO         2075    i.__mathlib_rredf2  m_wm.l(rredf.o)
    0x08001ff8   0x08001ff8   0x0000001a   Code   RO         2241    x$fpl$fpinit        fz_wm.l(fpinit.o)
    0x08002012   0x08002012   0x00000000   Code   RO         2022    x$fpl$usenofp       fz_wm.l(usenofp.o)
    0x08002012   0x08002012   0x00000002   PAD
    0x08002014   0x08002014   0x00000020   Data   RO         2076    .constdata          m_wm.l(rredf.o)
    0x08002034   0x08002034   0x00000010   Data   RO         1761    .rodata.AHBPrescTable  system_stm32f4xx.o
    0x08002044   0x08002044   0x00000804   Data   RO          478    .rodata.sinTable_f32  commontables.o
    0x08002848   0x08002848   0x00000020   Data   RO         2308    Region$$Table       anon$$obj.o


    Execution Region ER_RW (Exec base: 0x20000000, Load base: 0x08002868, Size: 0x00000474, Max: 0xffffffff, ABSOLUTE, COMPRESSED[0x00000314])

    Exec Addr    Load Addr    Size         Type   Attr      Idx    E Section Name        Object

    0x20000000   COMPRESSED   0x00000008   Data   RW           10    .data..L_MergedGlobals  main.o
    0x20000008   COMPRESSED   0x00000004   Data   RW         1760    .data.SystemCoreClock  system_stm32f4xx.o
    0x2000000c   COMPRESSED   0x0000017c   Data   RW          186    .data.vgaChar       vga.o
    0x20000188   COMPRESSED   0x00000008   Data   RW          144    .data.vgaChar_0     vga.o
    0x20000190   COMPRESSED   0x00000008   Data   RW          145    .data.vgaChar_1     vga.o
    0x20000198   COMPRESSED   0x00000008   Data   RW          146    .data.vgaChar_2     vga.o
    0x200001a0   COMPRESSED   0x00000008   Data   RW          147    .data.vgaChar_3     vga.o
    0x200001a8   COMPRESSED   0x00000008   Data   RW          148    .data.vgaChar_4     vga.o
    0x200001b0   COMPRESSED   0x00000008   Data   RW          149    .data.vgaChar_5     vga.o
    0x200001b8   COMPRESSED   0x00000008   Data   RW          150    .data.vgaChar_6     vga.o
    0x200001c0   COMPRESSED   0x00000008   Data   RW          151    .data.vgaChar_7     vga.o
    0x200001c8   COMPRESSED   0x00000008   Data   RW          152    .data.vgaChar_8     vga.o
    0x200001d0   COMPRESSED   0x00000008   Data   RW          153    .data.vgaChar_9     vga.o
    0x200001d8   COMPRESSED   0x00000008   Data   RW           92    .data.vgaChar_A     vga.o
    0x200001e0   COMPRESSED   0x00000008   Data   RW           93    .data.vgaChar_B     vga.o
    0x200001e8   COMPRESSED   0x00000008   Data   RW           94    .data.vgaChar_C     vga.o
    0x200001f0   COMPRESSED   0x00000008   Data   RW           95    .data.vgaChar_D     vga.o
    0x200001f8   COMPRESSED   0x00000008   Data   RW           96    .data.vgaChar_E     vga.o
    0x20000200   COMPRESSED   0x00000008   Data   RW           97    .data.vgaChar_F     vga.o
    0x20000208   COMPRESSED   0x00000008   Data   RW           98    .data.vgaChar_G     vga.o
    0x20000210   COMPRESSED   0x00000008   Data   RW           99    .data.vgaChar_H     vga.o
    0x20000218   COMPRESSED   0x00000008   Data   RW          100    .data.vgaChar_I     vga.o
    0x20000220   COMPRESSED   0x00000008   Data   RW          101    .data.vgaChar_J     vga.o
    0x20000228   COMPRESSED   0x00000008   Data   RW          102    .data.vgaChar_K     vga.o
    0x20000230   COMPRESSED   0x00000008   Data   RW          103    .data.vgaChar_L     vga.o
    0x20000238   COMPRESSED   0x00000008   Data   RW          104    .data.vgaChar_M     vga.o
    0x20000240   COMPRESSED   0x00000008   Data   RW          105    .data.vgaChar_N     vga.o
    0x20000248   COMPRESSED   0x00000008   Data   RW          106    .data.vgaChar_O     vga.o
    0x20000250   COMPRESSED   0x00000008   Data   RW          107    .data.vgaChar_P     vga.o
    0x20000258   COMPRESSED   0x00000008   Data   RW          108    .data.vgaChar_Q     vga.o
    0x20000260   COMPRESSED   0x00000008   Data   RW          109    .data.vgaChar_R     vga.o
    0x20000268   COMPRESSED   0x00000008   Data   RW          110    .data.vgaChar_S     vga.o
    0x20000270   COMPRESSED   0x00000008   Data   RW          111    .data.vgaChar_T     vga.o
    0x20000278   COMPRESSED   0x00000008   Data   RW          112    .data.vgaChar_U     vga.o
    0x20000280   COMPRESSED   0x00000008   Data   RW          113    .data.vgaChar_V     vga.o
    0x20000288   COMPRESSED   0x00000008   Data   RW          114    .data.vgaChar_W     vga.o
    0x20000290   COMPRESSED   0x00000008   Data   RW          115    .data.vgaChar_X     vga.o
    0x20000298   COMPRESSED   0x00000008   Data   RW          116    .data.vgaChar_Y     vga.o
    0x200002a0   COMPRESSED   0x00000008   Data   RW          117    .data.vgaChar_Z     vga.o
    0x200002a8   COMPRESSED   0x00000008   Data   RW          118    .data.vgaChar_a     vga.o
    0x200002b0   COMPRESSED   0x00000008   Data   RW          181    .data.vgaChar_accolade1  vga.o
    0x200002b8   COMPRESSED   0x00000008   Data   RW          182    .data.vgaChar_accolade2  vga.o
    0x200002c0   COMPRESSED   0x00000008   Data   RW          164    .data.vgaChar_appostrophe  vga.o
    0x200002c8   COMPRESSED   0x00000008   Data   RW          173    .data.vgaChar_arobas  vga.o
    0x200002d0   COMPRESSED   0x00000008   Data   RW          158    .data.vgaChar_asterix  vga.o
    0x200002d8   COMPRESSED   0x00000008   Data   RW          119    .data.vgaChar_b     vga.o
    0x200002e0   COMPRESSED   0x00000008   Data   RW          178    .data.vgaChar_backslash  vga.o
    0x200002e8   COMPRESSED   0x00000008   Data   RW          177    .data.vgaChar_bar   vga.o
    0x200002f0   COMPRESSED   0x00000008   Data   RW          120    .data.vgaChar_c     vga.o
    0x200002f8   COMPRESSED   0x00000008   Data   RW          168    .data.vgaChar_circonflexe  vga.o
    0x20000300   COMPRESSED   0x00000008   Data   RW          169    .data.vgaChar_colon  vga.o
    0x20000308   COMPRESSED   0x00000008   Data   RW          155    .data.vgaChar_crochet  vga.o
    0x20000310   COMPRESSED   0x00000008   Data   RW          121    .data.vgaChar_d     vga.o
    0x20000318   COMPRESSED   0x00000008   Data   RW          166    .data.vgaChar_dollar  vga.o
    0x20000320   COMPRESSED   0x00000008   Data   RW          162    .data.vgaChar_dot   vga.o
    0x20000328   COMPRESSED   0x00000008   Data   RW          122    .data.vgaChar_e     vga.o
    0x20000330   COMPRESSED   0x00000008   Data   RW          154    .data.vgaChar_eperlu  vga.o
    0x20000338   COMPRESSED   0x00000008   Data   RW          161    .data.vgaChar_equal  vga.o
    0x20000340   COMPRESSED   0x00000008   Data   RW          163    .data.vgaChar_exclamation  vga.o
    0x20000348   COMPRESSED   0x00000008   Data   RW          123    .data.vgaChar_f     vga.o
    0x20000350   COMPRESSED   0x00000008   Data   RW          124    .data.vgaChar_g     vga.o
    0x20000358   COMPRESSED   0x00000008   Data   RW          125    .data.vgaChar_h     vga.o
    0x20000360   COMPRESSED   0x00000008   Data   RW          165    .data.vgaChar_hash  vga.o
    0x20000368   COMPRESSED   0x00000008   Data   RW          126    .data.vgaChar_i     vga.o
    0x20000370   COMPRESSED   0x00000008   Data   RW          127    .data.vgaChar_j     vga.o
    0x20000378   COMPRESSED   0x00000008   Data   RW          128    .data.vgaChar_k     vga.o
    0x20000380   COMPRESSED   0x00000008   Data   RW          129    .data.vgaChar_l     vga.o
    0x20000388   COMPRESSED   0x00000008   Data   RW          175    .data.vgaChar_less  vga.o
    0x20000390   COMPRESSED   0x00000008   Data   RW          130    .data.vgaChar_m     vga.o
    0x20000398   COMPRESSED   0x00000008   Data   RW          160    .data.vgaChar_minus  vga.o
    0x200003a0   COMPRESSED   0x00000008   Data   RW          176    .data.vgaChar_more  vga.o
    0x200003a8   COMPRESSED   0x00000008   Data   RW          131    .data.vgaChar_n     vga.o
    0x200003b0   COMPRESSED   0x00000008   Data   RW          185    .data.vgaChar_neg   vga.o
    0x200003b8   COMPRESSED   0x00000008   Data   RW          132    .data.vgaChar_o     vga.o
    0x200003c0   COMPRESSED   0x00000008   Data   RW          133    .data.vgaChar_p     vga.o
    0x200003c8   COMPRESSED   0x00000008   Data   RW          156    .data.vgaChar_par1  vga.o
    0x200003d0   COMPRESSED   0x00000008   Data   RW          157    .data.vgaChar_par2  vga.o
    0x200003d8   COMPRESSED   0x00000008   Data   RW          159    .data.vgaChar_plus  vga.o
    0x200003e0   COMPRESSED   0x00000008   Data   RW          167    .data.vgaChar_purcent  vga.o
    0x200003e8   COMPRESSED   0x00000008   Data   RW          134    .data.vgaChar_q     vga.o
    0x200003f0   COMPRESSED   0x00000008   Data   RW          172    .data.vgaChar_question  vga.o
    0x200003f8   COMPRESSED   0x00000008   Data   RW          135    .data.vgaChar_r     vga.o
    0x20000400   COMPRESSED   0x00000008   Data   RW          136    .data.vgaChar_s     vga.o
    0x20000408   COMPRESSED   0x00000008   Data   RW          171    .data.vgaChar_semicolon  vga.o
    0x20000410   COMPRESSED   0x00000008   Data   RW          174    .data.vgaChar_slash  vga.o
    0x20000418   COMPRESSED   0x00000008   Data   RW          179    .data.vgaChar_sqrt1  vga.o
    0x20000420   COMPRESSED   0x00000008   Data   RW          180    .data.vgaChar_sqrt2  vga.o
    0x20000428   COMPRESSED   0x00000008   Data   RW          137    .data.vgaChar_t     vga.o
    0x20000430   COMPRESSED   0x00000008   Data   RW          170    .data.vgaChar_twoDots  vga.o
    0x20000438   COMPRESSED   0x00000008   Data   RW          138    .data.vgaChar_u     vga.o
    0x20000440   COMPRESSED   0x00000008   Data   RW          183    .data.vgaChar_underscore  vga.o
    0x20000448   COMPRESSED   0x00000008   Data   RW          139    .data.vgaChar_v     vga.o
    0x20000450   COMPRESSED   0x00000008   Data   RW          140    .data.vgaChar_w     vga.o
    0x20000458   COMPRESSED   0x00000008   Data   RW          141    .data.vgaChar_x     vga.o
    0x20000460   COMPRESSED   0x00000008   Data   RW          142    .data.vgaChar_y     vga.o
    0x20000468   COMPRESSED   0x00000008   Data   RW          143    .data.vgaChar_z     vga.o
    0x20000470   COMPRESSED   0x00000004   Data   RW            8    .data.vgaCurrentScreenBuff  main.o


    Execution Region ER_ZI (Exec base: 0x20000478, Load base: 0x08002b7c, Size: 0x00007c30, Max: 0xffffffff, ABSOLUTE)

    Exec Addr    Load Addr    Size         Type   Attr      Idx    E Section Name        Object

    0x20000478        -       0x00000060   Zero   RW         2199    .bss                c_w.l(libspace.o)
    0x200004d8        -       0x00000004   Zero   RW          201    .bss.TIM2_IRQHandler.line  isr.o
    0x200004dc        -       0x00000001   Zero   RW          202    .bss.TIM3_IRQHandler.psc  isr.o
    0x200004dd   0x08002b7c   0x00000003   PAD
    0x200004e0        -       0x00000004   Zero   RW          203    .bss.USART2_IRQHandler.len  isr.o
    0x200004e4        -       0x00000004   Zero   RW         2040    .bss.__cxa_new_handler  libcppabi_w.l(cxa_handlers.cpp.o)
    0x200004e8        -       0x00000080   Zero   RW           39    .bss.uartBuff       comport.o
    0x20000568        -       0x00000001   Zero   RW            4    .bss.uartRxFlag     main.o
    0x20000569        -       0x00000008   Zero   RW          184    .bss.vgaChar_space  vga.o
    0x20000571        -       0x00000001   Zero   RW            5    .bss.vgaFlag        main.o
    0x20000572        -       0x00003a98   Zero   RW            6    .bss.vgaScreenBuff  main.o
    0x2000400a        -       0x00003a98   Zero   RW            7    .bss.vgaScreenBuff2  main.o
    0x20007aa2   0x08002b7c   0x00000006   PAD
    0x20007aa8        -       0x00000200   Zero   RW         1747    HEAP                startup_stm32f446xx.o
    0x20007ca8        -       0x00000400   Zero   RW         1746    STACK               startup_stm32f446xx.o


==============================================================================

Image component sizes


      Code (inc. data)   RO Data    RW Data    ZI Data      Debug   Object Name

         0          0       2052          0          0      10773   commontables.o
         0          0          0          0        128       1527   comport.o
       674         20          0          0          0      18947   draw.o
      1686          0          0          0          0      10409   drivers.o
       296         24          0          0          0       6916   fastmathfunctions.o
       400          0          0          0          9       2888   isr.o
       548         32          0         12      30002      53106   main.o
        64         26        452          0       1536        872   startup_stm32f446xx.o
       142          0         16          4          0       2815   system_stm32f4xx.o
      1370          0          0       1124          8      10206   vga.o

    ----------------------------------------------------------------------
      5194        102       2552       1140      31692     118459   Object Totals
         0          0         32          0          0          0   (incl. Generated)
        14          0          0          0          9          0   (incl. Padding)

    ----------------------------------------------------------------------

      Code (inc. data)   RO Data    RW Data    ZI Data      Debug   Library Member Name

        90          0          0          0          0          0   __dczerorl2.o
         8          0          0          0          0         68   __main.o
         0          0          0          0          0          0   __rtentry.o
        12          0          0          0          0          0   __rtentry2.o
         6          0          0          0          0          0   __rtentry4.o
        52          8          0          0          0          0   __scatter.o
        28          0          0          0          0          0   __scatter_zi.o
        22          0          0          0          0        100   _rserrno.o
        10          0          0          0          0         68   defsig_exit.o
        50          0          0          0          0         88   defsig_general.o
        80         58          0          0          0         76   defsig_rtmem_inner.o
        14          0          0          0          0         80   defsig_rtmem_outer.o
        18          0          0          0          0         80   exit.o
        94          0          0          0          0         80   h1_alloc.o
        52          0          0          0          0         68   h1_extend.o
        78          0          0          0          0         80   h1_free.o
        14          0          0          0          0         84   h1_init.o
         6          0          0          0          0        152   heapauxi.o
         4          0          0          0          0        136   hguard.o
         0          0          0          0          0          0   indicate_semi.o
       138          0          0          0          0        168   init_alloc.o
         2          0          0          0          0          0   libinit.o
        14          0          0          0          0          0   libinit2.o
         2          0          0          0          0          0   libshutdown.o
         2          0          0          0          0          0   libshutdown2.o
         8          4          0          0         96         68   libspace.o
         0          0          0          0          0          0   maybetermalloc1.o
         8          4          0          0          0         68   rt_errno_addr_intlibspace.o
         8          4          0          0          0         68   rt_heap_descriptor_intlibspace.o
        68          0          0          0          0         68   rt_memclr.o
        78          0          0          0          0         80   rt_memclr_w.o
       138          0          0          0          0         68   rt_memcpy_v6.o
       100          0          0          0          0         80   rt_memcpy_w.o
         2          0          0          0          0          0   rtexit.o
        10          0          0          0          0          0   rtexit2.o
        12          4          0          0          0         68   sys_exit.o
        74          0          0          0          0         80   sys_stackheap_outer.o
        14          0          0          0          0         76   sys_wrch.o
         2          0          0          0          0         68   use_no_semi.o
        26          0          0          0          0        116   fpinit.o
         0          0          0          0          0          0   usenofp.o
        42          0          0          0          0        380   new.cpp.o
        12          0          0          0          4        148   cxa_handlers.cpp.o
       336         56          0          0          0        136   cosf.o
        38          0          0          0          0        116   fpclassifyf.o
        38         12          0          0          0        348   funder.o
       340         24         32          0          0        160   rredf.o
       400         56          0          0          0        212   sinf.o

    ----------------------------------------------------------------------
      2566        230         32          0        100       3736   Library Totals
        16          0          0          0          0          0   (incl. Padding)

    ----------------------------------------------------------------------

      Code (inc. data)   RO Data    RW Data    ZI Data      Debug   Library Name

      1318         82          0          0         96       2120   c_w.l
        26          0          0          0          0        116   fz_wm.l
        42          0          0          0          0        380   libcpp_w.l
        12          0          0          0          4        148   libcppabi_w.l
      1152        148         32          0          0        972   m_wm.l

    ----------------------------------------------------------------------
      2566        230         32          0        100       3736   Library Totals

    ----------------------------------------------------------------------

==============================================================================


      Code (inc. data)   RO Data    RW Data    ZI Data      Debug   

      7760        332       2584       1140      31792     120335   Grand Totals
      7760        332       2584        788      31792     120335   ELF Image Totals (compressed)
      7760        332       2584        788          0          0   ROM Totals

==============================================================================

    Total RO  Size (Code + RO Data)                10344 (  10.10kB)
    Total RW  Size (RW Data + ZI Data)             32932 (  32.16kB)
    Total ROM Size (Code + RO Data + RW Data)      11132 (  10.87kB)

==============================================================================

