Component: ARM Compiler 6.16 Tool: armlink [5dfeaa00]

==============================================================================

Section Cross References

    main.o(.text.TIM2_IRQHandler) refers to main.o(.bss.vgaBuffNext) for vgaBuffNext
    main.o(.text.TIM2_IRQHandler) refers to main.o(.bss.TIM2_IRQHandler.line) for TIM2_IRQHandler.line
    main.o(.text.TIM2_IRQHandler) refers to main.o(.bss.vgaBuffA) for vgaBuffA
    main.o(.text.TIM2_IRQHandler) refers to main.o(.bss.vgaBuffB) for vgaBuffB
    main.o(.text.TIM2_IRQHandler) refers to vga.o(.text.updateBuffer) for updateBuffer
    main.o(.ARM.exidx.text.TIM2_IRQHandler) refers to main.o(.text.TIM2_IRQHandler) for [Anonymous Symbol]
    main.o(.text.main) refers to main.o(.bss.vgaBuffA) for vgaBuffA
    main.o(.text.main) refers to main.o(.bss.vgaBuffB) for vgaBuffB
    main.o(.text.main) refers to vga.o(.text.initTable) for initTable
    main.o(.text.main) refers to drivers.o(.text.startup) for startup
    main.o(.ARM.exidx.text.main) refers to main.o(.text.main) for [Anonymous Symbol]
    drivers.o(.text.startup) refers to drivers.o(.text.initClock) for initClock
    drivers.o(.text.startup) refers to drivers.o(.text.initSPI2) for initSPI2
    drivers.o(.text.startup) refers to drivers.o(.text.initVSYNC) for initVSYNC
    drivers.o(.text.startup) refers to drivers.o(.text.initHSYNC) for initHSYNC
    drivers.o(.ARM.exidx.text.startup) refers to drivers.o(.text.startup) for [Anonymous Symbol]
    drivers.o(.ARM.exidx.text.initClock) refers to drivers.o(.text.initClock) for [Anonymous Symbol]
    drivers.o(.ARM.exidx.text.initSPI2) refers to drivers.o(.text.initSPI2) for [Anonymous Symbol]
    drivers.o(.ARM.exidx.text.initVSYNC) refers to drivers.o(.text.initVSYNC) for [Anonymous Symbol]
    drivers.o(.text.initHSYNC) refers to drivers.o(.text.__NVIC_EnableIRQ) for __NVIC_EnableIRQ
    drivers.o(.ARM.exidx.text.initHSYNC) refers to drivers.o(.text.initHSYNC) for [Anonymous Symbol]
    drivers.o(.ARM.exidx.text.__NVIC_EnableIRQ) refers to drivers.o(.text.__NVIC_EnableIRQ) for [Anonymous Symbol]
    vga.o(.text.updateBuffer) refers to vga.o(.text.initTable) for initTable
    vga.o(.text.updateBuffer) refers to vga.o(.data.vgaMaj) for vgaMaj
    vga.o(.ARM.exidx.text.updateBuffer) refers to vga.o(.text.updateBuffer) for [Anonymous Symbol]
    vga.o(.ARM.exidx.text.initTable) refers to vga.o(.text.initTable) for [Anonymous Symbol]
    vga.o(.text.charToVgaMaj) refers to vga.o(.data.vgaMaj) for vgaMaj
    vga.o(.ARM.exidx.text.charToVgaMaj) refers to vga.o(.text.charToVgaMaj) for [Anonymous Symbol]
    vga.o(.data.vgaMaj) refers to vga.o(.data.vgaMajA) for vgaMajA
    vga.o(.data.vgaMaj) refers to vga.o(.data.vgaMajB) for vgaMajB
    vga.o(.data.vgaMaj) refers to vga.o(.data.vgaMajC) for vgaMajC
    vga.o(.data.vgaMaj) refers to vga.o(.data.vgaMajD) for vgaMajD
    vga.o(.data.vgaMaj) refers to vga.o(.data.vgaMajE) for vgaMajE
    vga.o(.data.vgaMaj) refers to vga.o(.data.vgaMajF) for vgaMajF
    vga.o(.data.vgaMaj) refers to vga.o(.data.vgaMajG) for vgaMajG
    vga.o(.data.vgaMaj) refers to vga.o(.data.vgaMajH) for vgaMajH
    vga.o(.data.vgaMaj) refers to vga.o(.data.vgaMajI) for vgaMajI
    vga.o(.data.vgaMaj) refers to vga.o(.data.vgaMajJ) for vgaMajJ
    vga.o(.data.vgaMaj) refers to vga.o(.data.vgaMajK) for vgaMajK
    vga.o(.data.vgaMaj) refers to vga.o(.data.vgaMajL) for vgaMajL
    vga.o(.data.vgaMaj) refers to vga.o(.data.vgaMajM) for vgaMajM
    vga.o(.data.vgaMaj) refers to vga.o(.data.vgaMajN) for vgaMajN
    vga.o(.data.vgaMaj) refers to vga.o(.data.vgaMajO) for vgaMajO
    vga.o(.data.vgaMaj) refers to vga.o(.data.vgaMajP) for vgaMajP
    vga.o(.data.vgaMaj) refers to vga.o(.data.vgaMajQ) for vgaMajQ
    vga.o(.data.vgaMaj) refers to vga.o(.data.vgaMajR) for vgaMajR
    vga.o(.data.vgaMaj) refers to vga.o(.data.vgaMajS) for vgaMajS
    vga.o(.data.vgaMaj) refers to vga.o(.data.vgaMajT) for vgaMajT
    vga.o(.data.vgaMaj) refers to vga.o(.data.vgaMajU) for vgaMajU
    vga.o(.data.vgaMaj) refers to vga.o(.data.vgaMajV) for vgaMajV
    vga.o(.data.vgaMaj) refers to vga.o(.data.vgaMajW) for vgaMajW
    vga.o(.data.vgaMaj) refers to vga.o(.data.vgaMajX) for vgaMajX
    vga.o(.data.vgaMaj) refers to vga.o(.data.vgaMajY) for vgaMajY
    vga.o(.data.vgaMaj) refers to vga.o(.data.vgaMajZ) for vgaMajZ
    irq_armv7m.o(.text) refers to rtx_system.o(.text.osRtxPendSV_Handler) for osRtxPendSV_Handler
    irq_armv7m.o(.text) refers to rtx_system.o(.text.osRtxTick_Handler) for osRtxTick_Handler
    irq_armv7m.o(.text) refers to rtx_kernel.o(.data.os) for osRtxInfo
    irq_armv7m.o(.text) refers to rtx_lib.o(.rodata.osRtxUserSVC) for osRtxUserSVC
    irq_armv7m.o(.ARM.exidx) refers to irq_armv7m.o(.text) for [Anonymous Symbol]
    rtx_delay.o(.text.osDelay) refers to rtx_evr.o(.text.EvrRtxDelay) for EvrRtxDelay
    rtx_delay.o(.text.osDelay) refers to rtx_delay.o(.text.IsException) for IsException
[...]
    [Anonymous Symbol]                       0x08001818   Section        0  rtx_config.o(.text.osRtxErrorNotify)
    osRtxEventFlagsObject                    0x08001849   Thumb Code    10  rtx_system.o(.text.osRtxEventFlagsObject)
    [Anonymous Symbol]                       0x08001848   Section        0  rtx_system.o(.text.osRtxEventFlagsObject)
    osRtxEventFlagsObject                    0x08001855   Thumb Code    10  rtx_thread.o(.text.osRtxEventFlagsObject)
    [Anonymous Symbol]                       0x08001854   Section        0  rtx_thread.o(.text.osRtxEventFlagsObject)
    [Anonymous Symbol]                       0x08001860   Section        0  rtx_kernel.o(.text.osRtxKernelErrorNotify)
    osRtxKernelGetState                      0x0800187d   Thumb Code    12  rtx_system.o(.text.osRtxKernelGetState)
    [Anonymous Symbol]                       0x0800187c   Section        0  rtx_system.o(.text.osRtxKernelGetState)
    osRtxKernelGetState                      0x08001889   Thumb Code    12  rtx_thread.o(.text.osRtxKernelGetState)
    [Anonymous Symbol]                       0x08001888   Section        0  rtx_thread.o(.text.osRtxKernelGetState)
    [Anonymous Symbol]                       0x08001894   Section        0  rtx_kernel.o(.text.osRtxKernelPreInit)
    osRtxKernelState                         0x08001899   Thumb Code    12  rtx_kernel.o(.text.osRtxKernelState)
    [Anonymous Symbol]                       0x08001898   Section        0  rtx_kernel.o(.text.osRtxKernelState)
    [Anonymous Symbol]                       0x080018a4   Section        0  rtx_memory.o(.text.osRtxMemoryAlloc)
    [Anonymous Symbol]                       0x080019f0   Section        0  rtx_memory.o(.text.osRtxMemoryFree)
    [Anonymous Symbol]                       0x08001ab4   Section        0  rtx_memory.o(.text.osRtxMemoryInit)
    [Anonymous Symbol]                       0x08001b4c   Section        0  rtx_mempool.o(.text.osRtxMemoryPoolAlloc)
    [Anonymous Symbol]                       0x08001b98   Section        0  rtx_mempool.o(.text.osRtxMemoryPoolFree)
    [Anonymous Symbol]                       0x08001bfc   Section        0  rtx_mempool.o(.text.osRtxMemoryPoolInit)
    osRtxMemoryPoolObject                    0x08001c95   Thumb Code    10  rtx_system.o(.text.osRtxMemoryPoolObject)
    [Anonymous Symbol]                       0x08001c94   Section        0  rtx_system.o(.text.osRtxMemoryPoolObject)
    osRtxMemoryPoolObject                    0x08001ca1   Thumb Code    10  rtx_thread.o(.text.osRtxMemoryPoolObject)
    [Anonymous Symbol]                       0x08001ca0   Section        0  rtx_thread.o(.text.osRtxMemoryPoolObject)
    osRtxMessageObject                       0x08001cad   Thumb Code    10  rtx_system.o(.text.osRtxMessageObject)
    [Anonymous Symbol]                       0x08001cac   Section        0  rtx_system.o(.text.osRtxMessageObject)
    osRtxMessageQueueId                      0x08001cb9   Thumb Code    10  rtx_msgqueue.o(.text.osRtxMessageQueueId)
    [Anonymous Symbol]                       0x08001cb8   Section        0  rtx_msgqueue.o(.text.osRtxMessageQueueId)
    osRtxMessageQueueObject                  0x08001cc5   Thumb Code    10  rtx_thread.o(.text.osRtxMessageQueueObject)
    [Anonymous Symbol]                       0x08001cc4   Section        0  rtx_thread.o(.text.osRtxMessageQueueObject)
    osRtxMessageQueuePostProcess             0x08001cd1   Thumb Code   324  rtx_msgqueue.o(.text.osRtxMessageQueuePostProcess)
    [Anonymous Symbol]                       0x08001cd0   Section        0  rtx_msgqueue.o(.text.osRtxMessageQueuePostProcess)
    [Anonymous Symbol]                       0x08001e14   Section        0  rtx_msgqueue.o(.text.osRtxMessageQueueTimerSetup)
    osRtxMutexId                             0x08001e55   Thumb Code    10  rtx_mutex.o(.text.osRtxMutexId)
    [Anonymous Symbol]                       0x08001e54   Section        0  rtx_mutex.o(.text.osRtxMutexId)
    osRtxMutexObject                         0x08001e61   Thumb Code    10  rtx_thread.o(.text.osRtxMutexObject)
    [Anonymous Symbol]                       0x08001e60   Section        0  rtx_thread.o(.text.osRtxMutexObject)
    [Anonymous Symbol]                       0x08001e6c   Section        0  rtx_mutex.o(.text.osRtxMutexOwnerRestore)
    osRtxObject                              0x08001f19   Thumb Code    10  rtx_msgqueue.o(.text.osRtxObject)
    [Anonymous Symbol]                       0x08001f18   Section        0  rtx_msgqueue.o(.text.osRtxObject)
    osRtxObject                              0x08001f25   Thumb Code    10  rtx_mutex.o(.text.osRtxObject)
    [Anonymous Symbol]                       0x08001f24   Section        0  rtx_mutex.o(.text.osRtxObject)
    osRtxObject                              0x08001f31   Thumb Code    10  rtx_system.o(.text.osRtxObject)
    [Anonymous Symbol]                       0x08001f30   Section        0  rtx_system.o(.text.osRtxObject)
    osRtxObject                              0x08001f3d   Thumb Code    10  rtx_thread.o(.text.osRtxObject)
    [Anonymous Symbol]                       0x08001f3c   Section        0  rtx_thread.o(.text.osRtxObject)
    [Anonymous Symbol]                       0x08001f48   Section        0  rtx_system.o(.text.osRtxPendSV_Handler)
    [Anonymous Symbol]                       0x08002000   Section        0  rtx_system.o(.text.osRtxPostProcess)
    osRtxSemaphoreObject                     0x08002045   Thumb Code    10  rtx_system.o(.text.osRtxSemaphoreObject)
    [Anonymous Symbol]                       0x08002044   Section        0  rtx_system.o(.text.osRtxSemaphoreObject)
    osRtxSemaphoreObject                     0x08002051   Thumb Code    10  rtx_thread.o(.text.osRtxSemaphoreObject)
    [Anonymous Symbol]                       0x08002050   Section        0  rtx_thread.o(.text.osRtxSemaphoreObject)
    osRtxThreadBlock                         0x0800205d   Thumb Code   136  rtx_thread.o(.text.osRtxThreadBlock)
    [Anonymous Symbol]                       0x0800205c   Section        0  rtx_thread.o(.text.osRtxThreadBlock)
    osRtxThreadDelayInsert                   0x080020e5   Thumb Code   250  rtx_thread.o(.text.osRtxThreadDelayInsert)
    [Anonymous Symbol]                       0x080020e4   Section        0  rtx_thread.o(.text.osRtxThreadDelayInsert)
    osRtxThreadDelayRemove                   0x080021e1   Thumb Code   156  rtx_thread.o(.text.osRtxThreadDelayRemove)
    [Anonymous Symbol]                       0x080021e0   Section        0  rtx_thread.o(.text.osRtxThreadDelayRemove)
    [Anonymous Symbol]                       0x0800227c   Section        0  rtx_thread.o(.text.osRtxThreadDelayTick)
    [Anonymous Symbol]                       0x08002408   Section        0  rtx_thread.o(.text.osRtxThreadDispatch)
    osRtxThreadGetRunning                    0x080024a1   Thumb Code    12  rtx_msgqueue.o(.text.osRtxThreadGetRunning)
    [Anonymous Symbol]                       0x080024a0   Section        0  rtx_msgqueue.o(.text.osRtxThreadGetRunning)
    osRtxThreadGetRunning                    0x080024ad   Thumb Code    12  rtx_mutex.o(.text.osRtxThreadGetRunning)
    [Anonymous Symbol]                       0x080024ac   Section        0  rtx_mutex.o(.text.osRtxThreadGetRunning)
    osRtxThreadGetRunning                    0x080024b9   Thumb Code    12  rtx_thread.o(.text.osRtxThreadGetRunning)
    [Anonymous Symbol]                       0x080024b8   Section        0  rtx_thread.o(.text.osRtxThreadGetRunning)
    osRtxThreadGetRunning                    0x080024c5   Thumb Code    12  rtx_timer.o(.text.osRtxThreadGetRunning)
    [Anonymous Symbol]                       0x080024c4   Section        0  rtx_timer.o(.text.osRtxThreadGetRunning)
    [Anonymous Symbol]                       0x080024d0   Section        0  rtx_thread.o(.text.osRtxThreadListGet)
    [Anonymous Symbol]                       0x08002508   Section        0  rtx_thread.o(.text.osRtxThreadListPut)
    [Anonymous Symbol]                       0x08002580   Section        0  rtx_thread.o(.text.osRtxThreadListRemove)
    osRtxThreadListRoot                      0x080025b5   Thumb Code    34  rtx_thread.o(.text.osRtxThreadListRoot)
    [Anonymous Symbol]                       0x080025b4   Section        0  rtx_thread.o(.text.osRtxThreadListRoot)
    [Anonymous Symbol]                       0x080025d8   Section        0  rtx_thread.o(.text.osRtxThreadListSort)
    osRtxThreadObject                        0x08002631   Thumb Code    10  rtx_system.o(.text.osRtxThreadObject)
    [Anonymous Symbol]                       0x08002630   Section        0  rtx_system.o(.text.osRtxThreadObject)
    osRtxThreadObject                        0x0800263d   Thumb Code    10  rtx_thread.o(.text.osRtxThreadObject)
    [Anonymous Symbol]                       0x0800263c   Section        0  rtx_thread.o(.text.osRtxThreadObject)
    [Anonymous Symbol]                       0x08002648   Section        0  rtx_thread.o(.text.osRtxThreadReadyPut)
    [Anonymous Symbol]                       0x08002668   Section        0  rtx_thread.o(.text.osRtxThreadRegPtr)
    osRtxThreadSetRunning                    0x0800268d   Thumb Code    20  rtx_timer.o(.text.osRtxThreadSetRunning)
    [Anonymous Symbol]                       0x0800268c   Section        0  rtx_timer.o(.text.osRtxThreadSetRunning)
    [Anonymous Symbol]                       0x080026a0   Section        0  rtx_thread.o(.text.osRtxThreadSwitch)
    [Anonymous Symbol]                       0x080026c4   Section        0  rtx_thread.o(.text.osRtxThreadWaitEnter)
    [Anonymous Symbol]                       0x0800273c   Section        0  rtx_thread.o(.text.osRtxThreadWaitExit)
    [Anonymous Symbol]                       0x08002784   Section        0  rtx_system.o(.text.osRtxTick_Handler)
    [Anonymous Symbol]                       0x08002894   Section        0  rtx_timer.o(.text.osRtxTimerSetup)
    [Anonymous Symbol]                       0x080028c4   Section        0  rtx_timer.o(.text.osRtxTimerThread)
    osRtxTimerTick                           0x080028f9   Thumb Code   220  rtx_timer.o(.text.osRtxTimerTick)
    [Anonymous Symbol]                       0x080028f8   Section        0  rtx_timer.o(.text.osRtxTimerTick)
    os_kernel_is_active                      0x080029d5   Thumb Code    54  rtx_lib.o(.text.os_kernel_is_active)
    [Anonymous Symbol]                       0x080029d4   Section        0  rtx_lib.o(.text.os_kernel_is_active)
    [Anonymous Symbol]                       0x08002a0c   Section        0  drivers.o(.text.startup)
    svcRtxKernelGetState                     0x08002a29   Thumb Code    22  rtx_kernel.o(.text.svcRtxKernelGetState)
    [Anonymous Symbol]                       0x08002a28   Section        0  rtx_kernel.o(.text.svcRtxKernelGetState)
    svcRtxKernelInitialize                   0x08002a41   Thumb Code   760  rtx_kernel.o(.text.svcRtxKernelInitialize)
    [Anonymous Symbol]                       0x08002a40   Section        0  rtx_kernel.o(.text.svcRtxKernelInitialize)
    svcRtxMessageQueueGet                    0x08002d39   Thumb Code   378  rtx_msgqueue.o(.text.svcRtxMessageQueueGet)
    [Anonymous Symbol]                       0x08002d38   Section        0  rtx_msgqueue.o(.text.svcRtxMessageQueueGet)
    svcRtxMessageQueueNew                    0x08002eb5   Thumb Code   668  rtx_msgqueue.o(.text.svcRtxMessageQueueNew)
    [Anonymous Symbol]                       0x08002eb4   Section        0  rtx_msgqueue.o(.text.svcRtxMessageQueueNew)
    svcRtxMessageQueuePut                    0x08003151   Thumb Code   368  rtx_msgqueue.o(.text.svcRtxMessageQueuePut)
    [Anonymous Symbol]                       0x08003150   Section        0  rtx_msgqueue.o(.text.svcRtxMessageQueuePut)
    svcRtxMutexAcquire                       0x080032c1   Thumb Code   370  rtx_mutex.o(.text.svcRtxMutexAcquire)
    [Anonymous Symbol]                       0x080032c0   Section        0  rtx_mutex.o(.text.svcRtxMutexAcquire)
    svcRtxMutexDelete                        0x08003435   Thumb Code   366  rtx_mutex.o(.text.svcRtxMutexDelete)
    [Anonymous Symbol]                       0x08003434   Section        0  rtx_mutex.o(.text.svcRtxMutexDelete)
    svcRtxMutexNew                           0x080035a5   Thumb Code   286  rtx_mutex.o(.text.svcRtxMutexNew)
    [Anonymous Symbol]                       0x080035a4   Section        0  rtx_mutex.o(.text.svcRtxMutexNew)
    svcRtxMutexRelease                       0x080036c5   Thumb Code   412  rtx_mutex.o(.text.svcRtxMutexRelease)
    [Anonymous Symbol]                       0x080036c4   Section        0  rtx_mutex.o(.text.svcRtxMutexRelease)
    [Anonymous Symbol]                       0x08003860   Section        0  vga.o(.text.updateBuffer)
    $v0                                      0x0800389c   Number         0  fpinit.o(x$fpl$fpinit)
    x$fpl$fpinit                             0x0800389c   Section       26  fpinit.o(x$fpl$fpinit)
    __tagsym$$used.4                         0x080038b8   Number         0  rtx_lib.o(.rodata)
    __tagsym$$used.5                         0x08003928   Number         0  rtx_lib.o(.rodata)
    os_idle_thread_attr                      0x08003964   Data          36  rtx_lib.o(.rodata.os_idle_thread_attr)
    [Anonymous Symbol]                       0x08003964   Section        0  rtx_lib.o(.rodata.os_idle_thread_attr)
    os_timer_mq_attr                         0x08003988   Data          24  rtx_lib.o(.rodata.os_timer_mq_attr)
    [Anonymous Symbol]                       0x08003988   Section        0  rtx_lib.o(.rodata.os_timer_mq_attr)
    os_timer_thread_attr                     0x080039a0   Data          36  rtx_lib.o(.rodata.os_timer_thread_attr)
    [Anonymous Symbol]                       0x080039a0   Section        0  rtx_lib.o(.rodata.os_timer_thread_attr)
    .L.str                                   0x080039c4   Data          11  rtx_kernel.o(.rodata.str1.1)
    [Anonymous Symbol]                       0x080039c4   Section        0  rtx_kernel.o(.rodata.str1.1)
    .bss                                     0x200001e0   Section       96  libspace.o(.bss)
    TIM2_IRQHandler.line                     0x20000240   Data           4  main.o(.bss.TIM2_IRQHandler.line)
    [Anonymous Symbol]                       0x20000240   Section        0  main.o(.bss.TIM2_IRQHandler.line)
    os_isr_queue                             0x20000248   Data          64  rtx_lib.o(.bss.os)
    [Anonymous Symbol]                       0x20000248   Section        0  rtx_lib.o(.bss.os)
    os_mem                                   0x20000288   Data       32768  rtx_lib.o(.bss.os)
    os_timer_mq_cb                           0x20008288   Data          52  rtx_lib.o(.bss.os.msgqueue.cb)
    [Anonymous Symbol]                       0x20008288   Section        0  rtx_lib.o(.bss.os.msgqueue.cb)
    os_timer_mq_data                         0x200082bc   Data          80  rtx_lib.o(.bss.os.msgqueue.mem)
    [Anonymous Symbol]                       0x200082bc   Section        0  rtx_lib.o(.bss.os.msgqueue.mem)
    os_idle_thread_cb                        0x2000830c   Data          68  rtx_lib.o(.bss.os.thread.cb)
    [Anonymous Symbol]                       0x2000830c   Section        0  rtx_lib.o(.bss.os.thread.cb)
    os_timer_thread_cb                       0x20008350   Data          68  rtx_lib.o(.bss.os.thread.cb)
    os_idle_thread_stack                     0x20008398   Data         512  rtx_lib.o(.bss.os.thread.idle.stack)
    [Anonymous Symbol]                       0x20008398   Section        0  rtx_lib.o(.bss.os.thread.idle.stack)
    os_timer_thread_stack                    0x20008598   Data         512  rtx_lib.o(.bss.os.thread.timer.stack)
    [Anonymous Symbol]                       0x20008598   Section        0  rtx_lib.o(.bss.os.thread.timer.stack)
    os_kernel_is_active.os_kernel_active     0x20008798   Data           1  rtx_lib.o(.bss.os_kernel_is_active.os_kernel_active)
    [Anonymous Symbol]                       0x20008798   Section        0  rtx_lib.o(.bss.os_kernel_is_active.os_kernel_active)
    Heap_Mem                                 0x200087a8   Data         512  startup_stm32f446xx.o(HEAP)
    HEAP                                     0x200087a8   Section      512  startup_stm32f446xx.o(HEAP)
    Stack_Mem                                0x200089a8   Data        1024  startup_stm32f446xx.o(STACK)
    STACK                                    0x200089a8   Section     1024  startup_stm32f446xx.o(STACK)
    __initial_sp                             0x20008da8   Data           0  startup_stm32f446xx.o(STACK)
    FPCCR                                    0xe000ef34   Number         0  irq_armv7m.o ABSOLUTE

    Global Symbols

    Symbol Name                              Value     Ov Type        Size  Object(Section)

    BuildAttributes$$THM_ISAv4$E$P$D$K$B$S$7EM$VFPi3$EXTD16$VFPS$VFMA$PE$A:L22UL41UL21$X:L11$S22US41US21$IEEE1$IW$~IW$USESV6$~STKCKD$USESV7$~SHL$OSPACE$ROPI$EBA8$UX$STANDARDLIB$REQ8$PRES8$EABIv2 0x00000000   Number         0  anon$$obj.o ABSOLUTE
    .bss.os.evflags.cb$$Base                  - Undefined Weak Reference
    .bss.os.evflags.cb$$Limit                 - Undefined Weak Reference
    .bss.os.mempool.cb$$Base                  - Undefined Weak Reference
    .bss.os.mempool.cb$$Limit                 - Undefined Weak Reference
    .bss.os.mutex.cb$$Base                    - Undefined Weak Reference
    .bss.os.mutex.cb$$Limit                   - Undefined Weak Reference
    .bss.os.semaphore.cb$$Base                - Undefined Weak Reference
    .bss.os.semaphore.cb$$Limit               - Undefined Weak Reference
    .bss.os.timer.cb$$Base                    - Undefined Weak Reference
    .bss.os.timer.cb$$Limit                   - Undefined Weak Reference
    __ARM_exceptions_init                     - Undefined Weak Reference
    __alloca_initialize                       - Undefined Weak Reference
    __arm_preinit_                            - Undefined Weak Reference
    __cpp_initialize__aeabi_                  - Undefined Weak Reference
    __cxa_finalize                            - Undefined Weak Reference
    __rt_locale                               - Undefined Weak Reference
    __sigvec_lookup                           - Undefined Weak Reference
    _atexit_init                              - Undefined Weak Reference
    _call_atexit_fns                          - Undefined Weak Reference
    _clock_init                               - Undefined Weak Reference
    _fp_trap_init                             - Undefined Weak Reference
    _fp_trap_shutdown                         - Undefined Weak Reference
    _get_lc_collate                           - Undefined Weak Reference
    _get_lc_ctype                             - Undefined Weak Reference
    _get_lc_monetary                          - Undefined Weak Reference
    _get_lc_numeric                           - Undefined Weak Reference
    _get_lc_time                              - Undefined Weak Reference
    _getenv_init                              - Undefined Weak Reference
    _handle_redirection                       - Undefined Weak Reference
    _init_alloc                               - Undefined Weak Reference
    _init_user_alloc                          - Undefined Weak Reference
    _initio                                   - Undefined Weak Reference
    _rand_init                                - Undefined Weak Reference
    _signal_finish                            - Undefined Weak Reference
    _signal_init                              - Undefined Weak Reference
    _terminate_alloc                          - Undefined Weak Reference
    _terminate_user_alloc                     - Undefined Weak Reference
    _terminateio                              - Undefined Weak Reference
    __Vectors_Size                           0x000001c4   Number         0  startup_stm32f446xx.o ABSOLUTE
    __Vectors                                0x08000000   Data           4  startup_stm32f446xx.o(RESET)
    __Vectors_End                            0x080001c4   Data           0  startup_stm32f446xx.o(RESET)
    __main                                   0x080001c5   Thumb Code     8  __main.o(!!!main)
    __scatterload                            0x080001cd   Thumb Code     0  __scatter.o(!!!scatter)
    __scatterload_rt2                        0x080001cd   Thumb Code    44  __scatter.o(!!!scatter)
    __scatterload_rt2_thumb_only             0x080001cd   Thumb Code     0  __scatter.o(!!!scatter)
    __scatterload_null                       0x080001db   Thumb Code     0  __scatter.o(!!!scatter)
    __decompress                             0x08000201   Thumb Code    90  __dczerorl2.o(!!dczerorl2)
    __decompress1                            0x08000201   Thumb Code     0  __dczerorl2.o(!!dczerorl2)
    __scatterload_zeroinit                   0x0800025d   Thumb Code    28  __scatter_zi.o(!!handler_zi)
    __rt_lib_init                            0x08000279   Thumb Code     0  libinit.o(.ARM.Collect$$libinit$$00000000)
    __rt_lib_init_fp_1                       0x0800027b   Thumb Code     0  libinit2.o(.ARM.Collect$$libinit$$00000001)
    __rt_lib_init_alloca_1                   0x0800027f   Thumb Code     0  libinit2.o(.ARM.Collect$$libinit$$0000002E)
    __rt_lib_init_argv_1                     0x0800027f   Thumb Code     0  libinit2.o(.ARM.Collect$$libinit$$0000002C)
    __rt_lib_init_atexit_1                   0x0800027f   Thumb Code     0  libinit2.o(.ARM.Collect$$libinit$$0000001B)
    __rt_lib_init_clock_1                    0x0800027f   Thumb Code     0  libinit2.o(.ARM.Collect$$libinit$$00000021)
    __rt_lib_init_cpp_1                      0x0800027f   Thumb Code     0  libinit2.o(.ARM.Collect$$libinit$$00000032)
    __rt_lib_init_exceptions_1               0x0800027f   Thumb Code     0  libinit2.o(.ARM.Collect$$libinit$$00000030)
    __rt_lib_init_fp_trap_1                  0x0800027f   Thumb Code     0  libinit2.o(.ARM.Collect$$libinit$$0000001F)
    __rt_lib_init_getenv_1                   0x0800027f   Thumb Code     0  libinit2.o(.ARM.Collect$$libinit$$00000023)
    __rt_lib_init_heap_1                     0x0800027f   Thumb Code     0  libinit2.o(.ARM.Collect$$libinit$$0000000A)
    __rt_lib_init_lc_collate_1               0x0800027f   Thumb Code     0  libinit2.o(.ARM.Collect$$libinit$$00000011)
    __rt_lib_init_lc_ctype_1                 0x0800027f   Thumb Code     0  libinit2.o(.ARM.Collect$$libinit$$00000013)
    __rt_lib_init_lc_monetary_1              0x0800027f   Thumb Code     0  libinit2.o(.ARM.Collect$$libinit$$00000015)
    __rt_lib_init_lc_numeric_1               0x0800027f   Thumb Code     0  libinit2.o(.ARM.Collect$$libinit$$00000017)
    __rt_lib_init_lc_time_1                  0x0800027f   Thumb Code     0  libinit2.o(.ARM.Collect$$libinit$$00000019)
    __rt_lib_init_preinit_1                  0x0800027f   Thumb Code     0  libinit2.o(.ARM.Collect$$libinit$$00000004)
    __rt_lib_init_rand_1                     0x0800027f   Thumb Code     0  libinit2.o(.ARM.Collect$$libinit$$0000000E)
    __rt_lib_init_return                     0x0800027f   Thumb Code     0  libinit2.o(.ARM.Collect$$libinit$$00000033)
    __rt_lib_init_signal_1                   0x0800027f   Thumb Code     0  libinit2.o(.ARM.Collect$$libinit$$0000001D)
    __rt_lib_init_stdio_1                    0x0800027f   Thumb Code     0  libinit2.o(.ARM.Collect$$libinit$$00000025)
    __rt_lib_init_user_alloc_1               0x0800027f   Thumb Code     0  libinit2.o(.ARM.Collect$$libinit$$0000000C)
    __rt_lib_shutdown                        0x08000281   Thumb Code     0  libshutdown.o(.ARM.Collect$$libshutdown$$00000000)
    __rt_lib_shutdown_cpp_1                  0x08000283   Thumb Code     0  libshutdown2.o(.ARM.Collect$$libshutdown$$00000002)
    __rt_lib_shutdown_fp_trap_1              0x08000283   Thumb Code     0  libshutdown2.o(.ARM.Collect$$libshutdown$$00000007)
    __rt_lib_shutdown_heap_1                 0x08000283   Thumb Code     0  libshutdown2.o(.ARM.Collect$$libshutdown$$0000000F)
    __rt_lib_shutdown_return                 0x08000283   Thumb Code     0  libshutdown2.o(.ARM.Collect$$libshutdown$$00000010)
    __rt_lib_shutdown_signal_1               0x08000283   Thumb Code     0  libshutdown2.o(.ARM.Collect$$libshutdown$$0000000A)
    __rt_lib_shutdown_stdio_1                0x08000283   Thumb Code     0  libshutdown2.o(.ARM.Collect$$libshutdown$$00000004)
    __rt_lib_shutdown_user_alloc_1           0x08000283   Thumb Code     0  libshutdown2.o(.ARM.Collect$$libshutdown$$0000000C)
    __rt_entry                               0x08000285   Thumb Code     0  __rtentry.o(.ARM.Collect$$rtentry$$00000000)
    __rt_entry_presh_1                       0x08000285   Thumb Code     0  __rtentry2.o(.ARM.Collect$$rtentry$$00000002)
    __rt_entry_sh                            0x08000285   Thumb Code     0  __rtentry4.o(.ARM.Collect$$rtentry$$00000004)
    __rt_entry_postsh_1                      0x0800028b   Thumb Code     0  __rtentry2.o(.ARM.Collect$$rtentry$$00000008)
    __rt_entry_li                            0x08000293   Thumb Code     0  __rtentry2.o(.ARM.Collect$$rtentry$$0000000A)
    __rt_entry_main                          0x08000297   Thumb Code     0  __rtentry2.o(.ARM.Collect$$rtentry$$0000000D)
    __rt_entry_postli_1                      0x08000297   Thumb Code     0  __rtentry2.o(.ARM.Collect$$rtentry$$0000000C)
    __rt_exit                                0x0800029f   Thumb Code     0  rtexit.o(.ARM.Collect$$rtexit$$00000000)
    __rt_exit_ls                             0x080002a1   Thumb Code     0  rtexit2.o(.ARM.Collect$$rtexit$$00000003)
    __rt_exit_prels_1                        0x080002a1   Thumb Code     0  rtexit2.o(.ARM.Collect$$rtexit$$00000002)
    __rt_exit_exit                           0x080002a5   Thumb Code     0  rtexit2.o(.ARM.Collect$$rtexit$$00000004)
    SVC_Handler                              0x080002ad   Thumb Code   154  irq_armv7m.o(.text)
    PendSV_Handler                           0x08000347   Thumb Code    16  irq_armv7m.o(.text)
    SysTick_Handler                          0x08000357   Thumb Code    16  irq_armv7m.o(.text)
    Reset_Handler                            0x08000375   Thumb Code     8  startup_stm32f446xx.o(.text)
    NMI_Handler                              0x0800037d   Thumb Code     2  startup_stm32f446xx.o(.text)
    HardFault_Handler                        0x0800037f   Thumb Code     2  startup_stm32f446xx.o(.text)
    MemManage_Handler                        0x08000381   Thumb Code     2  startup_stm32f446xx.o(.text)
    BusFault_Handler                         0x08000383   Thumb Code     2  startup_stm32f446xx.o(.text)
    UsageFault_Handler                       0x08000385   Thumb Code     2  startup_stm32f446xx.o(.text)
    DebugMon_Handler                         0x08000389   Thumb Code     2  startup_stm32f446xx.o(.text)
    ADC_IRQHandler                           0x0800038f   Thumb Code     0  startup_stm32f446xx.o(.text)
    CAN1_RX0_IRQHandler                      0x0800038f   Thumb Code     0  startup_stm32f446xx.o(.text)
    CAN1_RX1_IRQHandler                      0x0800038f   Thumb Code     0  startup_stm32f446xx.o(.text)
    CAN1_SCE_IRQHandler                      0x0800038f   Thumb Code     0  startup_stm32f446xx.o(.text)
    CAN1_TX_IRQHandler                       0x0800038f   Thumb Code     0  startup_stm32f446xx.o(.text)
    CAN2_RX0_IRQHandler                      0x0800038f   Thumb Code     0  startup_stm32f446xx.o(.text)
    CAN2_RX1_IRQHandler                      0x0800038f   Thumb Code     0  startup_stm32f446xx.o(.text)
    CAN2_SCE_IRQHandler                      0x0800038f   Thumb Code     0  startup_stm32f446xx.o(.text)
    CAN2_TX_IRQHandler                       0x0800038f   Thumb Code     0  startup_stm32f446xx.o(.text)
    CEC_IRQHandler                           0x0800038f   Thumb Code     0  startup_stm32f446xx.o(.text)
    DCMI_IRQHandler                          0x0800038f   Thumb Code     0  startup_stm32f446xx.o(.text)
    DMA1_Stream0_IRQHandler                  0x0800038f   Thumb Code     0  startup_stm32f446xx.o(.text)
    DMA1_Stream1_IRQHandler                  0x0800038f   Thumb Code     0  startup_stm32f446xx.o(.text)
    DMA1_Stream2_IRQHandler                  0x0800038f   Thumb Code     0  startup_stm32f446xx.o(.text)
    DMA1_Stream3_IRQHandler                  0x0800038f   Thumb Code     0  startup_stm32f446xx.o(.text)
    DMA1_Stream4_IRQHandler                  0x0800038f   Thumb Code     0  startup_stm32f446xx.o(.text)
    DMA1_Stream5_IRQHandler                  0x0800038f   Thumb Code     0  startup_stm32f446xx.o(.text)
    DMA1_Stream6_IRQHandler                  0x0800038f   Thumb Code     0  startup_stm32f446xx.o(.text)
    DMA1_Stream7_IRQHandler                  0x0800038f   Thumb Code     0  startup_stm32f446xx.o(.text)
    DMA2_Stream0_IRQHandler                  0x0800038f   Thumb Code     0  startup_stm32f446xx.o(.text)
    DMA2_Stream1_IRQHandler                  0x0800038f   Thumb Code     0  startup_stm32f446xx.o(.text)
    DMA2_Stream2_IRQHandler                  0x0800038f   Thumb Code     0  startup_stm32f446xx.o(.text)
    DMA2_Stream3_IRQHandler                  0x0800038f   Thumb Code     0  startup_stm32f446xx.o(.text)
    DMA2_Stream4_IRQHandler                  0x0800038f   Thumb Code     0  startup_stm32f446xx.o(.text)
    DMA2_Stream5_IRQHandler                  0x0800038f   Thumb Code     0  startup_stm32f446xx.o(.text)
    DMA2_Stream6_IRQHandler                  0x0800038f   Thumb Code     0  startup_stm32f446xx.o(.text)
    DMA2_Stream7_IRQHandler                  0x0800038f   Thumb Code     0  startup_stm32f446xx.o(.text)
    EXTI0_IRQHandler                         0x0800038f   Thumb Code     0  startup_stm32f446xx.o(.text)
    EXTI15_10_IRQHandler                     0x0800038f   Thumb Code     0  startup_stm32f446xx.o(.text)
    EXTI1_IRQHandler                         0x0800038f   Thumb Code     0  startup_stm32f446xx.o(.text)
    EXTI2_IRQHandler                         0x0800038f   Thumb Code     0  startup_stm32f446xx.o(.text)
    EXTI3_IRQHandler                         0x0800038f   Thumb Code     0  startup_stm32f446xx.o(.text)
    EXTI4_IRQHandler                         0x0800038f   Thumb Code     0  startup_stm32f446xx.o(.text)
    EXTI9_5_IRQHandler                       0x0800038f   Thumb Code     0  startup_stm32f446xx.o(.text)
    FLASH_IRQHandler                         0x0800038f   Thumb Code     0  startup_stm32f446xx.o(.text)
    FMC_IRQHandler                           0x0800038f   Thumb Code     0  startup_stm32f446xx.o(.text)
    FMPI2C1_ER_IRQHandler                    0x0800038f   Thumb Code     0  startup_stm32f446xx.o(.text)
    FMPI2C1_EV_IRQHandler                    0x0800038f   Thumb Code     0  startup_stm32f446xx.o(.text)
    FPU_IRQHandler                           0x0800038f   Thumb Code     0  startup_stm32f446xx.o(.text)
    I2C1_ER_IRQHandler                       0x0800038f   Thumb Code     0  startup_stm32f446xx.o(.text)
    I2C1_EV_IRQHandler                       0x0800038f   Thumb Code     0  startup_stm32f446xx.o(.text)
    I2C2_ER_IRQHandler                       0x0800038f   Thumb Code     0  startup_stm32f446xx.o(.text)
    I2C2_EV_IRQHandler                       0x0800038f   Thumb Code     0  startup_stm32f446xx.o(.text)
    I2C3_ER_IRQHandler                       0x0800038f   Thumb Code     0  startup_stm32f446xx.o(.text)
    I2C3_EV_IRQHandler                       0x0800038f   Thumb Code     0  startup_stm32f446xx.o(.text)
    OTG_FS_IRQHandler                        0x0800038f   Thumb Code     0  startup_stm32f446xx.o(.text)
    OTG_FS_WKUP_IRQHandler                   0x0800038f   Thumb Code     0  startup_stm32f446xx.o(.text)
    OTG_HS_EP1_IN_IRQHandler                 0x0800038f   Thumb Code     0  startup_stm32f446xx.o(.text)
    OTG_HS_EP1_OUT_IRQHandler                0x0800038f   Thumb Code     0  startup_stm32f446xx.o(.text)
    OTG_HS_IRQHandler                        0x0800038f   Thumb Code     0  startup_stm32f446xx.o(.text)
    OTG_HS_WKUP_IRQHandler                   0x0800038f   Thumb Code     0  startup_stm32f446xx.o(.text)
    PVD_IRQHandler                           0x0800038f   Thumb Code     0  startup_stm32f446xx.o(.text)
    QUADSPI_IRQHandler                       0x0800038f   Thumb Code     0  startup_stm32f446xx.o(.text)
    RCC_IRQHandler                           0x0800038f   Thumb Code     0  startup_stm32f446xx.o(.text)
    RTC_Alarm_IRQHandler                     0x0800038f   Thumb Code     0  startup_stm32f446xx.o(.text)
    RTC_WKUP_IRQHandler                      0x0800038f   Thumb Code     0  startup_stm32f446xx.o(.text)
    SAI1_IRQHandler                          0x0800038f   Thumb Code     0  startup_stm32f446xx.o(.text)
    SAI2_IRQHandler                          0x0800038f   Thumb Code     0  startup_stm32f446xx.o(.text)
    SDIO_IRQHandler                          0x0800038f   Thumb Code     0  startup_stm32f446xx.o(.text)
    SPDIF_RX_IRQHandler                      0x0800038f   Thumb Code     0  startup_stm32f446xx.o(.text)
    SPI1_IRQHandler                          0x0800038f   Thumb Code     0  startup_stm32f446xx.o(.text)
    SPI2_IRQHandler                          0x0800038f   Thumb Code     0  startup_stm32f446xx.o(.text)
    SPI3_IRQHandler                          0x0800038f   Thumb Code     0  startup_stm32f446xx.o(.text)
    SPI4_IRQHandler                          0x0800038f   Thumb Code     0  startup_stm32f446xx.o(.text)
    TAMP_STAMP_IRQHandler                    0x0800038f   Thumb Code     0  startup_stm32f446xx.o(.text)
    TIM1_BRK_TIM9_IRQHandler                 0x0800038f   Thumb Code     0  startup_stm32f446xx.o(.text)
    TIM1_CC_IRQHandler                       0x0800038f   Thumb Code     0  startup_stm32f446xx.o(.text)
    TIM1_TRG_COM_TIM11_IRQHandler            0x0800038f   Thumb Code     0  startup_stm32f446xx.o(.text)
    TIM1_UP_TIM10_IRQHandler                 0x0800038f   Thumb Code     0  startup_stm32f446xx.o(.text)
    TIM3_IRQHandler                          0x0800038f   Thumb Code     0  startup_stm32f446xx.o(.text)
    TIM4_IRQHandler                          0x0800038f   Thumb Code     0  startup_stm32f446xx.o(.text)
    TIM5_IRQHandler                          0x0800038f   Thumb Code     0  startup_stm32f446xx.o(.text)
    TIM6_DAC_IRQHandler                      0x0800038f   Thumb Code     0  startup_stm32f446xx.o(.text)
    TIM7_IRQHandler                          0x0800038f   Thumb Code     0  startup_stm32f446xx.o(.text)
    TIM8_BRK_TIM12_IRQHandler                0x0800038f   Thumb Code     0  startup_stm32f446xx.o(.text)
    TIM8_CC_IRQHandler                       0x0800038f   Thumb Code     0  startup_stm32f446xx.o(.text)
    TIM8_TRG_COM_TIM14_IRQHandler            0x0800038f   Thumb Code     0  startup_stm32f446xx.o(.text)
    TIM8_UP_TIM13_IRQHandler                 0x0800038f   Thumb Code     0  startup_stm32f446xx.o(.text)
    UART4_IRQHandler                         0x0800038f   Thumb Code     0  startup_stm32f446xx.o(.text)
    UART5_IRQHandler                         0x0800038f   Thumb Code     0  startup_stm32f446xx.o(.text)
    USART1_IRQHandler                        0x0800038f   Thumb Code     0  startup_stm32f446xx.o(.text)
    USART2_IRQHandler                        0x0800038f   Thumb Code     0  startup_stm32f446xx.o(.text)
    USART3_IRQHandler                        0x0800038f   Thumb Code     0  startup_stm32f446xx.o(.text)
    USART6_IRQHandler                        0x0800038f   Thumb Code     0  startup_stm32f446xx.o(.text)
    WWDG_IRQHandler                          0x0800038f   Thumb Code     0  startup_stm32f446xx.o(.text)
    __user_initial_stackheap                 0x08000391   Thumb Code     0  startup_stm32f446xx.o(.text)
    __aeabi_memcpy                           0x080003b5   Thumb Code     0  rt_memcpy_v6.o(.text)
    __rt_memcpy                              0x080003b5   Thumb Code   138  rt_memcpy_v6.o(.text)
    _memcpy_lastbytes                        0x0800041b   Thumb Code     0  rt_memcpy_v6.o(.text)
    __aeabi_memclr                           0x0800043f   Thumb Code     0  rt_memclr.o(.text)
    __rt_memclr                              0x0800043f   Thumb Code     0  rt_memclr.o(.text)
    _memset                                  0x08000443   Thumb Code    64  rt_memclr.o(.text)
    __use_two_region_memory                  0x08000483   Thumb Code     2  heapauxi.o(.text)
    __rt_heap_escrow$2region                 0x08000485   Thumb Code     2  heapauxi.o(.text)
    __rt_heap_expand$2region                 0x08000487   Thumb Code     2  heapauxi.o(.text)
    __aeabi_memcpy4                          0x08000489   Thumb Code     0  rt_memcpy_w.o(.text)
    __aeabi_memcpy8                          0x08000489   Thumb Code     0  rt_memcpy_w.o(.text)
    __rt_memcpy_w                            0x08000489   Thumb Code   100  rt_memcpy_w.o(.text)
    _memcpy_lastbytes_aligned                0x080004d1   Thumb Code     0  rt_memcpy_w.o(.text)
    __aeabi_memclr4                          0x080004ed   Thumb Code     0  rt_memclr_w.o(.text)
    __aeabi_memclr8                          0x080004ed   Thumb Code     0  rt_memclr_w.o(.text)
    __rt_memclr_w                            0x080004ed   Thumb Code     0  rt_memclr_w.o(.text)
    _memset_w                                0x080004f1   Thumb Code    74  rt_memclr_w.o(.text)
    __user_setup_stackheap                   0x0800053b   Thumb Code    74  sys_stackheap_outer.o(.text)
    exit                                     0x08000585   Thumb Code    18  exit.o(.text)
    __user_libspace                          0x08000599   Thumb Code     8  libspace.o(.text)
    __user_perproc_libspace                  0x08000599   Thumb Code     0  libspace.o(.text)
    _sys_exit                                0x080005a1   Thumb Code     8  sys_exit.o(.text)
    __I$use$semihosting                      0x080005ad   Thumb Code     0  use_no_semi.o(.text)
    __use_no_semihosting_swi                 0x080005ad   Thumb Code     2  use_no_semi.o(.text)
    __semihosting_library_function           0x080005af   Thumb Code     0  indicate_semi.o(.text)
    EvrRtxDelayCompleted                     0x080005b1   Thumb Code     8  rtx_evr.o(.text.EvrRtxDelayCompleted)
    EvrRtxEventFlagsWaitTimeout              0x080005b9   Thumb Code     8  rtx_evr.o(.text.EvrRtxEventFlagsWaitTimeout)
    EvrRtxKernelError                        0x080005c1   Thumb Code     8  rtx_evr.o(.text.EvrRtxKernelError)
    EvrRtxKernelErrorNotify                  0x080005c9   Thumb Code    10  rtx_evr.o(.text.EvrRtxKernelErrorNotify)
    EvrRtxKernelGetState                     0x080005d5   Thumb Code     8  rtx_evr.o(.text.EvrRtxKernelGetState)
    EvrRtxKernelInitialize                   0x080005dd   Thumb Code     2  rtx_evr.o(.text.EvrRtxKernelInitialize)
    EvrRtxKernelInitialized                  0x080005e1   Thumb Code     2  rtx_evr.o(.text.EvrRtxKernelInitialized)
    EvrRtxMemoryAlloc                        0x080005e5   Thumb Code    14  rtx_evr.o(.text.EvrRtxMemoryAlloc)
    EvrRtxMemoryBlockAlloc                   0x080005f5   Thumb Code    10  rtx_evr.o(.text.EvrRtxMemoryBlockAlloc)
    EvrRtxMemoryBlockFree                    0x08000601   Thumb Code    12  rtx_evr.o(.text.EvrRtxMemoryBlockFree)
    EvrRtxMemoryBlockInit                    0x0800060d   Thumb Code    14  rtx_evr.o(.text.EvrRtxMemoryBlockInit)
    EvrRtxMemoryFree                         0x0800061d   Thumb Code    12  rtx_evr.o(.text.EvrRtxMemoryFree)
    EvrRtxMemoryInit                         0x08000629   Thumb Code    12  rtx_evr.o(.text.EvrRtxMemoryInit)
    EvrRtxMemoryPoolAllocTimeout             0x08000635   Thumb Code     8  rtx_evr.o(.text.EvrRtxMemoryPoolAllocTimeout)
    EvrRtxMessageQueueCreated                0x0800063d   Thumb Code    10  rtx_evr.o(.text.EvrRtxMessageQueueCreated)
    EvrRtxMessageQueueError                  0x08000649   Thumb Code    10  rtx_evr.o(.text.EvrRtxMessageQueueError)
    EvrRtxMessageQueueGet                    0x08000655   Thumb Code    14  rtx_evr.o(.text.EvrRtxMessageQueueGet)
    EvrRtxMessageQueueGetPending             0x08000665   Thumb Code    12  rtx_evr.o(.text.EvrRtxMessageQueueGetPending)
    EvrRtxMessageQueueGetTimeout             0x08000671   Thumb Code     8  rtx_evr.o(.text.EvrRtxMessageQueueGetTimeout)
    EvrRtxMessageQueueInsertPending          0x08000679   Thumb Code    10  rtx_evr.o(.text.EvrRtxMessageQueueInsertPending)
    EvrRtxMessageQueueInserted               0x08000685   Thumb Code    10  rtx_evr.o(.text.EvrRtxMessageQueueInserted)
    EvrRtxMessageQueueNotInserted            0x08000691   Thumb Code    10  rtx_evr.o(.text.EvrRtxMessageQueueNotInserted)
    EvrRtxMessageQueueNotRetrieved           0x0800069d   Thumb Code    10  rtx_evr.o(.text.EvrRtxMessageQueueNotRetrieved)
    EvrRtxMessageQueuePut                    0x080006a9   Thumb Code    16  rtx_evr.o(.text.EvrRtxMessageQueuePut)
    EvrRtxMessageQueuePutPending             0x080006b9   Thumb Code    12  rtx_evr.o(.text.EvrRtxMessageQueuePutPending)
    EvrRtxMessageQueuePutTimeout             0x080006c5   Thumb Code     8  rtx_evr.o(.text.EvrRtxMessageQueuePutTimeout)
    EvrRtxMessageQueueRetrieved              0x080006cd   Thumb Code    10  rtx_evr.o(.text.EvrRtxMessageQueueRetrieved)
    EvrRtxMutexAcquire                       0x080006d9   Thumb Code    10  rtx_evr.o(.text.EvrRtxMutexAcquire)
    EvrRtxMutexAcquirePending                0x080006e5   Thumb Code    10  rtx_evr.o(.text.EvrRtxMutexAcquirePending)
    EvrRtxMutexAcquireTimeout                0x080006f1   Thumb Code     8  rtx_evr.o(.text.EvrRtxMutexAcquireTimeout)
    EvrRtxMutexAcquired                      0x080006f9   Thumb Code    10  rtx_evr.o(.text.EvrRtxMutexAcquired)
    EvrRtxMutexCreated                       0x08000705   Thumb Code    10  rtx_evr.o(.text.EvrRtxMutexCreated)
    EvrRtxMutexDelete                        0x08000711   Thumb Code     8  rtx_evr.o(.text.EvrRtxMutexDelete)
    EvrRtxMutexDestroyed                     0x08000719   Thumb Code     8  rtx_evr.o(.text.EvrRtxMutexDestroyed)
    EvrRtxMutexError                         0x08000721   Thumb Code    10  rtx_evr.o(.text.EvrRtxMutexError)
    EvrRtxMutexNew                           0x0800072d   Thumb Code     8  rtx_evr.o(.text.EvrRtxMutexNew)
    EvrRtxMutexNotAcquired                   0x08000735   Thumb Code     8  rtx_evr.o(.text.EvrRtxMutexNotAcquired)
    EvrRtxMutexRelease                       0x0800073d   Thumb Code     8  rtx_evr.o(.text.EvrRtxMutexRelease)
    EvrRtxMutexReleased                      0x08000745   Thumb Code    10  rtx_evr.o(.text.EvrRtxMutexReleased)
    EvrRtxSemaphoreAcquireTimeout            0x08000751   Thumb Code     8  rtx_evr.o(.text.EvrRtxSemaphoreAcquireTimeout)
    EvrRtxThreadBlocked                      0x08000759   Thumb Code    10  rtx_evr.o(.text.EvrRtxThreadBlocked)
    EvrRtxThreadFlagsWaitTimeout             0x08000765   Thumb Code     8  rtx_evr.o(.text.EvrRtxThreadFlagsWaitTimeout)
    EvrRtxThreadPreempted                    0x0800076d   Thumb Code     8  rtx_evr.o(.text.EvrRtxThreadPreempted)
    EvrRtxThreadSwitched                     0x08000775   Thumb Code     8  rtx_evr.o(.text.EvrRtxThreadSwitched)
    EvrRtxThreadUnblocked                    0x0800077d   Thumb Code    10  rtx_evr.o(.text.EvrRtxThreadUnblocked)
    EvrRtxTimerCallback                      0x08000789   Thumb Code    10  rtx_evr.o(.text.EvrRtxTimerCallback)
    OS_Tick_AcknowledgeIRQ                   0x080009dd   Thumb Code    12  os_systick.o(.text.OS_Tick_AcknowledgeIRQ)
    SystemInit                               0x08000a11   Thumb Code    32  system_stm32f4xx.o(.text.SystemInit)
    TIM2_IRQHandler                          0x08000a31   Thumb Code   244  main.o(.text.TIM2_IRQHandler)
    _mutex_acquire                           0x08000c1d   Thumb Code    32  rtx_lib.o(.text._mutex_acquire)
    _mutex_free                              0x08000c3d   Thumb Code    18  rtx_lib.o(.text._mutex_free)
    _mutex_initialize                        0x08000c51   Thumb Code    50  rtx_lib.o(.text._mutex_initialize)
    _mutex_release                           0x08000c85   Thumb Code    28  rtx_lib.o(.text._mutex_release)
    _platform_post_stackheap_init            0x08000ca1   Thumb Code     8  rtx_lib.o(.text._platform_post_stackheap_init)
    initClock                                0x08000e49   Thumb Code   204  drivers.o(.text.initClock)
    initHSYNC                                0x08000f15   Thumb Code   282  drivers.o(.text.initHSYNC)
    initSPI2                                 0x08001031   Thumb Code   276  drivers.o(.text.initSPI2)
    initTable                                0x08001145   Thumb Code    94  vga.o(.text.initTable)
    initVSYNC                                0x080011a5   Thumb Code   278  drivers.o(.text.initVSYNC)
    main                                     0x080014d1   Thumb Code    64  main.o(.text.main)
    osKernelGetState                         0x08001511   Thumb Code    66  rtx_kernel.o(.text.osKernelGetState)
    osKernelInitialize                       0x08001555   Thumb Code    74  rtx_kernel.o(.text.osKernelInitialize)
    osMessageQueueGet                        0x080015a1   Thumb Code   126  rtx_msgqueue.o(.text.osMessageQueueGet)
    osMessageQueuePut                        0x08001621   Thumb Code   138  rtx_msgqueue.o(.text.osMessageQueuePut)
    osMutexAcquire                           0x080016ad   Thumb Code   100  rtx_mutex.o(.text.osMutexAcquire)
    osMutexDelete                            0x08001711   Thumb Code    86  rtx_mutex.o(.text.osMutexDelete)
    osMutexNew                               0x08001769   Thumb Code    86  rtx_mutex.o(.text.osMutexNew)
    osMutexRelease                           0x080017c1   Thumb Code    86  rtx_mutex.o(.text.osMutexRelease)
    osRtxErrorNotify                         0x08001819   Thumb Code    46  rtx_config.o(.text.osRtxErrorNotify)
    osRtxKernelErrorNotify                   0x08001861   Thumb Code    28  rtx_kernel.o(.text.osRtxKernelErrorNotify)
    osRtxKernelPreInit                       0x08001895   Thumb Code     2  rtx_kernel.o(.text.osRtxKernelPreInit)
    osRtxMemoryAlloc                         0x080018a5   Thumb Code   332  rtx_memory.o(.text.osRtxMemoryAlloc)
    osRtxMemoryFree                          0x080019f1   Thumb Code   194  rtx_memory.o(.text.osRtxMemoryFree)
    osRtxMemoryInit                          0x08001ab5   Thumb Code   150  rtx_memory.o(.text.osRtxMemoryInit)
    osRtxMemoryPoolAlloc                     0x08001b4d   Thumb Code    74  rtx_mempool.o(.text.osRtxMemoryPoolAlloc)
    osRtxMemoryPoolFree                      0x08001b99   Thumb Code   100  rtx_mempool.o(.text.osRtxMemoryPoolFree)
    osRtxMemoryPoolInit                      0x08001bfd   Thumb Code   152  rtx_mempool.o(.text.osRtxMemoryPoolInit)
    osRtxMessageQueueTimerSetup              0x08001e15   Thumb Code    62  rtx_msgqueue.o(.text.osRtxMessageQueueTimerSetup)
    osRtxMutexOwnerRestore                   0x08001e6d   Thumb Code   172  rtx_mutex.o(.text.osRtxMutexOwnerRestore)
    osRtxPendSV_Handler                      0x08001f49   Thumb Code   184  rtx_system.o(.text.osRtxPendSV_Handler)
    osRtxPostProcess                         0x08002001   Thumb Code    66  rtx_system.o(.text.osRtxPostProcess)
    osRtxThreadDelayTick                     0x0800227d   Thumb Code   396  rtx_thread.o(.text.osRtxThreadDelayTick)
    osRtxThreadDispatch                      0x08002409   Thumb Code   150  rtx_thread.o(.text.osRtxThreadDispatch)
    osRtxThreadListGet                       0x080024d1   Thumb Code    54  rtx_thread.o(.text.osRtxThreadListGet)
    osRtxThreadListPut                       0x08002509   Thumb Code   118  rtx_thread.o(.text.osRtxThreadListPut)
    osRtxThreadListRemove                    0x08002581   Thumb Code    50  rtx_thread.o(.text.osRtxThreadListRemove)
    osRtxThreadListSort                      0x080025d9   Thumb Code    88  rtx_thread.o(.text.osRtxThreadListSort)
    osRtxThreadReadyPut                      0x08002649   Thumb Code    32  rtx_thread.o(.text.osRtxThreadReadyPut)
    osRtxThreadRegPtr                        0x08002669   Thumb Code    34  rtx_thread.o(.text.osRtxThreadRegPtr)
    osRtxThreadSwitch                        0x080026a1   Thumb Code    34  rtx_thread.o(.text.osRtxThreadSwitch)
    osRtxThreadWaitEnter                     0x080026c5   Thumb Code   118  rtx_thread.o(.text.osRtxThreadWaitEnter)
    osRtxThreadWaitExit                      0x0800273d   Thumb Code    70  rtx_thread.o(.text.osRtxThreadWaitExit)
    osRtxTick_Handler                        0x08002785   Thumb Code   272  rtx_system.o(.text.osRtxTick_Handler)
    osRtxTimerSetup                          0x08002895   Thumb Code    48  rtx_timer.o(.text.osRtxTimerSetup)
    osRtxTimerThread                         0x080028c5   Thumb Code    50  rtx_timer.o(.text.osRtxTimerThread)
    startup                                  0x08002a0d   Thumb Code    28  drivers.o(.text.startup)
    updateBuffer                             0x08003861   Thumb Code    60  vga.o(.text.updateBuffer)
    _fp_init                                 0x0800389d   Thumb Code    26  fpinit.o(x$fpl$fpinit)
    __fplib_config_fpu_vfp                   0x080038b5   Thumb Code     0  fpinit.o(x$fpl$fpinit)
    __fplib_config_pureend_doubles           0x080038b5   Thumb Code     0  fpinit.o(x$fpl$fpinit)
    osRtxConfig                              0x080038b8   Data         112  rtx_lib.o(.rodata)
    os_cb_sections                           0x08003928   Data          56  rtx_lib.o(.rodata)
    osRtxUserSVC                             0x08003960   Data           4  rtx_lib.o(.rodata.osRtxUserSVC)
    Region$$Table$$Base                      0x080039d0   Number         0  anon$$obj.o(Region$$Table)
    Region$$Table$$Limit                     0x080039f0   Number         0  anon$$obj.o(Region$$Table)
    osRtxInfo                                0x20000000   Data         164  rtx_kernel.o(.data.os)
    vgaMaj                                   0x200000a4   Data         104  vga.o(.data.vgaMaj)
    vgaMajA                                  0x2000010c   Data           8  vga.o(.data.vgaMajA)
    vgaMajB                                  0x20000114   Data           8  vga.o(.data.vgaMajB)
    vgaMajC                                  0x2000011c   Data           8  vga.o(.data.vgaMajC)
    vgaMajD                                  0x20000124   Data           8  vga.o(.data.vgaMajD)
    vgaMajE                                  0x2000012c   Data           8  vga.o(.data.vgaMajE)
    vgaMajF                                  0x20000134   Data           8  vga.o(.data.vgaMajF)
    vgaMajG                                  0x2000013c   Data           8  vga.o(.data.vgaMajG)
    vgaMajH                                  0x20000144   Data           8  vga.o(.data.vgaMajH)
    vgaMajI                                  0x2000014c   Data           8  vga.o(.data.vgaMajI)
    vgaMajJ                                  0x20000154   Data           8  vga.o(.data.vgaMajJ)
    vgaMajK                                  0x2000015c   Data           8  vga.o(.data.vgaMajK)
    vgaMajL                                  0x20000164   Data           8  vga.o(.data.vgaMajL)
    vgaMajM                                  0x2000016c   Data           8  vga.o(.data.vgaMajM)
    vgaMajN                                  0x20000174   Data           8  vga.o(.data.vgaMajN)
    vgaMajO                                  0x2000017c   Data           8  vga.o(.data.vgaMajO)
    vgaMajP                                  0x20000184   Data           8  vga.o(.data.vgaMajP)
    vgaMajQ                                  0x2000018c   Data           8  vga.o(.data.vgaMajQ)
    vgaMajR                                  0x20000194   Data           8  vga.o(.data.vgaMajR)
    vgaMajS                                  0x2000019c   Data           8  vga.o(.data.vgaMajS)
    vgaMajT                                  0x200001a4   Data           8  vga.o(.data.vgaMajT)
    vgaMajU                                  0x200001ac   Data           8  vga.o(.data.vgaMajU)
    vgaMajV                                  0x200001b4   Data           8  vga.o(.data.vgaMajV)
    vgaMajW                                  0x200001bc   Data           8  vga.o(.data.vgaMajW)
    vgaMajX                                  0x200001c4   Data           8  vga.o(.data.vgaMajX)
    vgaMajY                                  0x200001cc   Data           8  vga.o(.data.vgaMajY)
    vgaMajZ                                  0x200001d4   Data           8  vga.o(.data.vgaMajZ)
    __libspace_start                         0x200001e0   Data          96  libspace.o(.bss)
    __temporary_stack_top$libspace           0x20000240   Data           0  libspace.o(.bss)
    .bss.os.msgqueue.cb$$Base                0x20008288   Number         0  rtx_lib.o(.bss.os.msgqueue.cb)
    .bss.os.msgqueue.cb$$Limit               0x200082bc   Number         0  rtx_lib.o(.bss.os.msgqueue.cb)
    .bss.os.thread.cb$$Base                  0x2000830c   Number         0  rtx_lib.o(.bss.os.thread.cb)
    .bss.os.thread.cb$$Limit                 0x20008394   Number         0  rtx_lib.o(.bss.os.thread.cb)
    vgaBuffA                                 0x2000879c   Data           4  main.o(.bss.vgaBuffA)
    vgaBuffB                                 0x200087a0   Data           4  main.o(.bss.vgaBuffB)
    vgaBuffNext                              0x200087a4   Data           4  main.o(.bss.vgaBuffNext)



==============================================================================

Memory Map of the image

  Image Entry point : 0x08000375

  Load Region LR_1 (Base: 0x08000000, Size: 0x00003bcc, Max: 0xffffffff, ABSOLUTE, COMPRESSED[0x00003ae0])

    Execution Region ER_RO (Exec base: 0x08000000, Load base: 0x08000000, Size: 0x000039f0, Max: 0xffffffff, ABSOLUTE)

    Exec Addr    Load Addr    Size         Type   Attr      Idx    E Section Name        Object

    0x08000000   0x08000000   0x000001c4   Data   RO         1225    RESET               startup_stm32f446xx.o
    0x080001c4   0x080001c4   0x00000008   Code   RO         1254  * !!!main             c_w.l(__main.o)
    0x080001cc   0x080001cc   0x00000034   Code   RO         1421    !!!scatter          c_w.l(__scatter.o)
    0x08000200   0x08000200   0x0000005a   Code   RO         1419    !!dczerorl2         c_w.l(__dczerorl2.o)
    0x0800025a   0x0800025a   0x00000002   PAD
    0x0800025c   0x0800025c   0x0000001c   Code   RO         1423    !!handler_zi        c_w.l(__scatter_zi.o)
    0x08000278   0x08000278   0x00000002   Code   RO         1283    .ARM.Collect$$libinit$$00000000  c_w.l(libinit.o)
    0x0800027a   0x0800027a   0x00000004   Code   RO         1289    .ARM.Collect$$libinit$$00000001  c_w.l(libinit2.o)
    0x0800027e   0x0800027e   0x00000000   Code   RO         1292    .ARM.Collect$$libinit$$00000004  c_w.l(libinit2.o)
    0x0800027e   0x0800027e   0x00000000   Code   RO         1295    .ARM.Collect$$libinit$$0000000A  c_w.l(libinit2.o)
    0x0800027e   0x0800027e   0x00000000   Code   RO         1297    .ARM.Collect$$libinit$$0000000C  c_w.l(libinit2.o)
    0x0800027e   0x0800027e   0x00000000   Code   RO         1299    .ARM.Collect$$libinit$$0000000E  c_w.l(libinit2.o)
    0x0800027e   0x0800027e   0x00000000   Code   RO         1302    .ARM.Collect$$libinit$$00000011  c_w.l(libinit2.o)
    0x0800027e   0x0800027e   0x00000000   Code   RO         1304    .ARM.Collect$$libinit$$00000013  c_w.l(libinit2.o)
    0x0800027e   0x0800027e   0x00000000   Code   RO         1306    .ARM.Collect$$libinit$$00000015  c_w.l(libinit2.o)
    0x0800027e   0x0800027e   0x00000000   Code   RO         1308    .ARM.Collect$$libinit$$00000017  c_w.l(libinit2.o)
    0x0800027e   0x0800027e   0x00000000   Code   RO         1310    .ARM.Collect$$libinit$$00000019  c_w.l(libinit2.o)
    0x0800027e   0x0800027e   0x00000000   Code   RO         1312    .ARM.Collect$$libinit$$0000001B  c_w.l(libinit2.o)
    0x0800027e   0x0800027e   0x00000000   Code   RO         1314    .ARM.Collect$$libinit$$0000001D  c_w.l(libinit2.o)
    0x0800027e   0x0800027e   0x00000000   Code   RO         1316    .ARM.Collect$$libinit$$0000001F  c_w.l(libinit2.o)
    0x0800027e   0x0800027e   0x00000000   Code   RO         1318    .ARM.Collect$$libinit$$00000021  c_w.l(libinit2.o)
    0x0800027e   0x0800027e   0x00000000   Code   RO         1320    .ARM.Collect$$libinit$$00000023  c_w.l(libinit2.o)
    0x0800027e   0x0800027e   0x00000000   Code   RO         1322    .ARM.Collect$$libinit$$00000025  c_w.l(libinit2.o)
    0x0800027e   0x0800027e   0x00000000   Code   RO         1326    .ARM.Collect$$libinit$$0000002C  c_w.l(libinit2.o)
    0x0800027e   0x0800027e   0x00000000   Code   RO         1328    .ARM.Collect$$libinit$$0000002E  c_w.l(libinit2.o)
    0x0800027e   0x0800027e   0x00000000   Code   RO         1330    .ARM.Collect$$libinit$$00000030  c_w.l(libinit2.o)
    0x0800027e   0x0800027e   0x00000000   Code   RO         1332    .ARM.Collect$$libinit$$00000032  c_w.l(libinit2.o)
    0x0800027e   0x0800027e   0x00000002   Code   RO         1333    .ARM.Collect$$libinit$$00000033  c_w.l(libinit2.o)
    0x08000280   0x08000280   0x00000002   Code   RO         1355    .ARM.Collect$$libshutdown$$00000000  c_w.l(libshutdown.o)
    0x08000282   0x08000282   0x00000000   Code   RO         1370    .ARM.Collect$$libshutdown$$00000002  c_w.l(libshutdown2.o)
    0x08000282   0x08000282   0x00000000   Code   RO         1372    .ARM.Collect$$libshutdown$$00000004  c_w.l(libshutdown2.o)
    0x08000282   0x08000282   0x00000000   Code   RO         1375    .ARM.Collect$$libshutdown$$00000007  c_w.l(libshutdown2.o)
    0x08000282   0x08000282   0x00000000   Code   RO         1378    .ARM.Collect$$libshutdown$$0000000A  c_w.l(libshutdown2.o)
    0x08000282   0x08000282   0x00000000   Code   RO         1380    .ARM.Collect$$libshutdown$$0000000C  c_w.l(libshutdown2.o)
    0x08000282   0x08000282   0x00000000   Code   RO         1383    .ARM.Collect$$libshutdown$$0000000F  c_w.l(libshutdown2.o)
    0x08000282   0x08000282   0x00000002   Code   RO         1384    .ARM.Collect$$libshutdown$$00000010  c_w.l(libshutdown2.o)
    0x08000284   0x08000284   0x00000000   Code   RO         1256    .ARM.Collect$$rtentry$$00000000  c_w.l(__rtentry.o)
    0x08000284   0x08000284   0x00000000   Code   RO         1262    .ARM.Collect$$rtentry$$00000002  c_w.l(__rtentry2.o)
    0x08000284   0x08000284   0x00000006   Code   RO         1274    .ARM.Collect$$rtentry$$00000004  c_w.l(__rtentry4.o)
    0x0800028a   0x0800028a   0x00000008   Code   RO         1263    .ARM.Collect$$rtentry$$00000008  c_w.l(__rtentry2.o)
    0x08000292   0x08000292   0x00000004   Code   RO         1265    .ARM.Collect$$rtentry$$0000000A  c_w.l(__rtentry2.o)
    0x08000296   0x08000296   0x00000000   Code   RO         1267    .ARM.Collect$$rtentry$$0000000C  c_w.l(__rtentry2.o)
    0x08000296   0x08000296   0x00000008   Code   RO         1268    .ARM.Collect$$rtentry$$0000000D  c_w.l(__rtentry2.o)
    0x0800029e   0x0800029e   0x00000002   Code   RO         1287    .ARM.Collect$$rtexit$$00000000  c_w.l(rtexit.o)
    0x080002a0   0x080002a0   0x00000000   Code   RO         1335    .ARM.Collect$$rtexit$$00000002  c_w.l(rtexit2.o)
    0x080002a0   0x080002a0   0x00000004   Code   RO         1336    .ARM.Collect$$rtexit$$00000003  c_w.l(rtexit2.o)
    0x080002a4   0x080002a4   0x00000006   Code   RO         1337    .ARM.Collect$$rtexit$$00000004  c_w.l(rtexit2.o)
    0x080002aa   0x080002aa   0x00000002   PAD
    0x080002ac   0x080002ac   0x000000c8   Code   RO           76    .text               irq_armv7m.o
    0x08000374   0x08000374   0x00000040   Code   RO         1226  * .text               startup_stm32f446xx.o
    0x080003b4   0x080003b4   0x0000008a   Code   RO         1248    .text               c_w.l(rt_memcpy_v6.o)
    0x0800043e   0x0800043e   0x00000044   Code   RO         1250    .text               c_w.l(rt_memclr.o)
    0x08000482   0x08000482   0x00000006   Code   RO         1252    .text               c_w.l(heapauxi.o)
    0x08000488   0x08000488   0x00000064   Code   RO         1257    .text               c_w.l(rt_memcpy_w.o)
    0x080004ec   0x080004ec   0x0000004e   Code   RO         1259    .text               c_w.l(rt_memclr_w.o)
    0x0800053a   0x0800053a   0x0000004a   Code   RO         1276    .text               c_w.l(sys_stackheap_outer.o)
    0x08000584   0x08000584   0x00000012   Code   RO         1278    .text               c_w.l(exit.o)
    0x08000596   0x08000596   0x00000002   PAD
    0x08000598   0x08000598   0x00000008   Code   RO         1284    .text               c_w.l(libspace.o)
    0x080005a0   0x080005a0   0x0000000c   Code   RO         1345    .text               c_w.l(sys_exit.o)
    0x080005ac   0x080005ac   0x00000002   Code   RO         1360    .text               c_w.l(use_no_semi.o)
    0x080005ae   0x080005ae   0x00000000   Code   RO         1362    .text               c_w.l(indicate_semi.o)
    0x080005ae   0x080005ae   0x00000002   PAD
    0x080005b0   0x080005b0   0x00000008   Code   RO          318    .text.EvrRtxDelayCompleted  rtx_evr.o
    0x080005b8   0x080005b8   0x00000008   Code   RO          366    .text.EvrRtxEventFlagsWaitTimeout  rtx_evr.o
    0x080005c0   0x080005c0   0x00000008   Code   RO          180    .text.EvrRtxKernelError  rtx_evr.o
    0x080005c8   0x080005c8   0x0000000a   Code   RO          224    .text.EvrRtxKernelErrorNotify  rtx_evr.o
    0x080005d2   0x080005d2   0x00000002   PAD
    0x080005d4   0x080005d4   0x00000008   Code   RO          190    .text.EvrRtxKernelGetState  rtx_evr.o
    0x080005dc   0x080005dc   0x00000002   Code   RO          182    .text.EvrRtxKernelInitialize  rtx_evr.o
    0x080005de   0x080005de   0x00000002   PAD
    0x080005e0   0x080005e0   0x00000002   Code   RO          184    .text.EvrRtxKernelInitialized  rtx_evr.o
    0x080005e2   0x080005e2   0x00000002   PAD
    0x080005e4   0x080005e4   0x0000000e   Code   RO          170    .text.EvrRtxMemoryAlloc  rtx_evr.o
    0x080005f2   0x080005f2   0x00000002   PAD
    0x080005f4   0x080005f4   0x0000000a   Code   RO          176    .text.EvrRtxMemoryBlockAlloc  rtx_evr.o
    0x080005fe   0x080005fe   0x00000002   PAD
    0x08000600   0x08000600   0x0000000c   Code   RO          178    .text.EvrRtxMemoryBlockFree  rtx_evr.o
    0x0800060c   0x0800060c   0x0000000e   Code   RO          174    .text.EvrRtxMemoryBlockInit  rtx_evr.o
    0x0800061a   0x0800061a   0x00000002   PAD
    0x0800061c   0x0800061c   0x0000000c   Code   RO          172    .text.EvrRtxMemoryFree  rtx_evr.o
    0x08000628   0x08000628   0x0000000c   Code   RO          168    .text.EvrRtxMemoryInit  rtx_evr.o
    0x08000634   0x08000634   0x00000008   Code   RO          444    .text.EvrRtxMemoryPoolAllocTimeout  rtx_evr.o
    0x0800063c   0x0800063c   0x0000000a   Code   RO          472    .text.EvrRtxMessageQueueCreated  rtx_evr.o
    0x08000646   0x08000646   0x00000002   PAD
    0x08000648   0x08000648   0x0000000a   Code   RO          468    .text.EvrRtxMessageQueueError  rtx_evr.o
    0x08000652   0x08000652   0x00000002   PAD
    0x08000654   0x08000654   0x0000000e   Code   RO          488    .text.EvrRtxMessageQueueGet  rtx_evr.o
    0x08000662   0x08000662   0x00000002   PAD
    0x08000664   0x08000664   0x0000000c   Code   RO          490    .text.EvrRtxMessageQueueGetPending  rtx_evr.o
    0x08000670   0x08000670   0x00000008   Code   RO          492    .text.EvrRtxMessageQueueGetTimeout  rtx_evr.o
    0x08000678   0x08000678   0x0000000a   Code   RO          482    .text.EvrRtxMessageQueueInsertPending  rtx_evr.o
    0x08000682   0x08000682   0x00000002   PAD
    0x08000684   0x08000684   0x0000000a   Code   RO          484    .text.EvrRtxMessageQueueInserted  rtx_evr.o
    0x0800068e   0x0800068e   0x00000002   PAD
    0x08000690   0x08000690   0x0000000a   Code   RO          486    .text.EvrRtxMessageQueueNotInserted  rtx_evr.o
    0x0800069a   0x0800069a   0x00000002   PAD
    0x0800069c   0x0800069c   0x0000000a   Code   RO          496    .text.EvrRtxMessageQueueNotRetrieved  rtx_evr.o
    0x080006a6   0x080006a6   0x00000002   PAD
    0x080006a8   0x080006a8   0x00000010   Code   RO          476    .text.EvrRtxMessageQueuePut  rtx_evr.o
    0x080006b8   0x080006b8   0x0000000c   Code   RO          478    .text.EvrRtxMessageQueuePutPending  rtx_evr.o
    0x080006c4   0x080006c4   0x00000008   Code   RO          480    .text.EvrRtxMessageQueuePutTimeout  rtx_evr.o
    0x080006cc   0x080006cc   0x0000000a   Code   RO          494    .text.EvrRtxMessageQueueRetrieved  rtx_evr.o
    0x080006d6   0x080006d6   0x00000002   PAD
    0x080006d8   0x080006d8   0x0000000a   Code   RO          384    .text.EvrRtxMutexAcquire  rtx_evr.o
    0x080006e2   0x080006e2   0x00000002   PAD
    0x080006e4   0x080006e4   0x0000000a   Code   RO          386    .text.EvrRtxMutexAcquirePending  rtx_evr.o
    0x080006ee   0x080006ee   0x00000002   PAD
    0x080006f0   0x080006f0   0x00000008   Code   RO          388    .text.EvrRtxMutexAcquireTimeout  rtx_evr.o
    0x080006f8   0x080006f8   0x0000000a   Code   RO          390    .text.EvrRtxMutexAcquired  rtx_evr.o
    0x08000702   0x08000702   0x00000002   PAD
    0x08000704   0x08000704   0x0000000a   Code   RO          380    .text.EvrRtxMutexCreated  rtx_evr.o
    0x0800070e   0x0800070e   0x00000002   PAD
    0x08000710   0x08000710   0x00000008   Code   RO          400    .text.EvrRtxMutexDelete  rtx_evr.o
    0x08000718   0x08000718   0x00000008   Code   RO          402    .text.EvrRtxMutexDestroyed  rtx_evr.o
    0x08000720   0x08000720   0x0000000a   Code   RO          376    .text.EvrRtxMutexError  rtx_evr.o
    0x0800072a   0x0800072a   0x00000002   PAD
    0x0800072c   0x0800072c   0x00000008   Code   RO          378    .text.EvrRtxMutexNew  rtx_evr.o
    0x08000734   0x08000734   0x00000008   Code   RO          392    .text.EvrRtxMutexNotAcquired  rtx_evr.o
    0x0800073c   0x0800073c   0x00000008   Code   RO          394    .text.EvrRtxMutexRelease  rtx_evr.o
    0x08000744   0x08000744   0x0000000a   Code   RO          396    .text.EvrRtxMutexReleased  rtx_evr.o
    0x0800074e   0x0800074e   0x00000002   PAD
    0x08000750   0x08000750   0x00000008   Code   RO          416    .text.EvrRtxSemaphoreAcquireTimeout  rtx_evr.o
    0x08000758   0x08000758   0x0000000a   Code   RO          268    .text.EvrRtxThreadBlocked  rtx_evr.o
    0x08000762   0x08000762   0x00000002   PAD
    0x08000764   0x08000764   0x00000008   Code   RO          302    .text.EvrRtxThreadFlagsWaitTimeout  rtx_evr.o
    0x0800076c   0x0800076c   0x00000008   Code   RO          272    .text.EvrRtxThreadPreempted  rtx_evr.o
    0x08000774   0x08000774   0x00000008   Code   RO          274    .text.EvrRtxThreadSwitched  rtx_evr.o
    0x0800077c   0x0800077c   0x0000000a   Code   RO          270    .text.EvrRtxThreadUnblocked  rtx_evr.o
    0x08000786   0x08000786   0x00000002   PAD
    0x08000788   0x08000788   0x0000000a   Code   RO          322    .text.EvrRtxTimerCallback  rtx_evr.o
    0x08000792   0x08000792   0x00000002   PAD
    0x08000794   0x08000794   0x00000014   Code   RO          527    .text.IsException   rtx_kernel.o
    0x080007a8   0x080007a8   0x00000014   Code   RO          743    .text.IsException   rtx_msgqueue.o
    0x080007bc   0x080007bc   0x00000014   Code   RO          820    .text.IsException   rtx_mutex.o
    0x080007d0   0x080007d0   0x0000002e   Code   RO          529    .text.IsIrqMasked   rtx_kernel.o
    0x080007fe   0x080007fe   0x00000002   PAD
    0x08000800   0x08000800   0x0000002e   Code   RO          745    .text.IsIrqMasked   rtx_msgqueue.o
    0x0800082e   0x0800082e   0x00000002   PAD
    0x08000830   0x08000830   0x0000002e   Code   RO          822    .text.IsIrqMasked   rtx_mutex.o
    0x0800085e   0x0800085e   0x00000002   PAD
    0x08000860   0x08000860   0x00000014   Code   RO          533    .text.IsPrivileged  rtx_kernel.o
    0x08000874   0x08000874   0x00000018   Code   RO          649    .text.MemBlockPtr   rtx_memory.o
    0x0800088c   0x0800088c   0x0000000a   Code   RO          647    .text.MemHeadPtr    rtx_memory.o
    0x08000896   0x08000896   0x00000002   PAD
    0x08000898   0x08000898   0x00000052   Code   RO          793    .text.MessageQueueGet  rtx_msgqueue.o
    0x080008ea   0x080008ea   0x00000002   PAD
    0x080008ec   0x080008ec   0x000000ac   Code   RO          783    .text.MessageQueuePut  rtx_msgqueue.o
    0x08000998   0x08000998   0x00000042   Code   RO          779    .text.MessageQueueRemove  rtx_msgqueue.o
    0x080009da   0x080009da   0x00000002   PAD
    0x080009dc   0x080009dc   0x0000000c   Code   RO         1193    .text.OS_Tick_AcknowledgeIRQ  os_systick.o
    0x080009e8   0x080009e8   0x00000010   Code   RO          934    .text.SetPendSV     rtx_system.o
    0x080009f8   0x080009f8   0x00000018   Code   RO          981    .text.StackOffsetR0  rtx_thread.o
    0x08000a10   0x08000a10   0x00000020   Code   RO         1233    .text.SystemInit    system_stm32f4xx.o
    0x08000a30   0x08000a30   0x000000f4   Code   RO            2    .text.TIM2_IRQHandler  main.o
    0x08000b24   0x08000b24   0x0000009e   Code   RO         1162    .text.TimerInsert   rtx_timer.o
    0x08000bc2   0x08000bc2   0x00000002   PAD
    0x08000bc4   0x08000bc4   0x00000028   Code   RO         1158    .text.TimerUnlink   rtx_timer.o
    0x08000bec   0x08000bec   0x00000030   Code   RO           28    .text.__NVIC_EnableIRQ  drivers.o
    0x08000c1c   0x08000c1c   0x00000020   Code   RO          618    .text._mutex_acquire  rtx_lib.o
    0x08000c3c   0x08000c3c   0x00000012   Code   RO          622    .text._mutex_free   rtx_lib.o
    0x08000c4e   0x08000c4e   0x00000002   PAD
    0x08000c50   0x08000c50   0x00000032   Code   RO          616    .text._mutex_initialize  rtx_lib.o
    0x08000c82   0x08000c82   0x00000002   PAD
    0x08000c84   0x08000c84   0x0000001c   Code   RO          620    .text._mutex_release  rtx_lib.o
    0x08000ca0   0x08000ca0   0x00000008   Code   RO          610    .text._platform_post_stackheap_init  rtx_lib.o
    0x08000ca8   0x08000ca8   0x0000002c   Code   RO          936    .text.atomic_dec16_nz  rtx_system.o
    0x08000cd4   0x08000cd4   0x00000020   Code   RO          674    .text.atomic_dec32  rtx_mempool.o
    0x08000cf4   0x08000cf4   0x00000028   Code   RO          795    .text.atomic_dec32_nz  rtx_msgqueue.o
    0x08000d1c   0x08000d1c   0x00000034   Code   RO          938    .text.atomic_inc16_lim  rtx_system.o
    0x08000d50   0x08000d50   0x00000038   Code   RO          942    .text.atomic_inc16_lt  rtx_system.o
    0x08000d88   0x08000d88   0x00000020   Code   RO          668    .text.atomic_inc32  rtx_mempool.o
    0x08000da8   0x08000da8   0x00000020   Code   RO          785    .text.atomic_inc32  rtx_msgqueue.o
    0x08000dc8   0x08000dc8   0x00000028   Code   RO          666    .text.atomic_link_get  rtx_mempool.o
    0x08000df0   0x08000df0   0x00000030   Code   RO          672    .text.atomic_link_put  rtx_mempool.o
    0x08000e20   0x08000e20   0x00000028   Code   RO          797    .text.atomic_wr8    rtx_msgqueue.o
    0x08000e48   0x08000e48   0x000000cc   Code   RO           20    .text.initClock     drivers.o
    0x08000f14   0x08000f14   0x0000011a   Code   RO           26    .text.initHSYNC     drivers.o
    0x0800102e   0x0800102e   0x00000002   PAD
    0x08001030   0x08001030   0x00000114   Code   RO           22    .text.initSPI2      drivers.o
    0x08001144   0x08001144   0x0000005e   Code   RO           39    .text.initTable     vga.o
    0x080011a2   0x080011a2   0x00000002   PAD
    0x080011a4   0x080011a4   0x00000116   Code   RO           24    .text.initVSYNC     drivers.o
    0x080012ba   0x080012ba   0x00000002   PAD
    0x080012bc   0x080012bc   0x000000a8   Code   RO          755    .text.isrRtxMessageQueueGet  rtx_msgqueue.o
    0x08001364   0x08001364   0x000000b8   Code   RO          751    .text.isrRtxMessageQueuePut  rtx_msgqueue.o
    0x0800141c   0x0800141c   0x00000054   Code   RO          918    .text.isr_queue_get  rtx_system.o
    0x08001470   0x08001470   0x0000005e   Code   RO          932    .text.isr_queue_put  rtx_system.o
    0x080014ce   0x080014ce   0x00000002   PAD
    0x080014d0   0x080014d0   0x00000040   Code   RO            4    .text.main          main.o
    0x08001510   0x08001510   0x00000042   Code   RO          537    .text.osKernelGetState  rtx_kernel.o
    0x08001552   0x08001552   0x00000002   PAD
    0x08001554   0x08001554   0x0000004a   Code   RO          525    .text.osKernelInitialize  rtx_kernel.o
    0x0800159e   0x0800159e   0x00000002   PAD
    0x080015a0   0x080015a0   0x0000007e   Code   RO          753    .text.osMessageQueueGet  rtx_msgqueue.o
    0x0800161e   0x0800161e   0x00000002   PAD
    0x08001620   0x08001620   0x0000008a   Code   RO          749    .text.osMessageQueuePut  rtx_msgqueue.o
    0x080016aa   0x080016aa   0x00000002   PAD
    0x080016ac   0x080016ac   0x00000064   Code   RO          826    .text.osMutexAcquire  rtx_mutex.o
    0x08001710   0x08001710   0x00000056   Code   RO          832    .text.osMutexDelete  rtx_mutex.o
    0x08001766   0x08001766   0x00000002   PAD
    0x08001768   0x08001768   0x00000056   Code   RO          818    .text.osMutexNew    rtx_mutex.o
    0x080017be   0x080017be   0x00000002   PAD
    0x080017c0   0x080017c0   0x00000056   Code   RO          828    .text.osMutexRelease  rtx_mutex.o
    0x08001816   0x08001816   0x00000002   PAD
    0x08001818   0x08001818   0x0000002e   Code   RO         1215    .text.osRtxErrorNotify  rtx_config.o
    0x08001846   0x08001846   0x00000002   PAD
    0x08001848   0x08001848   0x0000000a   Code   RO          922    .text.osRtxEventFlagsObject  rtx_system.o
    0x08001852   0x08001852   0x00000002   PAD
    0x08001854   0x08001854   0x0000000a   Code   RO          969    .text.osRtxEventFlagsObject  rtx_thread.o
    0x0800185e   0x0800185e   0x00000002   PAD
    0x08001860   0x08001860   0x0000001c   Code   RO          523    .text.osRtxKernelErrorNotify  rtx_kernel.o
    0x0800187c   0x0800187c   0x0000000c   Code   RO          914    .text.osRtxKernelGetState  rtx_system.o
    0x08001888   0x08001888   0x0000000c   Code   RO          987    .text.osRtxKernelGetState  rtx_thread.o
    0x08001894   0x08001894   0x00000002   Code   RO          521    .text.osRtxKernelPreInit  rtx_kernel.o
    0x08001896   0x08001896   0x00000002   PAD
    0x08001898   0x08001898   0x0000000c   Code   RO          571    .text.osRtxKernelState  rtx_kernel.o
    0x080018a4   0x080018a4   0x0000014c   Code   RO          651    .text.osRtxMemoryAlloc  rtx_memory.o
    0x080019f0   0x080019f0   0x000000c2   Code   RO          653    .text.osRtxMemoryFree  rtx_memory.o
    0x08001ab2   0x08001ab2   0x00000002   PAD
    0x08001ab4   0x08001ab4   0x00000096   Code   RO          645    .text.osRtxMemoryInit  rtx_memory.o
    0x08001b4a   0x08001b4a   0x00000002   PAD
    0x08001b4c   0x08001b4c   0x0000004a   Code   RO          664    .text.osRtxMemoryPoolAlloc  rtx_mempool.o
    0x08001b96   0x08001b96   0x00000002   PAD
    0x08001b98   0x08001b98   0x00000064   Code   RO          670    .text.osRtxMemoryPoolFree  rtx_mempool.o
    0x08001bfc   0x08001bfc   0x00000098   Code   RO          662    .text.osRtxMemoryPoolInit  rtx_mempool.o
    0x08001c94   0x08001c94   0x0000000a   Code   RO          926    .text.osRtxMemoryPoolObject  rtx_system.o
    0x08001c9e   0x08001c9e   0x00000002   PAD
    0x08001ca0   0x08001ca0   0x0000000a   Code   RO          975    .text.osRtxMemoryPoolObject  rtx_thread.o
    0x08001caa   0x08001caa   0x00000002   PAD
    0x08001cac   0x08001cac   0x0000000a   Code   RO          928    .text.osRtxMessageObject  rtx_system.o
    0x08001cb6   0x08001cb6   0x00000002   PAD
    0x08001cb8   0x08001cb8   0x0000000a   Code   RO          737    .text.osRtxMessageQueueId  rtx_msgqueue.o
    0x08001cc2   0x08001cc2   0x00000002   PAD
    0x08001cc4   0x08001cc4   0x0000000a   Code   RO          977    .text.osRtxMessageQueueObject  rtx_thread.o
    0x08001cce   0x08001cce   0x00000002   PAD
    0x08001cd0   0x08001cd0   0x00000144   Code   RO          777    .text.osRtxMessageQueuePostProcess  rtx_msgqueue.o
    0x08001e14   0x08001e14   0x0000003e   Code   RO          735    .text.osRtxMessageQueueTimerSetup  rtx_msgqueue.o
    0x08001e52   0x08001e52   0x00000002   PAD
    0x08001e54   0x08001e54   0x0000000a   Code   RO          838    .text.osRtxMutexId  rtx_mutex.o
    0x08001e5e   0x08001e5e   0x00000002   PAD
    0x08001e60   0x08001e60   0x0000000a   Code   RO          971    .text.osRtxMutexObject  rtx_thread.o
    0x08001e6a   0x08001e6a   0x00000002   PAD
    0x08001e6c   0x08001e6c   0x000000ac   Code   RO          816    .text.osRtxMutexOwnerRestore  rtx_mutex.o
    0x08001f18   0x08001f18   0x0000000a   Code   RO          781    .text.osRtxObject   rtx_msgqueue.o
    0x08001f22   0x08001f22   0x00000002   PAD
    0x08001f24   0x08001f24   0x0000000a   Code   RO          814    .text.osRtxObject   rtx_mutex.o
    0x08001f2e   0x08001f2e   0x00000002   PAD
    0x08001f30   0x08001f30   0x0000000a   Code   RO          940    .text.osRtxObject   rtx_system.o
    0x08001f3a   0x08001f3a   0x00000002   PAD
    0x08001f3c   0x08001f3c   0x0000000a   Code   RO          959    .text.osRtxObject   rtx_thread.o
    0x08001f46   0x08001f46   0x00000002   PAD
    0x08001f48   0x08001f48   0x000000b8   Code   RO          916    .text.osRtxPendSV_Handler  rtx_system.o
    0x08002000   0x08002000   0x00000042   Code   RO          930    .text.osRtxPostProcess  rtx_system.o
    0x08002042   0x08002042   0x00000002   PAD
    0x08002044   0x08002044   0x0000000a   Code   RO          924    .text.osRtxSemaphoreObject  rtx_system.o
    0x0800204e   0x0800204e   0x00000002   PAD
    0x08002050   0x08002050   0x0000000a   Code   RO          973    .text.osRtxSemaphoreObject  rtx_thread.o
    0x0800205a   0x0800205a   0x00000002   PAD
    0x0800205c   0x0800205c   0x00000088   Code   RO          991    .text.osRtxThreadBlock  rtx_thread.o
    0x080020e4   0x080020e4   0x000000fa   Code   RO          999    .text.osRtxThreadDelayInsert  rtx_thread.o
    0x080021de   0x080021de   0x00000002   PAD
    0x080021e0   0x080021e0   0x0000009c   Code   RO          995    .text.osRtxThreadDelayRemove  rtx_thread.o
    0x0800227c   0x0800227c   0x0000018c   Code   RO          965    .text.osRtxThreadDelayTick  rtx_thread.o
    0x08002408   0x08002408   0x00000096   Code   RO          985    .text.osRtxThreadDispatch  rtx_thread.o
    0x0800249e   0x0800249e   0x00000002   PAD
    0x080024a0   0x080024a0   0x0000000c   Code   RO          791    .text.osRtxThreadGetRunning  rtx_msgqueue.o
    0x080024ac   0x080024ac   0x0000000c   Code   RO          842    .text.osRtxThreadGetRunning  rtx_mutex.o
    0x080024b8   0x080024b8   0x0000000c   Code   RO          989    .text.osRtxThreadGetRunning  rtx_thread.o
    0x080024c4   0x080024c4   0x0000000c   Code   RO         1156    .text.osRtxThreadGetRunning  rtx_timer.o
    0x080024d0   0x080024d0   0x00000036   Code   RO          955    .text.osRtxThreadListGet  rtx_thread.o
    0x08002506   0x08002506   0x00000002   PAD
    0x08002508   0x08002508   0x00000076   Code   RO          951    .text.osRtxThreadListPut  rtx_thread.o
    0x0800257e   0x0800257e   0x00000002   PAD
    0x08002580   0x08002580   0x00000032   Code   RO          961    .text.osRtxThreadListRemove  rtx_thread.o
    0x080025b2   0x080025b2   0x00000002   PAD
    0x080025b4   0x080025b4   0x00000022   Code   RO          967    .text.osRtxThreadListRoot  rtx_thread.o
    0x080025d6   0x080025d6   0x00000002   PAD
    0x080025d8   0x080025d8   0x00000058   Code   RO          957    .text.osRtxThreadListSort  rtx_thread.o
    0x08002630   0x08002630   0x0000000a   Code   RO          920    .text.osRtxThreadObject  rtx_system.o
    0x0800263a   0x0800263a   0x00000002   PAD
    0x0800263c   0x0800263c   0x0000000a   Code   RO          953    .text.osRtxThreadObject  rtx_thread.o
    0x08002646   0x08002646   0x00000002   PAD
    0x08002648   0x08002648   0x00000020   Code   RO          963    .text.osRtxThreadReadyPut  rtx_thread.o
    0x08002668   0x08002668   0x00000022   Code   RO          979    .text.osRtxThreadRegPtr  rtx_thread.o
    0x0800268a   0x0800268a   0x00000002   PAD
    0x0800268c   0x0800268c   0x00000014   Code   RO         1160    .text.osRtxThreadSetRunning  rtx_timer.o
    0x080026a0   0x080026a0   0x00000022   Code   RO          983    .text.osRtxThreadSwitch  rtx_thread.o
    0x080026c2   0x080026c2   0x00000002   PAD
    0x080026c4   0x080026c4   0x00000076   Code   RO          997    .text.osRtxThreadWaitEnter  rtx_thread.o
    0x0800273a   0x0800273a   0x00000002   PAD
    0x0800273c   0x0800273c   0x00000046   Code   RO          993    .text.osRtxThreadWaitExit  rtx_thread.o
    0x08002782   0x08002782   0x00000002   PAD
    0x08002784   0x08002784   0x00000110   Code   RO          912    .text.osRtxTick_Handler  rtx_system.o
    0x08002894   0x08002894   0x00000030   Code   RO         1134    .text.osRtxTimerSetup  rtx_timer.o
    0x080028c4   0x080028c4   0x00000032   Code   RO         1138    .text.osRtxTimerThread  rtx_timer.o
    0x080028f6   0x080028f6   0x00000002   PAD
    0x080028f8   0x080028f8   0x000000dc   Code   RO         1136    .text.osRtxTimerTick  rtx_timer.o
    0x080029d4   0x080029d4   0x00000036   Code   RO          614    .text.os_kernel_is_active  rtx_lib.o
    0x08002a0a   0x08002a0a   0x00000002   PAD
    0x08002a0c   0x08002a0c   0x0000001c   Code   RO           18    .text.startup       drivers.o
    0x08002a28   0x08002a28   0x00000016   Code   RO          539    .text.svcRtxKernelGetState  rtx_kernel.o
    0x08002a3e   0x08002a3e   0x00000002   PAD
    0x08002a40   0x08002a40   0x000002f8   Code   RO          569    .text.svcRtxKernelInitialize  rtx_kernel.o
    0x08002d38   0x08002d38   0x0000017a   Code   RO          799    .text.svcRtxMessageQueueGet  rtx_msgqueue.o
    0x08002eb2   0x08002eb2   0x00000002   PAD
    0x08002eb4   0x08002eb4   0x0000029c   Code   RO          739    .text.svcRtxMessageQueueNew  rtx_msgqueue.o
    0x08003150   0x08003150   0x00000170   Code   RO          789    .text.svcRtxMessageQueuePut  rtx_msgqueue.o
    0x080032c0   0x080032c0   0x00000172   Code   RO          840    .text.svcRtxMutexAcquire  rtx_mutex.o
    0x08003432   0x08003432   0x00000002   PAD
    0x08003434   0x08003434   0x0000016e   Code   RO          848    .text.svcRtxMutexDelete  rtx_mutex.o
    0x080035a2   0x080035a2   0x00000002   PAD
    0x080035a4   0x080035a4   0x0000011e   Code   RO          834    .text.svcRtxMutexNew  rtx_mutex.o
    0x080036c2   0x080036c2   0x00000002   PAD
    0x080036c4   0x080036c4   0x0000019c   Code   RO          844    .text.svcRtxMutexRelease  rtx_mutex.o
    0x08003860   0x08003860   0x0000003c   Code   RO           37    .text.updateBuffer  vga.o
    0x0800389c   0x0800389c   0x0000001a   Code   RO         1343    x$fpl$fpinit        fz_wm.l(fpinit.o)
    0x080038b6   0x080038b6   0x00000002   PAD
    0x080038b8   0x080038b8   0x000000a8   Data   RO          628    .rodata             rtx_lib.o
    0x08003960   0x08003960   0x00000004   Data   RO          630    .rodata.osRtxUserSVC  rtx_lib.o
    0x08003964   0x08003964   0x00000024   Data   RO          625    .rodata.os_idle_thread_attr  rtx_lib.o
    0x08003988   0x08003988   0x00000018   Data   RO          627    .rodata.os_timer_mq_attr  rtx_lib.o
    0x080039a0   0x080039a0   0x00000024   Data   RO          626    .rodata.os_timer_thread_attr  rtx_lib.o
    0x080039c4   0x080039c4   0x0000000b   Data   RO          601    .rodata.str1.1      rtx_kernel.o
    0x080039cf   0x080039cf   0x00000001   PAD
    0x080039d0   0x080039d0   0x00000020   Data   RO         1418    Region$$Table       anon$$obj.o


    Execution Region ER_RW (Exec base: 0x20000000, Load base: 0x080039f0, Size: 0x000001dc, Max: 0xffffffff, ABSOLUTE, COMPRESSED[0x000000f0])

    Exec Addr    Load Addr    Size         Type   Attr      Idx    E Section Name        Object

    0x20000000   COMPRESSED   0x000000a4   Data   RW          602    .data.os            rtx_kernel.o
    0x200000a4   COMPRESSED   0x00000068   Data   RW           69    .data.vgaMaj        vga.o
    0x2000010c   COMPRESSED   0x00000008   Data   RW           43    .data.vgaMajA       vga.o
    0x20000114   COMPRESSED   0x00000008   Data   RW           44    .data.vgaMajB       vga.o
    0x2000011c   COMPRESSED   0x00000008   Data   RW           45    .data.vgaMajC       vga.o
    0x20000124   COMPRESSED   0x00000008   Data   RW           46    .data.vgaMajD       vga.o
    0x2000012c   COMPRESSED   0x00000008   Data   RW           47    .data.vgaMajE       vga.o
    0x20000134   COMPRESSED   0x00000008   Data   RW           48    .data.vgaMajF       vga.o
    0x2000013c   COMPRESSED   0x00000008   Data   RW           49    .data.vgaMajG       vga.o
    0x20000144   COMPRESSED   0x00000008   Data   RW           50    .data.vgaMajH       vga.o
    0x2000014c   COMPRESSED   0x00000008   Data   RW           51    .data.vgaMajI       vga.o
    0x20000154   COMPRESSED   0x00000008   Data   RW           52    .data.vgaMajJ       vga.o
    0x2000015c   COMPRESSED   0x00000008   Data   RW           53    .data.vgaMajK       vga.o
    0x20000164   COMPRESSED   0x00000008   Data   RW           54    .data.vgaMajL       vga.o
    0x2000016c   COMPRESSED   0x00000008   Data   RW           55    .data.vgaMajM       vga.o
    0x20000174   COMPRESSED   0x00000008   Data   RW           56    .data.vgaMajN       vga.o
    0x2000017c   COMPRESSED   0x00000008   Data   RW           57    .data.vgaMajO       vga.o
    0x20000184   COMPRESSED   0x00000008   Data   RW           58    .data.vgaMajP       vga.o
    0x2000018c   COMPRESSED   0x00000008   Data   RW           59    .data.vgaMajQ       vga.o
    0x20000194   COMPRESSED   0x00000008   Data   RW           60    .data.vgaMajR       vga.o
    0x2000019c   COMPRESSED   0x00000008   Data   RW           61    .data.vgaMajS       vga.o
    0x200001a4   COMPRESSED   0x00000008   Data   RW           62    .data.vgaMajT       vga.o
    0x200001ac   COMPRESSED   0x00000008   Data   RW           63    .data.vgaMajU       vga.o
    0x200001b4   COMPRESSED   0x00000008   Data   RW           64    .data.vgaMajV       vga.o
    0x200001bc   COMPRESSED   0x00000008   Data   RW           65    .data.vgaMajW       vga.o
    0x200001c4   COMPRESSED   0x00000008   Data   RW           66    .data.vgaMajX       vga.o
    0x200001cc   COMPRESSED   0x00000008   Data   RW           67    .data.vgaMajY       vga.o
    0x200001d4   COMPRESSED   0x00000008   Data   RW           68    .data.vgaMajZ       vga.o


    Execution Region ER_ZI (Exec base: 0x200001e0, Load base: 0x08003ae0, Size: 0x00008bc8, Max: 0xffffffff, ABSOLUTE)

    Exec Addr    Load Addr    Size         Type   Attr      Idx    E Section Name        Object

    0x200001e0        -       0x00000060   Zero   RW         1285    .bss                c_w.l(libspace.o)
    0x20000240        -       0x00000004   Zero   RW            6    .bss.TIM2_IRQHandler.line  main.o
    0x20000244   0x08003ae0   0x00000004   PAD
    0x20000248        -       0x00008040   Zero   RW          624    .bss.os             rtx_lib.o
    0x20008288        -       0x00000034   Zero   RW          635    .bss.os.msgqueue.cb  rtx_lib.o
    0x200082bc        -       0x00000050   Zero   RW          636    .bss.os.msgqueue.mem  rtx_lib.o
    0x2000830c        -       0x00000088   Zero   RW          632    .bss.os.thread.cb   rtx_lib.o
    0x20008394   0x08003ae0   0x00000004   PAD
    0x20008398        -       0x00000200   Zero   RW          633    .bss.os.thread.idle.stack  rtx_lib.o
    0x20008598        -       0x00000200   Zero   RW          634    .bss.os.thread.timer.stack  rtx_lib.o
    0x20008798        -       0x00000001   Zero   RW          637    .bss.os_kernel_is_active.os_kernel_active  rtx_lib.o
    0x20008799   0x08003ae0   0x00000003   PAD
    0x2000879c        -       0x00000004   Zero   RW            8    .bss.vgaBuffA       main.o
    0x200087a0        -       0x00000004   Zero   RW            9    .bss.vgaBuffB       main.o
    0x200087a4        -       0x00000004   Zero   RW            7    .bss.vgaBuffNext    main.o
    0x200087a8        -       0x00000200   Zero   RW         1224    HEAP                startup_stm32f446xx.o
    0x200089a8        -       0x00000400   Zero   RW         1223    STACK               startup_stm32f446xx.o


==============================================================================

Image component sizes


      Code (inc. data)   RO Data    RW Data    ZI Data      Debug   Object Name

      1116          0          0          0          0       5897   drivers.o
       200         12          0          0          0        745   irq_armv7m.o
       308          0          0          0         16       1849   main.o
        12          0          0          0          0       4731   os_systick.o
        46          6          0          0          0        714   rtx_config.o
       438          0          0          0          0      24933   rtx_evr.o
      1050          0         11        164          0      14464   rtx_kernel.o
       190          0        268          0      34125       7143   rtx_lib.o
       710          0          0          0          0       2366   rtx_memory.o
       478          0          0          0          0      12279   rtx_mempool.o
      2946          0          0          0          0      15031   rtx_msgqueue.o
      2062          0          0          0          0       8869   rtx_mutex.o
       940         10          0          0          0       6175   rtx_system.o
      1838          0          0          0          0      27671   rtx_thread.o
       548          0          0          0          0       8870   rtx_timer.o
        64         26        452          0       1536        884   startup_stm32f446xx.o
        32          0          0          0          0       2734   system_stm32f4xx.o
       154          0          0        312          0       1936   vga.o

    ----------------------------------------------------------------------
     13300         54        764        476      35688     147291   Object Totals
         0          0         32          0          0          0   (incl. Generated)
       168          0          1          0         11          0   (incl. Padding)

    ----------------------------------------------------------------------

      Code (inc. data)   RO Data    RW Data    ZI Data      Debug   Library Member Name

        90          0          0          0          0          0   __dczerorl2.o
         8          0          0          0          0         68   __main.o
         0          0          0          0          0          0   __rtentry.o
        20          0          0          0          0          0   __rtentry2.o
         6          0          0          0          0          0   __rtentry4.o
        52          8          0          0          0          0   __scatter.o
        28          0          0          0          0          0   __scatter_zi.o
        18          0          0          0          0         80   exit.o
         6          0          0          0          0        152   heapauxi.o
         0          0          0          0          0          0   indicate_semi.o
         2          0          0          0          0          0   libinit.o
         6          0          0          0          0          0   libinit2.o
         2          0          0          0          0          0   libshutdown.o
         2          0          0          0          0          0   libshutdown2.o
         8          4          0          0         96         68   libspace.o
        68          0          0          0          0         68   rt_memclr.o
        78          0          0          0          0         80   rt_memclr_w.o
       138          0          0          0          0         68   rt_memcpy_v6.o
       100          0          0          0          0         80   rt_memcpy_w.o
         2          0          0          0          0          0   rtexit.o
        10          0          0          0          0          0   rtexit2.o
        12          4          0          0          0         68   sys_exit.o
        74          0          0          0          0         80   sys_stackheap_outer.o
         2          0          0          0          0         68   use_no_semi.o
        26          0          0          0          0        116   fpinit.o

    ----------------------------------------------------------------------
       768         16          0          0         96        996   Library Totals
        10          0          0          0          0          0   (incl. Padding)

    ----------------------------------------------------------------------

      Code (inc. data)   RO Data    RW Data    ZI Data      Debug   Library Name

       732         16          0          0         96        880   c_w.l
        26          0          0          0          0        116   fz_wm.l

    ----------------------------------------------------------------------
       768         16          0          0         96        996   Library Totals

    ----------------------------------------------------------------------

==============================================================================


      Code (inc. data)   RO Data    RW Data    ZI Data      Debug   

     14068         70        764        476      35784     147623   Grand Totals
     14068         70        764        240      35784     147623   ELF Image Totals (compressed)
     14068         70        764        240          0          0   ROM Totals

==============================================================================

    Total RO  Size (Code + RO Data)                14832 (  14.48kB)
    Total RW  Size (RW Data + ZI Data)             36260 (  35.41kB)
    Total ROM Size (Code + RO Data + RW Data)      15072 (  14.72kB)

==============================================================================

