Component: ARM Compiler 6.16 Tool: armlink [5dfeaa00]

==============================================================================

Section Cross References

    main.o(.text.TIM2_IRQHandler) refers to main.o(.bss..L_MergedGlobals) for .L_MergedGlobals
    main.o(.text.TIM2_IRQHandler) refers to vga.o(.text.updateBuffer) for updateBuffer
    main.o(.text.TIM2_IRQHandler) refers to main.o(.rodata.str1.1) for .L.str.4
    main.o(.ARM.exidx.text.TIM2_IRQHandler) refers to main.o(.text.TIM2_IRQHandler) for [Anonymous Symbol]
    main.o(.text.main) refers to main.o(.bss..L_MergedGlobals) for .L_MergedGlobals
    main.o(.text.main) refers to vga.o(.text.initTable) for initTable
    main.o(.text.main) refers to drivers.o(.text.startup) for startup
    main.o(.ARM.exidx.text.main) refers to main.o(.text.main) for [Anonymous Symbol]
    drivers.o(.ARM.exidx.text.startup) refers to drivers.o(.text.startup) for [Anonymous Symbol]
    drivers.o(.ARM.exidx.text.initClock) refers to drivers.o(.text.initClock) for [Anonymous Symbol]
    drivers.o(.ARM.exidx.text.initSPI2) refers to drivers.o(.text.initSPI2) for [Anonymous Symbol]
    drivers.o(.ARM.exidx.text.initVSYNC) refers to drivers.o(.text.initVSYNC) for [Anonymous Symbol]
    drivers.o(.ARM.exidx.text.initHSYNC) refers to drivers.o(.text.initHSYNC) for [Anonymous Symbol]
    vga.o(.text.updateBuffer) refers to rt_memclr.o(.text) for __aeabi_memclr
    vga.o(.text.updateBuffer) refers to strlen.o(.text) for strlen
    vga.o(.text.updateBuffer) refers to vga.o(.data.vgaChar) for vgaChar
    vga.o(.ARM.exidx.text.updateBuffer) refers to vga.o(.text.updateBuffer) for [Anonymous Symbol]
    vga.o(.text.initTable) refers to aeabi_memset.o(.text) for __aeabi_memset
    vga.o(.ARM.exidx.text.initTable) refers to vga.o(.text.initTable) for [Anonymous Symbol]
    vga.o(.text.charToVga) refers to vga.o(.data.vgaChar) for vgaChar
    vga.o(.ARM.exidx.text.charToVga) refers to vga.o(.text.charToVga) for [Anonymous Symbol]
    vga.o(.data.vgaChar) refers to vga.o(.bss.vgaChar_space) for vgaChar_space
    vga.o(.data.vgaChar) refers to vga.o(.data.vgaChar_exclamation) for vgaChar_exclamation
    vga.o(.data.vgaChar) refers to vga.o(.data.vgaChar_appostrophe) for vgaChar_appostrophe
    vga.o(.data.vgaChar) refers to vga.o(.data.vgaChar_hash) for vgaChar_hash
    vga.o(.data.vgaChar) refers to vga.o(.data.vgaChar_dollar) for vgaChar_dollar
    vga.o(.data.vgaChar) refers to vga.o(.data.vgaChar_purcent) for vgaChar_purcent
    vga.o(.data.vgaChar) refers to vga.o(.data.vgaChar_eperlu) for vgaChar_eperlu
    vga.o(.data.vgaChar) refers to vga.o(.data.vgaChar_crochet) for vgaChar_crochet
    vga.o(.data.vgaChar) refers to vga.o(.data.vgaChar_par1) for vgaChar_par1
    vga.o(.data.vgaChar) refers to vga.o(.data.vgaChar_par2) for vgaChar_par2
    vga.o(.data.vgaChar) refers to vga.o(.data.vgaChar_asterix) for vgaChar_asterix
    vga.o(.data.vgaChar) refers to vga.o(.data.vgaChar_plus) for vgaChar_plus
    vga.o(.data.vgaChar) refers to vga.o(.data.vgaChar_colon) for vgaChar_colon
    vga.o(.data.vgaChar) refers to vga.o(.data.vgaChar_minus) for vgaChar_minus
    vga.o(.data.vgaChar) refers to vga.o(.data.vgaChar_dot) for vgaChar_dot
    vga.o(.data.vgaChar) refers to vga.o(.data.vgaChar_slash) for vgaChar_slash
    vga.o(.data.vgaChar) refers to vga.o(.data.vgaChar_0) for vgaChar_0
    vga.o(.data.vgaChar) refers to vga.o(.data.vgaChar_1) for vgaChar_1
    vga.o(.data.vgaChar) refers to vga.o(.data.vgaChar_2) for vgaChar_2
    vga.o(.data.vgaChar) refers to vga.o(.data.vgaChar_3) for vgaChar_3
    vga.o(.data.vgaChar) refers to vga.o(.data.vgaChar_4) for vgaChar_4
    vga.o(.data.vgaChar) refers to vga.o(.data.vgaChar_5) for vgaChar_5
    vga.o(.data.vgaChar) refers to vga.o(.data.vgaChar_6) for vgaChar_6
    vga.o(.data.vgaChar) refers to vga.o(.data.vgaChar_7) for vgaChar_7
    vga.o(.data.vgaChar) refers to vga.o(.data.vgaChar_8) for vgaChar_8
    vga.o(.data.vgaChar) refers to vga.o(.data.vgaChar_9) for vgaChar_9
    vga.o(.data.vgaChar) refers to vga.o(.data.vgaChar_twoDots) for vgaChar_twoDots
    vga.o(.data.vgaChar) refers to vga.o(.data.vgaChar_semicolon) for vgaChar_semicolon
    vga.o(.data.vgaChar) refers to vga.o(.data.vgaChar_less) for vgaChar_less
    vga.o(.data.vgaChar) refers to vga.o(.data.vgaChar_equal) for vgaChar_equal
    vga.o(.data.vgaChar) refers to vga.o(.data.vgaChar_more) for vgaChar_more
    vga.o(.data.vgaChar) refers to vga.o(.data.vgaChar_question) for vgaChar_question
    vga.o(.data.vgaChar) refers to vga.o(.data.vgaChar_arobas) for vgaChar_arobas
    vga.o(.data.vgaChar) refers to vga.o(.data.vgaChar_A) for vgaChar_A
    vga.o(.data.vgaChar) refers to vga.o(.data.vgaChar_B) for vgaChar_B
    vga.o(.data.vgaChar) refers to vga.o(.data.vgaChar_C) for vgaChar_C
    vga.o(.data.vgaChar) refers to vga.o(.data.vgaChar_D) for vgaChar_D
    vga.o(.data.vgaChar) refers to vga.o(.data.vgaChar_E) for vgaChar_E
[...]
    [Anonymous Symbol]                       0x08000b34   Section        0  rtx_mutex.o(.text.osMutexDelete)
    [Anonymous Symbol]                       0x08000b70   Section        0  rtx_mutex.o(.text.osMutexNew)
    [Anonymous Symbol]                       0x08000bac   Section        0  rtx_mutex.o(.text.osMutexRelease)
    [Anonymous Symbol]                       0x08000be8   Section        0  rtx_config.o(.text.osRtxErrorNotify)
    [Anonymous Symbol]                       0x08000bec   Section        0  rtx_kernel.o(.text.osRtxKernelErrorNotify)
    [Anonymous Symbol]                       0x08000c04   Section        0  rtx_kernel.o(.text.osRtxKernelPreInit)
    [Anonymous Symbol]                       0x08000c08   Section        0  rtx_memory.o(.text.osRtxMemoryAlloc)
    [Anonymous Symbol]                       0x08000ce0   Section        0  rtx_memory.o(.text.osRtxMemoryFree)
    [Anonymous Symbol]                       0x08000d68   Section        0  rtx_memory.o(.text.osRtxMemoryInit)
    [Anonymous Symbol]                       0x08000dac   Section        0  rtx_mempool.o(.text.osRtxMemoryPoolAlloc)
    [Anonymous Symbol]                       0x08000df8   Section        0  rtx_mempool.o(.text.osRtxMemoryPoolFree)
    [Anonymous Symbol]                       0x08000e54   Section        0  rtx_mempool.o(.text.osRtxMemoryPoolInit)
    osRtxMessageQueuePostProcess             0x08000f09   Thumb Code   544  rtx_msgqueue.o(.text.osRtxMessageQueuePostProcess)
    [Anonymous Symbol]                       0x08000f08   Section        0  rtx_msgqueue.o(.text.osRtxMessageQueuePostProcess)
    [Anonymous Symbol]                       0x08001128   Section        0  rtx_msgqueue.o(.text.osRtxMessageQueueTimerSetup)
    [Anonymous Symbol]                       0x08001154   Section        0  rtx_mutex.o(.text.osRtxMutexOwnerRestore)
    [Anonymous Symbol]                       0x080011a8   Section        0  rtx_system.o(.text.osRtxPendSV_Handler)
    [Anonymous Symbol]                       0x08001254   Section        0  rtx_system.o(.text.osRtxPostProcess)
    [Anonymous Symbol]                       0x080012cc   Section        0  rtx_thread.o(.text.osRtxThreadDelayTick)
    [Anonymous Symbol]                       0x08001534   Section        0  rtx_thread.o(.text.osRtxThreadDispatch)
    [Anonymous Symbol]                       0x080016ec   Section        0  rtx_thread.o(.text.osRtxThreadListGet)
    [Anonymous Symbol]                       0x08001700   Section        0  rtx_thread.o(.text.osRtxThreadListPut)
    [Anonymous Symbol]                       0x08001764   Section        0  rtx_thread.o(.text.osRtxThreadListRemove)
    [Anonymous Symbol]                       0x08001780   Section        0  rtx_thread.o(.text.osRtxThreadListSort)
    [Anonymous Symbol]                       0x08001834   Section        0  rtx_thread.o(.text.osRtxThreadReadyPut)
    [Anonymous Symbol]                       0x080018a8   Section        0  rtx_thread.o(.text.osRtxThreadRegPtr)
    [Anonymous Symbol]                       0x080018bc   Section        0  rtx_thread.o(.text.osRtxThreadSwitch)
    [Anonymous Symbol]                       0x080018d0   Section        0  rtx_thread.o(.text.osRtxThreadWaitEnter)
    [Anonymous Symbol]                       0x08001a10   Section        0  rtx_thread.o(.text.osRtxThreadWaitExit)
    [Anonymous Symbol]                       0x08001b10   Section        0  rtx_system.o(.text.osRtxTick_Handler)
    [Anonymous Symbol]                       0x08001b98   Section        0  rtx_timer.o(.text.osRtxTimerSetup)
    [Anonymous Symbol]                       0x08001bc0   Section        0  rtx_timer.o(.text.osRtxTimerThread)
    osRtxTimerTick                           0x08001bed   Thumb Code   272  rtx_timer.o(.text.osRtxTimerTick)
    [Anonymous Symbol]                       0x08001bec   Section        0  rtx_timer.o(.text.osRtxTimerTick)
    [Anonymous Symbol]                       0x08001cfc   Section        0  drivers.o(.text.startup)
    svcRtxKernelGetState                     0x08001fc9   Thumb Code    22  rtx_kernel.o(.text.svcRtxKernelGetState)
    [Anonymous Symbol]                       0x08001fc8   Section        0  rtx_kernel.o(.text.svcRtxKernelGetState)
    svcRtxKernelInitialize                   0x08001fe1   Thumb Code   338  rtx_kernel.o(.text.svcRtxKernelInitialize)
    [Anonymous Symbol]                       0x08001fe0   Section        0  rtx_kernel.o(.text.svcRtxKernelInitialize)
    svcRtxMessageQueueGet                    0x08002135   Thumb Code   502  rtx_msgqueue.o(.text.svcRtxMessageQueueGet)
    [Anonymous Symbol]                       0x08002134   Section        0  rtx_msgqueue.o(.text.svcRtxMessageQueueGet)
    svcRtxMessageQueueNew                    0x0800232d   Thumb Code   382  rtx_msgqueue.o(.text.svcRtxMessageQueueNew)
    [Anonymous Symbol]                       0x0800232c   Section        0  rtx_msgqueue.o(.text.svcRtxMessageQueueNew)
    svcRtxMessageQueuePut                    0x080024ad   Thumb Code   392  rtx_msgqueue.o(.text.svcRtxMessageQueuePut)
    [Anonymous Symbol]                       0x080024ac   Section        0  rtx_msgqueue.o(.text.svcRtxMessageQueuePut)
    svcRtxMutexAcquire                       0x08002635   Thumb Code   234  rtx_mutex.o(.text.svcRtxMutexAcquire)
    [Anonymous Symbol]                       0x08002634   Section        0  rtx_mutex.o(.text.svcRtxMutexAcquire)
    svcRtxMutexDelete                        0x08002721   Thumb Code   212  rtx_mutex.o(.text.svcRtxMutexDelete)
    [Anonymous Symbol]                       0x08002720   Section        0  rtx_mutex.o(.text.svcRtxMutexDelete)
    svcRtxMutexNew                           0x080027f5   Thumb Code   150  rtx_mutex.o(.text.svcRtxMutexNew)
    [Anonymous Symbol]                       0x080027f4   Section        0  rtx_mutex.o(.text.svcRtxMutexNew)
    svcRtxMutexRelease                       0x0800288d   Thumb Code   254  rtx_mutex.o(.text.svcRtxMutexRelease)
    [Anonymous Symbol]                       0x0800288c   Section        0  rtx_mutex.o(.text.svcRtxMutexRelease)
    [Anonymous Symbol]                       0x0800298c   Section        0  vga.o(.text.updateBuffer)
    $v0                                      0x08002aac   Number         0  fpinit.o(x$fpl$fpinit)
    x$fpl$fpinit                             0x08002aac   Section       26  fpinit.o(x$fpl$fpinit)
    __tagsym$$used.4                         0x08002ac8   Number         0  rtx_lib.o(.rodata)
    __tagsym$$used.5                         0x08002b38   Number         0  rtx_lib.o(.rodata)
    os_idle_thread_attr                      0x08002b74   Data          36  rtx_lib.o(.rodata.os_idle_thread_attr)
    [Anonymous Symbol]                       0x08002b74   Section        0  rtx_lib.o(.rodata.os_idle_thread_attr)
    os_timer_mq_attr                         0x08002b98   Data          24  rtx_lib.o(.rodata.os_timer_mq_attr)
    [Anonymous Symbol]                       0x08002b98   Section        0  rtx_lib.o(.rodata.os_timer_mq_attr)
    os_timer_thread_attr                     0x08002bb0   Data          36  rtx_lib.o(.rodata.os_timer_thread_attr)
    [Anonymous Symbol]                       0x08002bb0   Section        0  rtx_lib.o(.rodata.os_timer_thread_attr)
    .L.str.4                                 0x08002bd4   Data           1  main.o(.rodata.str1.1)
    [Anonymous Symbol]                       0x08002bd4   Section        0  main.o(.rodata.str1.1)
    .L.str                                   0x08002bd8   Data          11  rtx_kernel.o(.rodata.str1.4)
    [Anonymous Symbol]                       0x08002bd8   Section        0  rtx_kernel.o(.rodata.str1.4)
    .bss                                     0x20000508   Section       96  libspace.o(.bss)
    .L_MergedGlobals                         0x20000568   Data          16  main.o(.bss..L_MergedGlobals)
    TIM2_IRQHandler.line                     0x20000568   Data           4  main.o(.bss..L_MergedGlobals)
    [Anonymous Symbol]                       0x20000568   Section        0  main.o(.bss..L_MergedGlobals)
    os_isr_queue                             0x20000578   Data          64  rtx_lib.o(.bss.os)
    [Anonymous Symbol]                       0x20000578   Section        0  rtx_lib.o(.bss.os)
    os_mem                                   0x200005b8   Data       32768  rtx_lib.o(.bss.os)
    os_timer_mq_cb                           0x200085b8   Data          52  rtx_lib.o(.bss.os.msgqueue.cb)
    [Anonymous Symbol]                       0x200085b8   Section        0  rtx_lib.o(.bss.os.msgqueue.cb)
    os_timer_mq_data                         0x200085ec   Data          80  rtx_lib.o(.bss.os.msgqueue.mem)
    [Anonymous Symbol]                       0x200085ec   Section        0  rtx_lib.o(.bss.os.msgqueue.mem)
    os_idle_thread_cb                        0x2000863c   Data          68  rtx_lib.o(.bss.os.thread.cb)
    [Anonymous Symbol]                       0x2000863c   Section        0  rtx_lib.o(.bss.os.thread.cb)
    os_timer_thread_cb                       0x20008680   Data          68  rtx_lib.o(.bss.os.thread.cb)
    os_idle_thread_stack                     0x200086c8   Data         512  rtx_lib.o(.bss.os.thread.idle.stack)
    [Anonymous Symbol]                       0x200086c8   Section        0  rtx_lib.o(.bss.os.thread.idle.stack)
    os_timer_thread_stack                    0x200088c8   Data         512  rtx_lib.o(.bss.os.thread.timer.stack)
    [Anonymous Symbol]                       0x200088c8   Section        0  rtx_lib.o(.bss.os.thread.timer.stack)
    os_kernel_is_active.os_kernel_active     0x20008ac8   Data           1  rtx_lib.o(.bss.os_kernel_is_active.os_kernel_active)
    [Anonymous Symbol]                       0x20008ac8   Section        0  rtx_lib.o(.bss.os_kernel_is_active.os_kernel_active)
    Heap_Mem                                 0x20008ad8   Data         512  startup_stm32f446xx.o(HEAP)
    HEAP                                     0x20008ad8   Section      512  startup_stm32f446xx.o(HEAP)
    Stack_Mem                                0x20008cd8   Data        1024  startup_stm32f446xx.o(STACK)
    STACK                                    0x20008cd8   Section     1024  startup_stm32f446xx.o(STACK)
    __initial_sp                             0x200090d8   Data           0  startup_stm32f446xx.o(STACK)
    FPCCR                                    0xe000ef34   Number         0  irq_armv7m.o ABSOLUTE

    Global Symbols

    Symbol Name                              Value     Ov Type        Size  Object(Section)

    BuildAttributes$$THM_ISAv4$E$P$D$K$B$S$7EM$VFPi3$EXTD16$VFPS$VFMA$PE$A:L22UL41UL21$X:L11$S22US41US21$IEEE1$IW$~IW$USESV6$~STKCKD$USESV7$~SHL$OTIME$ROPI$EBA8$UX$STANDARDLIB$REQ8$PRES8$EABIv2 0x00000000   Number         0  anon$$obj.o ABSOLUTE
    .bss.os.evflags.cb$$Base                  - Undefined Weak Reference
    .bss.os.evflags.cb$$Limit                 - Undefined Weak Reference
    .bss.os.mempool.cb$$Base                  - Undefined Weak Reference
    .bss.os.mempool.cb$$Limit                 - Undefined Weak Reference
    .bss.os.mutex.cb$$Base                    - Undefined Weak Reference
    .bss.os.mutex.cb$$Limit                   - Undefined Weak Reference
    .bss.os.semaphore.cb$$Base                - Undefined Weak Reference
    .bss.os.semaphore.cb$$Limit               - Undefined Weak Reference
    .bss.os.timer.cb$$Base                    - Undefined Weak Reference
    .bss.os.timer.cb$$Limit                   - Undefined Weak Reference
    __ARM_exceptions_init                     - Undefined Weak Reference
    __alloca_initialize                       - Undefined Weak Reference
    __arm_preinit_                            - Undefined Weak Reference
    __cpp_initialize__aeabi_                  - Undefined Weak Reference
    __cxa_finalize                            - Undefined Weak Reference
    __rt_locale                               - Undefined Weak Reference
    __sigvec_lookup                           - Undefined Weak Reference
    _atexit_init                              - Undefined Weak Reference
    _call_atexit_fns                          - Undefined Weak Reference
    _clock_init                               - Undefined Weak Reference
    _fp_trap_init                             - Undefined Weak Reference
    _fp_trap_shutdown                         - Undefined Weak Reference
    _get_lc_collate                           - Undefined Weak Reference
    _get_lc_ctype                             - Undefined Weak Reference
    _get_lc_monetary                          - Undefined Weak Reference
    _get_lc_numeric                           - Undefined Weak Reference
    _get_lc_time                              - Undefined Weak Reference
    _getenv_init                              - Undefined Weak Reference
    _handle_redirection                       - Undefined Weak Reference
    _init_alloc                               - Undefined Weak Reference
    _init_user_alloc                          - Undefined Weak Reference
    _initio                                   - Undefined Weak Reference
    _rand_init                                - Undefined Weak Reference
    _signal_finish                            - Undefined Weak Reference
    _signal_init                              - Undefined Weak Reference
    _terminate_alloc                          - Undefined Weak Reference
    _terminate_user_alloc                     - Undefined Weak Reference
    _terminateio                              - Undefined Weak Reference
    __Vectors_Size                           0x000001c4   Number         0  startup_stm32f446xx.o ABSOLUTE
    __Vectors                                0x08000000   Data           4  startup_stm32f446xx.o(RESET)
    __Vectors_End                            0x080001c4   Data           0  startup_stm32f446xx.o(RESET)
    __main                                   0x080001c5   Thumb Code     8  __main.o(!!!main)
    __scatterload                            0x080001cd   Thumb Code     0  __scatter.o(!!!scatter)
    __scatterload_rt2                        0x080001cd   Thumb Code    44  __scatter.o(!!!scatter)
    __scatterload_rt2_thumb_only             0x080001cd   Thumb Code     0  __scatter.o(!!!scatter)
    __scatterload_null                       0x080001db   Thumb Code     0  __scatter.o(!!!scatter)
    __decompress                             0x08000201   Thumb Code    90  __dczerorl2.o(!!dczerorl2)
    __decompress1                            0x08000201   Thumb Code     0  __dczerorl2.o(!!dczerorl2)
    __scatterload_zeroinit                   0x0800025d   Thumb Code    28  __scatter_zi.o(!!handler_zi)
    __rt_lib_init                            0x08000279   Thumb Code     0  libinit.o(.ARM.Collect$$libinit$$00000000)
    __rt_lib_init_fp_1                       0x0800027b   Thumb Code     0  libinit2.o(.ARM.Collect$$libinit$$00000001)
    __rt_lib_init_alloca_1                   0x0800027f   Thumb Code     0  libinit2.o(.ARM.Collect$$libinit$$0000002E)
    __rt_lib_init_argv_1                     0x0800027f   Thumb Code     0  libinit2.o(.ARM.Collect$$libinit$$0000002C)
    __rt_lib_init_atexit_1                   0x0800027f   Thumb Code     0  libinit2.o(.ARM.Collect$$libinit$$0000001B)
    __rt_lib_init_clock_1                    0x0800027f   Thumb Code     0  libinit2.o(.ARM.Collect$$libinit$$00000021)
    __rt_lib_init_cpp_1                      0x0800027f   Thumb Code     0  libinit2.o(.ARM.Collect$$libinit$$00000032)
    __rt_lib_init_exceptions_1               0x0800027f   Thumb Code     0  libinit2.o(.ARM.Collect$$libinit$$00000030)
    __rt_lib_init_fp_trap_1                  0x0800027f   Thumb Code     0  libinit2.o(.ARM.Collect$$libinit$$0000001F)
    __rt_lib_init_getenv_1                   0x0800027f   Thumb Code     0  libinit2.o(.ARM.Collect$$libinit$$00000023)
    __rt_lib_init_heap_1                     0x0800027f   Thumb Code     0  libinit2.o(.ARM.Collect$$libinit$$0000000A)
    __rt_lib_init_lc_collate_1               0x0800027f   Thumb Code     0  libinit2.o(.ARM.Collect$$libinit$$00000011)
    __rt_lib_init_lc_ctype_1                 0x0800027f   Thumb Code     0  libinit2.o(.ARM.Collect$$libinit$$00000013)
    __rt_lib_init_lc_monetary_1              0x0800027f   Thumb Code     0  libinit2.o(.ARM.Collect$$libinit$$00000015)
    __rt_lib_init_lc_numeric_1               0x0800027f   Thumb Code     0  libinit2.o(.ARM.Collect$$libinit$$00000017)
    __rt_lib_init_lc_time_1                  0x0800027f   Thumb Code     0  libinit2.o(.ARM.Collect$$libinit$$00000019)
    __rt_lib_init_preinit_1                  0x0800027f   Thumb Code     0  libinit2.o(.ARM.Collect$$libinit$$00000004)
    __rt_lib_init_rand_1                     0x0800027f   Thumb Code     0  libinit2.o(.ARM.Collect$$libinit$$0000000E)
    __rt_lib_init_return                     0x0800027f   Thumb Code     0  libinit2.o(.ARM.Collect$$libinit$$00000033)
    __rt_lib_init_signal_1                   0x0800027f   Thumb Code     0  libinit2.o(.ARM.Collect$$libinit$$0000001D)
    __rt_lib_init_stdio_1                    0x0800027f   Thumb Code     0  libinit2.o(.ARM.Collect$$libinit$$00000025)
    __rt_lib_init_user_alloc_1               0x0800027f   Thumb Code     0  libinit2.o(.ARM.Collect$$libinit$$0000000C)
    __rt_lib_shutdown                        0x08000281   Thumb Code     0  libshutdown.o(.ARM.Collect$$libshutdown$$00000000)
    __rt_lib_shutdown_cpp_1                  0x08000283   Thumb Code     0  libshutdown2.o(.ARM.Collect$$libshutdown$$00000002)
    __rt_lib_shutdown_fp_trap_1              0x08000283   Thumb Code     0  libshutdown2.o(.ARM.Collect$$libshutdown$$00000007)
    __rt_lib_shutdown_heap_1                 0x08000283   Thumb Code     0  libshutdown2.o(.ARM.Collect$$libshutdown$$0000000F)
    __rt_lib_shutdown_return                 0x08000283   Thumb Code     0  libshutdown2.o(.ARM.Collect$$libshutdown$$00000010)
    __rt_lib_shutdown_signal_1               0x08000283   Thumb Code     0  libshutdown2.o(.ARM.Collect$$libshutdown$$0000000A)
    __rt_lib_shutdown_stdio_1                0x08000283   Thumb Code     0  libshutdown2.o(.ARM.Collect$$libshutdown$$00000004)
    __rt_lib_shutdown_user_alloc_1           0x08000283   Thumb Code     0  libshutdown2.o(.ARM.Collect$$libshutdown$$0000000C)
    __rt_entry                               0x08000285   Thumb Code     0  __rtentry.o(.ARM.Collect$$rtentry$$00000000)
    __rt_entry_presh_1                       0x08000285   Thumb Code     0  __rtentry2.o(.ARM.Collect$$rtentry$$00000002)
    __rt_entry_sh                            0x08000285   Thumb Code     0  __rtentry4.o(.ARM.Collect$$rtentry$$00000004)
    __rt_entry_postsh_1                      0x0800028b   Thumb Code     0  __rtentry2.o(.ARM.Collect$$rtentry$$00000008)
    __rt_entry_li                            0x08000293   Thumb Code     0  __rtentry2.o(.ARM.Collect$$rtentry$$0000000A)
    __rt_entry_main                          0x08000297   Thumb Code     0  __rtentry2.o(.ARM.Collect$$rtentry$$0000000D)
    __rt_entry_postli_1                      0x08000297   Thumb Code     0  __rtentry2.o(.ARM.Collect$$rtentry$$0000000C)
    __rt_exit                                0x0800029f   Thumb Code     0  rtexit.o(.ARM.Collect$$rtexit$$00000000)
    __rt_exit_ls                             0x080002a1   Thumb Code     0  rtexit2.o(.ARM.Collect$$rtexit$$00000003)
    __rt_exit_prels_1                        0x080002a1   Thumb Code     0  rtexit2.o(.ARM.Collect$$rtexit$$00000002)
    __rt_exit_exit                           0x080002a5   Thumb Code     0  rtexit2.o(.ARM.Collect$$rtexit$$00000004)
    SVC_Handler                              0x080002ad   Thumb Code   154  irq_armv7m.o(.text)
    PendSV_Handler                           0x08000347   Thumb Code    16  irq_armv7m.o(.text)
    SysTick_Handler                          0x08000357   Thumb Code    16  irq_armv7m.o(.text)
    Reset_Handler                            0x08000375   Thumb Code     8  startup_stm32f446xx.o(.text)
    NMI_Handler                              0x0800037d   Thumb Code     2  startup_stm32f446xx.o(.text)
    HardFault_Handler                        0x0800037f   Thumb Code     2  startup_stm32f446xx.o(.text)
    MemManage_Handler                        0x08000381   Thumb Code     2  startup_stm32f446xx.o(.text)
    BusFault_Handler                         0x08000383   Thumb Code     2  startup_stm32f446xx.o(.text)
    UsageFault_Handler                       0x08000385   Thumb Code     2  startup_stm32f446xx.o(.text)
    DebugMon_Handler                         0x08000389   Thumb Code     2  startup_stm32f446xx.o(.text)
    ADC_IRQHandler                           0x0800038f   Thumb Code     0  startup_stm32f446xx.o(.text)
    CAN1_RX0_IRQHandler                      0x0800038f   Thumb Code     0  startup_stm32f446xx.o(.text)
    CAN1_RX1_IRQHandler                      0x0800038f   Thumb Code     0  startup_stm32f446xx.o(.text)
    CAN1_SCE_IRQHandler                      0x0800038f   Thumb Code     0  startup_stm32f446xx.o(.text)
    CAN1_TX_IRQHandler                       0x0800038f   Thumb Code     0  startup_stm32f446xx.o(.text)
    CAN2_RX0_IRQHandler                      0x0800038f   Thumb Code     0  startup_stm32f446xx.o(.text)
    CAN2_RX1_IRQHandler                      0x0800038f   Thumb Code     0  startup_stm32f446xx.o(.text)
    CAN2_SCE_IRQHandler                      0x0800038f   Thumb Code     0  startup_stm32f446xx.o(.text)
    CAN2_TX_IRQHandler                       0x0800038f   Thumb Code     0  startup_stm32f446xx.o(.text)
    CEC_IRQHandler                           0x0800038f   Thumb Code     0  startup_stm32f446xx.o(.text)
    DCMI_IRQHandler                          0x0800038f   Thumb Code     0  startup_stm32f446xx.o(.text)
    DMA1_Stream0_IRQHandler                  0x0800038f   Thumb Code     0  startup_stm32f446xx.o(.text)
    DMA1_Stream1_IRQHandler                  0x0800038f   Thumb Code     0  startup_stm32f446xx.o(.text)
    DMA1_Stream2_IRQHandler                  0x0800038f   Thumb Code     0  startup_stm32f446xx.o(.text)
    DMA1_Stream3_IRQHandler                  0x0800038f   Thumb Code     0  startup_stm32f446xx.o(.text)
    DMA1_Stream4_IRQHandler                  0x0800038f   Thumb Code     0  startup_stm32f446xx.o(.text)
    DMA1_Stream5_IRQHandler                  0x0800038f   Thumb Code     0  startup_stm32f446xx.o(.text)
    DMA1_Stream6_IRQHandler                  0x0800038f   Thumb Code     0  startup_stm32f446xx.o(.text)
    DMA1_Stream7_IRQHandler                  0x0800038f   Thumb Code     0  startup_stm32f446xx.o(.text)
    DMA2_Stream0_IRQHandler                  0x0800038f   Thumb Code     0  startup_stm32f446xx.o(.text)
    DMA2_Stream1_IRQHandler                  0x0800038f   Thumb Code     0  startup_stm32f446xx.o(.text)
    DMA2_Stream2_IRQHandler                  0x0800038f   Thumb Code     0  startup_stm32f446xx.o(.text)
    DMA2_Stream3_IRQHandler                  0x0800038f   Thumb Code     0  startup_stm32f446xx.o(.text)
    DMA2_Stream4_IRQHandler                  0x0800038f   Thumb Code     0  startup_stm32f446xx.o(.text)
    DMA2_Stream5_IRQHandler                  0x0800038f   Thumb Code     0  startup_stm32f446xx.o(.text)
    DMA2_Stream6_IRQHandler                  0x0800038f   Thumb Code     0  startup_stm32f446xx.o(.text)
    DMA2_Stream7_IRQHandler                  0x0800038f   Thumb Code     0  startup_stm32f446xx.o(.text)
    EXTI0_IRQHandler                         0x0800038f   Thumb Code     0  startup_stm32f446xx.o(.text)
    EXTI15_10_IRQHandler                     0x0800038f   Thumb Code     0  startup_stm32f446xx.o(.text)
    EXTI1_IRQHandler                         0x0800038f   Thumb Code     0  startup_stm32f446xx.o(.text)
    EXTI2_IRQHandler                         0x0800038f   Thumb Code     0  startup_stm32f446xx.o(.text)
    EXTI3_IRQHandler                         0x0800038f   Thumb Code     0  startup_stm32f446xx.o(.text)
    EXTI4_IRQHandler                         0x0800038f   Thumb Code     0  startup_stm32f446xx.o(.text)
    EXTI9_5_IRQHandler                       0x0800038f   Thumb Code     0  startup_stm32f446xx.o(.text)
    FLASH_IRQHandler                         0x0800038f   Thumb Code     0  startup_stm32f446xx.o(.text)
    FMC_IRQHandler                           0x0800038f   Thumb Code     0  startup_stm32f446xx.o(.text)
    FMPI2C1_ER_IRQHandler                    0x0800038f   Thumb Code     0  startup_stm32f446xx.o(.text)
    FMPI2C1_EV_IRQHandler                    0x0800038f   Thumb Code     0  startup_stm32f446xx.o(.text)
    FPU_IRQHandler                           0x0800038f   Thumb Code     0  startup_stm32f446xx.o(.text)
    I2C1_ER_IRQHandler                       0x0800038f   Thumb Code     0  startup_stm32f446xx.o(.text)
    I2C1_EV_IRQHandler                       0x0800038f   Thumb Code     0  startup_stm32f446xx.o(.text)
    I2C2_ER_IRQHandler                       0x0800038f   Thumb Code     0  startup_stm32f446xx.o(.text)
    I2C2_EV_IRQHandler                       0x0800038f   Thumb Code     0  startup_stm32f446xx.o(.text)
    I2C3_ER_IRQHandler                       0x0800038f   Thumb Code     0  startup_stm32f446xx.o(.text)
    I2C3_EV_IRQHandler                       0x0800038f   Thumb Code     0  startup_stm32f446xx.o(.text)
    OTG_FS_IRQHandler                        0x0800038f   Thumb Code     0  startup_stm32f446xx.o(.text)
    OTG_FS_WKUP_IRQHandler                   0x0800038f   Thumb Code     0  startup_stm32f446xx.o(.text)
    OTG_HS_EP1_IN_IRQHandler                 0x0800038f   Thumb Code     0  startup_stm32f446xx.o(.text)
    OTG_HS_EP1_OUT_IRQHandler                0x0800038f   Thumb Code     0  startup_stm32f446xx.o(.text)
    OTG_HS_IRQHandler                        0x0800038f   Thumb Code     0  startup_stm32f446xx.o(.text)
    OTG_HS_WKUP_IRQHandler                   0x0800038f   Thumb Code     0  startup_stm32f446xx.o(.text)
    PVD_IRQHandler                           0x0800038f   Thumb Code     0  startup_stm32f446xx.o(.text)
    QUADSPI_IRQHandler                       0x0800038f   Thumb Code     0  startup_stm32f446xx.o(.text)
    RCC_IRQHandler                           0x0800038f   Thumb Code     0  startup_stm32f446xx.o(.text)
    RTC_Alarm_IRQHandler                     0x0800038f   Thumb Code     0  startup_stm32f446xx.o(.text)
    RTC_WKUP_IRQHandler                      0x0800038f   Thumb Code     0  startup_stm32f446xx.o(.text)
    SAI1_IRQHandler                          0x0800038f   Thumb Code     0  startup_stm32f446xx.o(.text)
    SAI2_IRQHandler                          0x0800038f   Thumb Code     0  startup_stm32f446xx.o(.text)
    SDIO_IRQHandler                          0x0800038f   Thumb Code     0  startup_stm32f446xx.o(.text)
    SPDIF_RX_IRQHandler                      0x0800038f   Thumb Code     0  startup_stm32f446xx.o(.text)
    SPI1_IRQHandler                          0x0800038f   Thumb Code     0  startup_stm32f446xx.o(.text)
    SPI2_IRQHandler                          0x0800038f   Thumb Code     0  startup_stm32f446xx.o(.text)
    SPI3_IRQHandler                          0x0800038f   Thumb Code     0  startup_stm32f446xx.o(.text)
    SPI4_IRQHandler                          0x0800038f   Thumb Code     0  startup_stm32f446xx.o(.text)
    TAMP_STAMP_IRQHandler                    0x0800038f   Thumb Code     0  startup_stm32f446xx.o(.text)
    TIM1_BRK_TIM9_IRQHandler                 0x0800038f   Thumb Code     0  startup_stm32f446xx.o(.text)
    TIM1_CC_IRQHandler                       0x0800038f   Thumb Code     0  startup_stm32f446xx.o(.text)
    TIM1_TRG_COM_TIM11_IRQHandler            0x0800038f   Thumb Code     0  startup_stm32f446xx.o(.text)
    TIM1_UP_TIM10_IRQHandler                 0x0800038f   Thumb Code     0  startup_stm32f446xx.o(.text)
    TIM3_IRQHandler                          0x0800038f   Thumb Code     0  startup_stm32f446xx.o(.text)
    TIM4_IRQHandler                          0x0800038f   Thumb Code     0  startup_stm32f446xx.o(.text)
    TIM5_IRQHandler                          0x0800038f   Thumb Code     0  startup_stm32f446xx.o(.text)
    TIM6_DAC_IRQHandler                      0x0800038f   Thumb Code     0  startup_stm32f446xx.o(.text)
    TIM7_IRQHandler                          0x0800038f   Thumb Code     0  startup_stm32f446xx.o(.text)
    TIM8_BRK_TIM12_IRQHandler                0x0800038f   Thumb Code     0  startup_stm32f446xx.o(.text)
    TIM8_CC_IRQHandler                       0x0800038f   Thumb Code     0  startup_stm32f446xx.o(.text)
    TIM8_TRG_COM_TIM14_IRQHandler            0x0800038f   Thumb Code     0  startup_stm32f446xx.o(.text)
    TIM8_UP_TIM13_IRQHandler                 0x0800038f   Thumb Code     0  startup_stm32f446xx.o(.text)
    UART4_IRQHandler                         0x0800038f   Thumb Code     0  startup_stm32f446xx.o(.text)
    UART5_IRQHandler                         0x0800038f   Thumb Code     0  startup_stm32f446xx.o(.text)
    USART1_IRQHandler                        0x0800038f   Thumb Code     0  startup_stm32f446xx.o(.text)
    USART2_IRQHandler                        0x0800038f   Thumb Code     0  startup_stm32f446xx.o(.text)
    USART3_IRQHandler                        0x0800038f   Thumb Code     0  startup_stm32f446xx.o(.text)
    USART6_IRQHandler                        0x0800038f   Thumb Code     0  startup_stm32f446xx.o(.text)
    WWDG_IRQHandler                          0x0800038f   Thumb Code     0  startup_stm32f446xx.o(.text)
    __user_initial_stackheap                 0x08000391   Thumb Code     0  startup_stm32f446xx.o(.text)
    strlen                                   0x080003b5   Thumb Code    62  strlen.o(.text)
    __aeabi_memcpy                           0x080003f3   Thumb Code     0  rt_memcpy_v6.o(.text)
    __rt_memcpy                              0x080003f3   Thumb Code   138  rt_memcpy_v6.o(.text)
    _memcpy_lastbytes                        0x08000459   Thumb Code     0  rt_memcpy_v6.o(.text)
    __aeabi_memset                           0x0800047d   Thumb Code    16  aeabi_memset.o(.text)
    __aeabi_memclr                           0x0800048d   Thumb Code     0  rt_memclr.o(.text)
    __rt_memclr                              0x0800048d   Thumb Code     0  rt_memclr.o(.text)
    _memset                                  0x08000491   Thumb Code    64  rt_memclr.o(.text)
    __aeabi_memclr4                          0x080004d1   Thumb Code     0  rt_memclr_w.o(.text)
    __aeabi_memclr8                          0x080004d1   Thumb Code     0  rt_memclr_w.o(.text)
    __rt_memclr_w                            0x080004d1   Thumb Code     0  rt_memclr_w.o(.text)
    _memset_w                                0x080004d5   Thumb Code    74  rt_memclr_w.o(.text)
    __use_two_region_memory                  0x0800051f   Thumb Code     2  heapauxi.o(.text)
    __rt_heap_escrow$2region                 0x08000521   Thumb Code     2  heapauxi.o(.text)
    __rt_heap_expand$2region                 0x08000523   Thumb Code     2  heapauxi.o(.text)
    __aeabi_memcpy4                          0x08000525   Thumb Code     0  rt_memcpy_w.o(.text)
    __aeabi_memcpy8                          0x08000525   Thumb Code     0  rt_memcpy_w.o(.text)
    __rt_memcpy_w                            0x08000525   Thumb Code   100  rt_memcpy_w.o(.text)
    _memcpy_lastbytes_aligned                0x0800056d   Thumb Code     0  rt_memcpy_w.o(.text)
    __user_setup_stackheap                   0x08000589   Thumb Code    74  sys_stackheap_outer.o(.text)
    exit                                     0x080005d3   Thumb Code    18  exit.o(.text)
    __user_libspace                          0x080005e5   Thumb Code     8  libspace.o(.text)
    __user_perproc_libspace                  0x080005e5   Thumb Code     0  libspace.o(.text)
    _sys_exit                                0x080005ed   Thumb Code     8  sys_exit.o(.text)
    __I$use$semihosting                      0x080005f9   Thumb Code     0  use_no_semi.o(.text)
    __use_no_semihosting_swi                 0x080005f9   Thumb Code     2  use_no_semi.o(.text)
    __semihosting_library_function           0x080005fb   Thumb Code     0  indicate_semi.o(.text)
    EvrRtxDelayCompleted                     0x080005fd   Thumb Code     2  rtx_evr.o(.text.EvrRtxDelayCompleted)
    EvrRtxEventFlagsWaitTimeout              0x08000601   Thumb Code     2  rtx_evr.o(.text.EvrRtxEventFlagsWaitTimeout)
    EvrRtxKernelError                        0x08000605   Thumb Code     2  rtx_evr.o(.text.EvrRtxKernelError)
    EvrRtxKernelErrorNotify                  0x08000609   Thumb Code     2  rtx_evr.o(.text.EvrRtxKernelErrorNotify)
    EvrRtxKernelGetState                     0x0800060d   Thumb Code     2  rtx_evr.o(.text.EvrRtxKernelGetState)
    EvrRtxKernelInitialize                   0x08000611   Thumb Code     2  rtx_evr.o(.text.EvrRtxKernelInitialize)
    EvrRtxKernelInitialized                  0x08000615   Thumb Code     2  rtx_evr.o(.text.EvrRtxKernelInitialized)
    EvrRtxMemoryAlloc                        0x08000619   Thumb Code     2  rtx_evr.o(.text.EvrRtxMemoryAlloc)
    EvrRtxMemoryBlockAlloc                   0x0800061d   Thumb Code     2  rtx_evr.o(.text.EvrRtxMemoryBlockAlloc)
    EvrRtxMemoryBlockFree                    0x08000621   Thumb Code     2  rtx_evr.o(.text.EvrRtxMemoryBlockFree)
    EvrRtxMemoryBlockInit                    0x08000625   Thumb Code     2  rtx_evr.o(.text.EvrRtxMemoryBlockInit)
    EvrRtxMemoryFree                         0x08000629   Thumb Code     2  rtx_evr.o(.text.EvrRtxMemoryFree)
    EvrRtxMemoryInit                         0x0800062d   Thumb Code     2  rtx_evr.o(.text.EvrRtxMemoryInit)
    EvrRtxMemoryPoolAllocTimeout             0x08000631   Thumb Code     2  rtx_evr.o(.text.EvrRtxMemoryPoolAllocTimeout)
    EvrRtxMessageQueueCreated                0x08000635   Thumb Code     2  rtx_evr.o(.text.EvrRtxMessageQueueCreated)
    EvrRtxMessageQueueError                  0x08000639   Thumb Code     2  rtx_evr.o(.text.EvrRtxMessageQueueError)
    EvrRtxMessageQueueGet                    0x0800063d   Thumb Code     2  rtx_evr.o(.text.EvrRtxMessageQueueGet)
    EvrRtxMessageQueueGetPending             0x08000641   Thumb Code     2  rtx_evr.o(.text.EvrRtxMessageQueueGetPending)
    EvrRtxMessageQueueGetTimeout             0x08000645   Thumb Code     2  rtx_evr.o(.text.EvrRtxMessageQueueGetTimeout)
    EvrRtxMessageQueueInsertPending          0x08000649   Thumb Code     2  rtx_evr.o(.text.EvrRtxMessageQueueInsertPending)
    EvrRtxMessageQueueInserted               0x0800064d   Thumb Code     2  rtx_evr.o(.text.EvrRtxMessageQueueInserted)
    EvrRtxMessageQueueNotInserted            0x08000651   Thumb Code     2  rtx_evr.o(.text.EvrRtxMessageQueueNotInserted)
    EvrRtxMessageQueueNotRetrieved           0x08000655   Thumb Code     2  rtx_evr.o(.text.EvrRtxMessageQueueNotRetrieved)
    EvrRtxMessageQueuePut                    0x08000659   Thumb Code     2  rtx_evr.o(.text.EvrRtxMessageQueuePut)
    EvrRtxMessageQueuePutPending             0x0800065d   Thumb Code     2  rtx_evr.o(.text.EvrRtxMessageQueuePutPending)
    EvrRtxMessageQueuePutTimeout             0x08000661   Thumb Code     2  rtx_evr.o(.text.EvrRtxMessageQueuePutTimeout)
    EvrRtxMessageQueueRetrieved              0x08000665   Thumb Code     2  rtx_evr.o(.text.EvrRtxMessageQueueRetrieved)
    EvrRtxMutexAcquire                       0x08000669   Thumb Code     2  rtx_evr.o(.text.EvrRtxMutexAcquire)
    EvrRtxMutexAcquirePending                0x0800066d   Thumb Code     2  rtx_evr.o(.text.EvrRtxMutexAcquirePending)
    EvrRtxMutexAcquireTimeout                0x08000671   Thumb Code     2  rtx_evr.o(.text.EvrRtxMutexAcquireTimeout)
    EvrRtxMutexAcquired                      0x08000675   Thumb Code     2  rtx_evr.o(.text.EvrRtxMutexAcquired)
    EvrRtxMutexCreated                       0x08000679   Thumb Code     2  rtx_evr.o(.text.EvrRtxMutexCreated)
    EvrRtxMutexDelete                        0x0800067d   Thumb Code     2  rtx_evr.o(.text.EvrRtxMutexDelete)
    EvrRtxMutexDestroyed                     0x08000681   Thumb Code     2  rtx_evr.o(.text.EvrRtxMutexDestroyed)
    EvrRtxMutexError                         0x08000685   Thumb Code     2  rtx_evr.o(.text.EvrRtxMutexError)
    EvrRtxMutexNew                           0x08000689   Thumb Code     2  rtx_evr.o(.text.EvrRtxMutexNew)
    EvrRtxMutexNotAcquired                   0x0800068d   Thumb Code     2  rtx_evr.o(.text.EvrRtxMutexNotAcquired)
    EvrRtxMutexRelease                       0x08000691   Thumb Code     2  rtx_evr.o(.text.EvrRtxMutexRelease)
    EvrRtxMutexReleased                      0x08000695   Thumb Code     2  rtx_evr.o(.text.EvrRtxMutexReleased)
    EvrRtxSemaphoreAcquireTimeout            0x08000699   Thumb Code     2  rtx_evr.o(.text.EvrRtxSemaphoreAcquireTimeout)
    EvrRtxThreadBlocked                      0x0800069d   Thumb Code     2  rtx_evr.o(.text.EvrRtxThreadBlocked)
    EvrRtxThreadFlagsWaitTimeout             0x080006a1   Thumb Code     2  rtx_evr.o(.text.EvrRtxThreadFlagsWaitTimeout)
    EvrRtxThreadPreempted                    0x080006a5   Thumb Code     2  rtx_evr.o(.text.EvrRtxThreadPreempted)
    EvrRtxThreadSwitched                     0x080006a9   Thumb Code     2  rtx_evr.o(.text.EvrRtxThreadSwitched)
    EvrRtxThreadUnblocked                    0x080006ad   Thumb Code     2  rtx_evr.o(.text.EvrRtxThreadUnblocked)
    EvrRtxTimerCallback                      0x080006b1   Thumb Code     2  rtx_evr.o(.text.EvrRtxTimerCallback)
    OS_Tick_AcknowledgeIRQ                   0x080006b5   Thumb Code    12  os_systick.o(.text.OS_Tick_AcknowledgeIRQ)
    SystemInit                               0x080006c1   Thumb Code    26  system_stm32f4xx.o(.text.SystemInit)
    TIM2_IRQHandler                          0x080006dd   Thumb Code   180  main.o(.text.TIM2_IRQHandler)
    _mutex_acquire                           0x0800081d   Thumb Code    54  rtx_lib.o(.text._mutex_acquire)
    _mutex_free                              0x08000855   Thumb Code     6  rtx_lib.o(.text._mutex_free)
    _mutex_initialize                        0x0800085d   Thumb Code    32  rtx_lib.o(.text._mutex_initialize)
    _mutex_release                           0x0800087d   Thumb Code    50  rtx_lib.o(.text._mutex_release)
    _platform_post_stackheap_init            0x080008b1   Thumb Code     4  rtx_lib.o(.text._platform_post_stackheap_init)
    initTable                                0x080008b5   Thumb Code    28  vga.o(.text.initTable)
    main                                     0x080008d1   Thumb Code    46  main.o(.text.main)
    osKernelGetState                         0x08000901   Thumb Code    60  rtx_kernel.o(.text.osKernelGetState)
    osKernelInitialize                       0x0800093d   Thumb Code    56  rtx_kernel.o(.text.osKernelInitialize)
    osMessageQueueGet                        0x08000975   Thumb Code   220  rtx_msgqueue.o(.text.osMessageQueueGet)
    osMessageQueuePut                        0x08000a51   Thumb Code   166  rtx_msgqueue.o(.text.osMessageQueuePut)
    osMutexAcquire                           0x08000af9   Thumb Code    60  rtx_mutex.o(.text.osMutexAcquire)
    osMutexDelete                            0x08000b35   Thumb Code    58  rtx_mutex.o(.text.osMutexDelete)
    osMutexNew                               0x08000b71   Thumb Code    58  rtx_mutex.o(.text.osMutexNew)
    osMutexRelease                           0x08000bad   Thumb Code    58  rtx_mutex.o(.text.osMutexRelease)
    osRtxErrorNotify                         0x08000be9   Thumb Code     2  rtx_config.o(.text.osRtxErrorNotify)
    osRtxKernelErrorNotify                   0x08000bed   Thumb Code    22  rtx_kernel.o(.text.osRtxKernelErrorNotify)
    osRtxKernelPreInit                       0x08000c05   Thumb Code     2  rtx_kernel.o(.text.osRtxKernelPreInit)
    osRtxMemoryAlloc                         0x08000c09   Thumb Code   214  rtx_memory.o(.text.osRtxMemoryAlloc)
    osRtxMemoryFree                          0x08000ce1   Thumb Code   134  rtx_memory.o(.text.osRtxMemoryFree)
    osRtxMemoryInit                          0x08000d69   Thumb Code    68  rtx_memory.o(.text.osRtxMemoryInit)
    osRtxMemoryPoolAlloc                     0x08000dad   Thumb Code    74  rtx_mempool.o(.text.osRtxMemoryPoolAlloc)
    osRtxMemoryPoolFree                      0x08000df9   Thumb Code    92  rtx_mempool.o(.text.osRtxMemoryPoolFree)
    osRtxMemoryPoolInit                      0x08000e55   Thumb Code   180  rtx_mempool.o(.text.osRtxMemoryPoolInit)
    osRtxMessageQueueTimerSetup              0x08001129   Thumb Code    44  rtx_msgqueue.o(.text.osRtxMessageQueueTimerSetup)
    osRtxMutexOwnerRestore                   0x08001155   Thumb Code    84  rtx_mutex.o(.text.osRtxMutexOwnerRestore)
    osRtxPendSV_Handler                      0x080011a9   Thumb Code   170  rtx_system.o(.text.osRtxPendSV_Handler)
    osRtxPostProcess                         0x08001255   Thumb Code   120  rtx_system.o(.text.osRtxPostProcess)
    osRtxThreadDelayTick                     0x080012cd   Thumb Code   614  rtx_thread.o(.text.osRtxThreadDelayTick)
    osRtxThreadDispatch                      0x08001535   Thumb Code   438  rtx_thread.o(.text.osRtxThreadDispatch)
    osRtxThreadListGet                       0x080016ed   Thumb Code    20  rtx_thread.o(.text.osRtxThreadListGet)
    osRtxThreadListPut                       0x08001701   Thumb Code   100  rtx_thread.o(.text.osRtxThreadListPut)
    osRtxThreadListRemove                    0x08001765   Thumb Code    26  rtx_thread.o(.text.osRtxThreadListRemove)
    osRtxThreadListSort                      0x08001781   Thumb Code   180  rtx_thread.o(.text.osRtxThreadListSort)
    osRtxThreadReadyPut                      0x08001835   Thumb Code   116  rtx_thread.o(.text.osRtxThreadReadyPut)
    osRtxThreadRegPtr                        0x080018a9   Thumb Code    20  rtx_thread.o(.text.osRtxThreadRegPtr)
    osRtxThreadSwitch                        0x080018bd   Thumb Code    18  rtx_thread.o(.text.osRtxThreadSwitch)
    osRtxThreadWaitEnter                     0x080018d1   Thumb Code   320  rtx_thread.o(.text.osRtxThreadWaitEnter)
    osRtxThreadWaitExit                      0x08001a11   Thumb Code   256  rtx_thread.o(.text.osRtxThreadWaitExit)
    osRtxTick_Handler                        0x08001b11   Thumb Code   134  rtx_system.o(.text.osRtxTick_Handler)
    osRtxTimerSetup                          0x08001b99   Thumb Code    38  rtx_timer.o(.text.osRtxTimerSetup)
    osRtxTimerThread                         0x08001bc1   Thumb Code    42  rtx_timer.o(.text.osRtxTimerThread)
    startup                                  0x08001cfd   Thumb Code   714  drivers.o(.text.startup)
    updateBuffer                             0x0800298d   Thumb Code   288  vga.o(.text.updateBuffer)
    _fp_init                                 0x08002aad   Thumb Code    26  fpinit.o(x$fpl$fpinit)
    __fplib_config_fpu_vfp                   0x08002ac5   Thumb Code     0  fpinit.o(x$fpl$fpinit)
    __fplib_config_pureend_doubles           0x08002ac5   Thumb Code     0  fpinit.o(x$fpl$fpinit)
    osRtxConfig                              0x08002ac8   Data         112  rtx_lib.o(.rodata)
    os_cb_sections                           0x08002b38   Data          56  rtx_lib.o(.rodata)
    osRtxUserSVC                             0x08002b70   Data           4  rtx_lib.o(.rodata.osRtxUserSVC)
    Region$$Table$$Base                      0x08002be4   Number         0  anon$$obj.o(Region$$Table)
    Region$$Table$$Limit                     0x08002c04   Number         0  anon$$obj.o(Region$$Table)
    osRtxInfo                                0x20000000   Data         164  rtx_kernel.o(.data.os)
    vgaChar                                  0x200000a4   Data         380  vga.o(.data.vgaChar)
    vgaChar_0                                0x20000220   Data           8  vga.o(.data.vgaChar_0)
    vgaChar_1                                0x20000228   Data           8  vga.o(.data.vgaChar_1)
    vgaChar_2                                0x20000230   Data           8  vga.o(.data.vgaChar_2)
    vgaChar_3                                0x20000238   Data           8  vga.o(.data.vgaChar_3)
    vgaChar_4                                0x20000240   Data           8  vga.o(.data.vgaChar_4)
    vgaChar_5                                0x20000248   Data           8  vga.o(.data.vgaChar_5)
    vgaChar_6                                0x20000250   Data           8  vga.o(.data.vgaChar_6)
    vgaChar_7                                0x20000258   Data           8  vga.o(.data.vgaChar_7)
    vgaChar_8                                0x20000260   Data           8  vga.o(.data.vgaChar_8)
    vgaChar_9                                0x20000268   Data           8  vga.o(.data.vgaChar_9)
    vgaChar_A                                0x20000270   Data           8  vga.o(.data.vgaChar_A)
    vgaChar_B                                0x20000278   Data           8  vga.o(.data.vgaChar_B)
    vgaChar_C                                0x20000280   Data           8  vga.o(.data.vgaChar_C)
    vgaChar_D                                0x20000288   Data           8  vga.o(.data.vgaChar_D)
    vgaChar_E                                0x20000290   Data           8  vga.o(.data.vgaChar_E)
    vgaChar_F                                0x20000298   Data           8  vga.o(.data.vgaChar_F)
    vgaChar_G                                0x200002a0   Data           8  vga.o(.data.vgaChar_G)
    vgaChar_H                                0x200002a8   Data           8  vga.o(.data.vgaChar_H)
    vgaChar_I                                0x200002b0   Data           8  vga.o(.data.vgaChar_I)
    vgaChar_J                                0x200002b8   Data           8  vga.o(.data.vgaChar_J)
    vgaChar_K                                0x200002c0   Data           8  vga.o(.data.vgaChar_K)
    vgaChar_L                                0x200002c8   Data           8  vga.o(.data.vgaChar_L)
    vgaChar_M                                0x200002d0   Data           8  vga.o(.data.vgaChar_M)
    vgaChar_N                                0x200002d8   Data           8  vga.o(.data.vgaChar_N)
    vgaChar_O                                0x200002e0   Data           8  vga.o(.data.vgaChar_O)
    vgaChar_P                                0x200002e8   Data           8  vga.o(.data.vgaChar_P)
    vgaChar_Q                                0x200002f0   Data           8  vga.o(.data.vgaChar_Q)
    vgaChar_R                                0x200002f8   Data           8  vga.o(.data.vgaChar_R)
    vgaChar_S                                0x20000300   Data           8  vga.o(.data.vgaChar_S)
    vgaChar_T                                0x20000308   Data           8  vga.o(.data.vgaChar_T)
    vgaChar_U                                0x20000310   Data           8  vga.o(.data.vgaChar_U)
    vgaChar_V                                0x20000318   Data           8  vga.o(.data.vgaChar_V)
    vgaChar_W                                0x20000320   Data           8  vga.o(.data.vgaChar_W)
    vgaChar_X                                0x20000328   Data           8  vga.o(.data.vgaChar_X)
    vgaChar_Y                                0x20000330   Data           8  vga.o(.data.vgaChar_Y)
    vgaChar_Z                                0x20000338   Data           8  vga.o(.data.vgaChar_Z)
    vgaChar_a                                0x20000340   Data           8  vga.o(.data.vgaChar_a)
    vgaChar_accolade1                        0x20000348   Data           8  vga.o(.data.vgaChar_accolade1)
    vgaChar_accolade2                        0x20000350   Data           8  vga.o(.data.vgaChar_accolade2)
    vgaChar_appostrophe                      0x20000358   Data           8  vga.o(.data.vgaChar_appostrophe)
    vgaChar_arobas                           0x20000360   Data           8  vga.o(.data.vgaChar_arobas)
    vgaChar_asterix                          0x20000368   Data           8  vga.o(.data.vgaChar_asterix)
    vgaChar_b                                0x20000370   Data           8  vga.o(.data.vgaChar_b)
    vgaChar_backslash                        0x20000378   Data           8  vga.o(.data.vgaChar_backslash)
    vgaChar_bar                              0x20000380   Data           8  vga.o(.data.vgaChar_bar)
    vgaChar_c                                0x20000388   Data           8  vga.o(.data.vgaChar_c)
    vgaChar_circonflexe                      0x20000390   Data           8  vga.o(.data.vgaChar_circonflexe)
    vgaChar_colon                            0x20000398   Data           8  vga.o(.data.vgaChar_colon)
    vgaChar_crochet                          0x200003a0   Data           8  vga.o(.data.vgaChar_crochet)
    vgaChar_d                                0x200003a8   Data           8  vga.o(.data.vgaChar_d)
    vgaChar_dollar                           0x200003b0   Data           8  vga.o(.data.vgaChar_dollar)
    vgaChar_dot                              0x200003b8   Data           8  vga.o(.data.vgaChar_dot)
    vgaChar_e                                0x200003c0   Data           8  vga.o(.data.vgaChar_e)
    vgaChar_eperlu                           0x200003c8   Data           8  vga.o(.data.vgaChar_eperlu)
    vgaChar_equal                            0x200003d0   Data           8  vga.o(.data.vgaChar_equal)
    vgaChar_exclamation                      0x200003d8   Data           8  vga.o(.data.vgaChar_exclamation)
    vgaChar_f                                0x200003e0   Data           8  vga.o(.data.vgaChar_f)
    vgaChar_g                                0x200003e8   Data           8  vga.o(.data.vgaChar_g)
    vgaChar_h                                0x200003f0   Data           8  vga.o(.data.vgaChar_h)
    vgaChar_hash                             0x200003f8   Data           8  vga.o(.data.vgaChar_hash)
    vgaChar_i                                0x20000400   Data           8  vga.o(.data.vgaChar_i)
    vgaChar_j                                0x20000408   Data           8  vga.o(.data.vgaChar_j)
    vgaChar_k                                0x20000410   Data           8  vga.o(.data.vgaChar_k)
    vgaChar_l                                0x20000418   Data           8  vga.o(.data.vgaChar_l)
    vgaChar_less                             0x20000420   Data           8  vga.o(.data.vgaChar_less)
    vgaChar_m                                0x20000428   Data           8  vga.o(.data.vgaChar_m)
    vgaChar_minus                            0x20000430   Data           8  vga.o(.data.vgaChar_minus)
    vgaChar_more                             0x20000438   Data           8  vga.o(.data.vgaChar_more)
    vgaChar_n                                0x20000440   Data           8  vga.o(.data.vgaChar_n)
    vgaChar_neg                              0x20000448   Data           8  vga.o(.data.vgaChar_neg)
    vgaChar_o                                0x20000450   Data           8  vga.o(.data.vgaChar_o)
    vgaChar_p                                0x20000458   Data           8  vga.o(.data.vgaChar_p)
    vgaChar_par1                             0x20000460   Data           8  vga.o(.data.vgaChar_par1)
    vgaChar_par2                             0x20000468   Data           8  vga.o(.data.vgaChar_par2)
    vgaChar_plus                             0x20000470   Data           8  vga.o(.data.vgaChar_plus)
    vgaChar_purcent                          0x20000478   Data           8  vga.o(.data.vgaChar_purcent)
    vgaChar_q                                0x20000480   Data           8  vga.o(.data.vgaChar_q)
    vgaChar_question                         0x20000488   Data           8  vga.o(.data.vgaChar_question)
    vgaChar_r                                0x20000490   Data           8  vga.o(.data.vgaChar_r)
    vgaChar_s                                0x20000498   Data           8  vga.o(.data.vgaChar_s)
    vgaChar_semicolon                        0x200004a0   Data           8  vga.o(.data.vgaChar_semicolon)
    vgaChar_slash                            0x200004a8   Data           8  vga.o(.data.vgaChar_slash)
    vgaChar_sqrt1                            0x200004b0   Data           8  vga.o(.data.vgaChar_sqrt1)
    vgaChar_sqrt2                            0x200004b8   Data           8  vga.o(.data.vgaChar_sqrt2)
    vgaChar_t                                0x200004c0   Data           8  vga.o(.data.vgaChar_t)
    vgaChar_twoDots                          0x200004c8   Data           8  vga.o(.data.vgaChar_twoDots)
    vgaChar_u                                0x200004d0   Data           8  vga.o(.data.vgaChar_u)
    vgaChar_underscore                       0x200004d8   Data           8  vga.o(.data.vgaChar_underscore)
    vgaChar_v                                0x200004e0   Data           8  vga.o(.data.vgaChar_v)
    vgaChar_w                                0x200004e8   Data           8  vga.o(.data.vgaChar_w)
    vgaChar_x                                0x200004f0   Data           8  vga.o(.data.vgaChar_x)
    vgaChar_y                                0x200004f8   Data           8  vga.o(.data.vgaChar_y)
    vgaChar_z                                0x20000500   Data           8  vga.o(.data.vgaChar_z)
    __libspace_start                         0x20000508   Data          96  libspace.o(.bss)
    __temporary_stack_top$libspace           0x20000568   Data           0  libspace.o(.bss)
    vgaBuffNext                              0x2000056c   Data           4  main.o(.bss..L_MergedGlobals)
    vgaBuffA                                 0x20000570   Data           4  main.o(.bss..L_MergedGlobals)
    vgaBuffB                                 0x20000574   Data           4  main.o(.bss..L_MergedGlobals)
    .bss.os.msgqueue.cb$$Base                0x200085b8   Number         0  rtx_lib.o(.bss.os.msgqueue.cb)
    .bss.os.msgqueue.cb$$Limit               0x200085ec   Number         0  rtx_lib.o(.bss.os.msgqueue.cb)
    .bss.os.thread.cb$$Base                  0x2000863c   Number         0  rtx_lib.o(.bss.os.thread.cb)
    .bss.os.thread.cb$$Limit                 0x200086c4   Number         0  rtx_lib.o(.bss.os.thread.cb)
    vgaChar_space                            0x20008ac9   Data           8  vga.o(.bss.vgaChar_space)



==============================================================================

Memory Map of the image

  Image Entry point : 0x08000375

  Load Region LR_1 (Base: 0x08000000, Size: 0x0000310c, Max: 0xffffffff, ABSOLUTE, COMPRESSED[0x00002f14])

    Execution Region ER_RO (Exec base: 0x08000000, Load base: 0x08000000, Size: 0x00002c04, Max: 0xffffffff, ABSOLUTE)

    Exec Addr    Load Addr    Size         Type   Attr      Idx    E Section Name        Object

    0x08000000   0x08000000   0x000001c4   Data   RO         1057    RESET               startup_stm32f446xx.o
    0x080001c4   0x080001c4   0x00000008   Code   RO         1095  * !!!main             c_w.l(__main.o)
    0x080001cc   0x080001cc   0x00000034   Code   RO         1260    !!!scatter          c_w.l(__scatter.o)
    0x08000200   0x08000200   0x0000005a   Code   RO         1258    !!dczerorl2         c_w.l(__dczerorl2.o)
    0x0800025a   0x0800025a   0x00000002   PAD
    0x0800025c   0x0800025c   0x0000001c   Code   RO         1262    !!handler_zi        c_w.l(__scatter_zi.o)
    0x08000278   0x08000278   0x00000002   Code   RO         1122    .ARM.Collect$$libinit$$00000000  c_w.l(libinit.o)
    0x0800027a   0x0800027a   0x00000004   Code   RO         1128    .ARM.Collect$$libinit$$00000001  c_w.l(libinit2.o)
    0x0800027e   0x0800027e   0x00000000   Code   RO         1131    .ARM.Collect$$libinit$$00000004  c_w.l(libinit2.o)
    0x0800027e   0x0800027e   0x00000000   Code   RO         1134    .ARM.Collect$$libinit$$0000000A  c_w.l(libinit2.o)
    0x0800027e   0x0800027e   0x00000000   Code   RO         1136    .ARM.Collect$$libinit$$0000000C  c_w.l(libinit2.o)
    0x0800027e   0x0800027e   0x00000000   Code   RO         1138    .ARM.Collect$$libinit$$0000000E  c_w.l(libinit2.o)
    0x0800027e   0x0800027e   0x00000000   Code   RO         1141    .ARM.Collect$$libinit$$00000011  c_w.l(libinit2.o)
    0x0800027e   0x0800027e   0x00000000   Code   RO         1143    .ARM.Collect$$libinit$$00000013  c_w.l(libinit2.o)
    0x0800027e   0x0800027e   0x00000000   Code   RO         1145    .ARM.Collect$$libinit$$00000015  c_w.l(libinit2.o)
    0x0800027e   0x0800027e   0x00000000   Code   RO         1147    .ARM.Collect$$libinit$$00000017  c_w.l(libinit2.o)
    0x0800027e   0x0800027e   0x00000000   Code   RO         1149    .ARM.Collect$$libinit$$00000019  c_w.l(libinit2.o)
    0x0800027e   0x0800027e   0x00000000   Code   RO         1151    .ARM.Collect$$libinit$$0000001B  c_w.l(libinit2.o)
    0x0800027e   0x0800027e   0x00000000   Code   RO         1153    .ARM.Collect$$libinit$$0000001D  c_w.l(libinit2.o)
    0x0800027e   0x0800027e   0x00000000   Code   RO         1155    .ARM.Collect$$libinit$$0000001F  c_w.l(libinit2.o)
    0x0800027e   0x0800027e   0x00000000   Code   RO         1157    .ARM.Collect$$libinit$$00000021  c_w.l(libinit2.o)
    0x0800027e   0x0800027e   0x00000000   Code   RO         1159    .ARM.Collect$$libinit$$00000023  c_w.l(libinit2.o)
    0x0800027e   0x0800027e   0x00000000   Code   RO         1161    .ARM.Collect$$libinit$$00000025  c_w.l(libinit2.o)
    0x0800027e   0x0800027e   0x00000000   Code   RO         1165    .ARM.Collect$$libinit$$0000002C  c_w.l(libinit2.o)
    0x0800027e   0x0800027e   0x00000000   Code   RO         1167    .ARM.Collect$$libinit$$0000002E  c_w.l(libinit2.o)
    0x0800027e   0x0800027e   0x00000000   Code   RO         1169    .ARM.Collect$$libinit$$00000030  c_w.l(libinit2.o)
    0x0800027e   0x0800027e   0x00000000   Code   RO         1171    .ARM.Collect$$libinit$$00000032  c_w.l(libinit2.o)
    0x0800027e   0x0800027e   0x00000002   Code   RO         1172    .ARM.Collect$$libinit$$00000033  c_w.l(libinit2.o)
    0x08000280   0x08000280   0x00000002   Code   RO         1194    .ARM.Collect$$libshutdown$$00000000  c_w.l(libshutdown.o)
    0x08000282   0x08000282   0x00000000   Code   RO         1209    .ARM.Collect$$libshutdown$$00000002  c_w.l(libshutdown2.o)
    0x08000282   0x08000282   0x00000000   Code   RO         1211    .ARM.Collect$$libshutdown$$00000004  c_w.l(libshutdown2.o)
    0x08000282   0x08000282   0x00000000   Code   RO         1214    .ARM.Collect$$libshutdown$$00000007  c_w.l(libshutdown2.o)
    0x08000282   0x08000282   0x00000000   Code   RO         1217    .ARM.Collect$$libshutdown$$0000000A  c_w.l(libshutdown2.o)
    0x08000282   0x08000282   0x00000000   Code   RO         1219    .ARM.Collect$$libshutdown$$0000000C  c_w.l(libshutdown2.o)
    0x08000282   0x08000282   0x00000000   Code   RO         1222    .ARM.Collect$$libshutdown$$0000000F  c_w.l(libshutdown2.o)
    0x08000282   0x08000282   0x00000002   Code   RO         1223    .ARM.Collect$$libshutdown$$00000010  c_w.l(libshutdown2.o)
    0x08000284   0x08000284   0x00000000   Code   RO         1097    .ARM.Collect$$rtentry$$00000000  c_w.l(__rtentry.o)
    0x08000284   0x08000284   0x00000000   Code   RO         1101    .ARM.Collect$$rtentry$$00000002  c_w.l(__rtentry2.o)
    0x08000284   0x08000284   0x00000006   Code   RO         1113    .ARM.Collect$$rtentry$$00000004  c_w.l(__rtentry4.o)
    0x0800028a   0x0800028a   0x00000008   Code   RO         1102    .ARM.Collect$$rtentry$$00000008  c_w.l(__rtentry2.o)
    0x08000292   0x08000292   0x00000004   Code   RO         1104    .ARM.Collect$$rtentry$$0000000A  c_w.l(__rtentry2.o)
    0x08000296   0x08000296   0x00000000   Code   RO         1106    .ARM.Collect$$rtentry$$0000000C  c_w.l(__rtentry2.o)
    0x08000296   0x08000296   0x00000008   Code   RO         1107    .ARM.Collect$$rtentry$$0000000D  c_w.l(__rtentry2.o)
    0x0800029e   0x0800029e   0x00000002   Code   RO         1126    .ARM.Collect$$rtexit$$00000000  c_w.l(rtexit.o)
    0x080002a0   0x080002a0   0x00000000   Code   RO         1174    .ARM.Collect$$rtexit$$00000002  c_w.l(rtexit2.o)
    0x080002a0   0x080002a0   0x00000004   Code   RO         1175    .ARM.Collect$$rtexit$$00000003  c_w.l(rtexit2.o)
    0x080002a4   0x080002a4   0x00000006   Code   RO         1176    .ARM.Collect$$rtexit$$00000004  c_w.l(rtexit2.o)
    0x080002aa   0x080002aa   0x00000002   PAD
    0x080002ac   0x080002ac   0x000000c8   Code   RO          143    .text               irq_armv7m.o
    0x08000374   0x08000374   0x00000040   Code   RO         1058  * .text               startup_stm32f446xx.o
    0x080003b4   0x080003b4   0x0000003e   Code   RO         1081    .text               c_w.l(strlen.o)
    0x080003f2   0x080003f2   0x0000008a   Code   RO         1083    .text               c_w.l(rt_memcpy_v6.o)
    0x0800047c   0x0800047c   0x00000010   Code   RO         1085    .text               c_w.l(aeabi_memset.o)
    0x0800048c   0x0800048c   0x00000044   Code   RO         1089    .text               c_w.l(rt_memclr.o)
    0x080004d0   0x080004d0   0x0000004e   Code   RO         1091    .text               c_w.l(rt_memclr_w.o)
    0x0800051e   0x0800051e   0x00000006   Code   RO         1093    .text               c_w.l(heapauxi.o)
    0x08000524   0x08000524   0x00000064   Code   RO         1098    .text               c_w.l(rt_memcpy_w.o)
    0x08000588   0x08000588   0x0000004a   Code   RO         1115    .text               c_w.l(sys_stackheap_outer.o)
    0x080005d2   0x080005d2   0x00000012   Code   RO         1117    .text               c_w.l(exit.o)
    0x080005e4   0x080005e4   0x00000008   Code   RO         1123    .text               c_w.l(libspace.o)
    0x080005ec   0x080005ec   0x0000000c   Code   RO         1184    .text               c_w.l(sys_exit.o)
    0x080005f8   0x080005f8   0x00000002   Code   RO         1199    .text               c_w.l(use_no_semi.o)
    0x080005fa   0x080005fa   0x00000000   Code   RO         1201    .text               c_w.l(indicate_semi.o)
    0x080005fa   0x080005fa   0x00000002   PAD
    0x080005fc   0x080005fc   0x00000002   Code   RO          355    .text.EvrRtxDelayCompleted  rtx_evr.o
    0x080005fe   0x080005fe   0x00000002   PAD
    0x08000600   0x08000600   0x00000002   Code   RO          403    .text.EvrRtxEventFlagsWaitTimeout  rtx_evr.o
    0x08000602   0x08000602   0x00000002   PAD
    0x08000604   0x08000604   0x00000002   Code   RO          217    .text.EvrRtxKernelError  rtx_evr.o
    0x08000606   0x08000606   0x00000002   PAD
    0x08000608   0x08000608   0x00000002   Code   RO          261    .text.EvrRtxKernelErrorNotify  rtx_evr.o
    0x0800060a   0x0800060a   0x00000002   PAD
    0x0800060c   0x0800060c   0x00000002   Code   RO          227    .text.EvrRtxKernelGetState  rtx_evr.o
    0x0800060e   0x0800060e   0x00000002   PAD
    0x08000610   0x08000610   0x00000002   Code   RO          219    .text.EvrRtxKernelInitialize  rtx_evr.o
    0x08000612   0x08000612   0x00000002   PAD
    0x08000614   0x08000614   0x00000002   Code   RO          221    .text.EvrRtxKernelInitialized  rtx_evr.o
    0x08000616   0x08000616   0x00000002   PAD
    0x08000618   0x08000618   0x00000002   Code   RO          207    .text.EvrRtxMemoryAlloc  rtx_evr.o
    0x0800061a   0x0800061a   0x00000002   PAD
    0x0800061c   0x0800061c   0x00000002   Code   RO          213    .text.EvrRtxMemoryBlockAlloc  rtx_evr.o
    0x0800061e   0x0800061e   0x00000002   PAD
    0x08000620   0x08000620   0x00000002   Code   RO          215    .text.EvrRtxMemoryBlockFree  rtx_evr.o
    0x08000622   0x08000622   0x00000002   PAD
    0x08000624   0x08000624   0x00000002   Code   RO          211    .text.EvrRtxMemoryBlockInit  rtx_evr.o
    0x08000626   0x08000626   0x00000002   PAD
    0x08000628   0x08000628   0x00000002   Code   RO          209    .text.EvrRtxMemoryFree  rtx_evr.o
    0x0800062a   0x0800062a   0x00000002   PAD
    0x0800062c   0x0800062c   0x00000002   Code   RO          205    .text.EvrRtxMemoryInit  rtx_evr.o
    0x0800062e   0x0800062e   0x00000002   PAD
    0x08000630   0x08000630   0x00000002   Code   RO          481    .text.EvrRtxMemoryPoolAllocTimeout  rtx_evr.o
    0x08000632   0x08000632   0x00000002   PAD
    0x08000634   0x08000634   0x00000002   Code   RO          509    .text.EvrRtxMessageQueueCreated  rtx_evr.o
    0x08000636   0x08000636   0x00000002   PAD
    0x08000638   0x08000638   0x00000002   Code   RO          505    .text.EvrRtxMessageQueueError  rtx_evr.o
    0x0800063a   0x0800063a   0x00000002   PAD
    0x0800063c   0x0800063c   0x00000002   Code   RO          525    .text.EvrRtxMessageQueueGet  rtx_evr.o
    0x0800063e   0x0800063e   0x00000002   PAD
    0x08000640   0x08000640   0x00000002   Code   RO          527    .text.EvrRtxMessageQueueGetPending  rtx_evr.o
    0x08000642   0x08000642   0x00000002   PAD
    0x08000644   0x08000644   0x00000002   Code   RO          529    .text.EvrRtxMessageQueueGetTimeout  rtx_evr.o
    0x08000646   0x08000646   0x00000002   PAD
    0x08000648   0x08000648   0x00000002   Code   RO          519    .text.EvrRtxMessageQueueInsertPending  rtx_evr.o
    0x0800064a   0x0800064a   0x00000002   PAD
    0x0800064c   0x0800064c   0x00000002   Code   RO          521    .text.EvrRtxMessageQueueInserted  rtx_evr.o
    0x0800064e   0x0800064e   0x00000002   PAD
    0x08000650   0x08000650   0x00000002   Code   RO          523    .text.EvrRtxMessageQueueNotInserted  rtx_evr.o
    0x08000652   0x08000652   0x00000002   PAD
    0x08000654   0x08000654   0x00000002   Code   RO          533    .text.EvrRtxMessageQueueNotRetrieved  rtx_evr.o
    0x08000656   0x08000656   0x00000002   PAD
    0x08000658   0x08000658   0x00000002   Code   RO          513    .text.EvrRtxMessageQueuePut  rtx_evr.o
    0x0800065a   0x0800065a   0x00000002   PAD
    0x0800065c   0x0800065c   0x00000002   Code   RO          515    .text.EvrRtxMessageQueuePutPending  rtx_evr.o
    0x0800065e   0x0800065e   0x00000002   PAD
    0x08000660   0x08000660   0x00000002   Code   RO          517    .text.EvrRtxMessageQueuePutTimeout  rtx_evr.o
    0x08000662   0x08000662   0x00000002   PAD
    0x08000664   0x08000664   0x00000002   Code   RO          531    .text.EvrRtxMessageQueueRetrieved  rtx_evr.o
    0x08000666   0x08000666   0x00000002   PAD
    0x08000668   0x08000668   0x00000002   Code   RO          421    .text.EvrRtxMutexAcquire  rtx_evr.o
    0x0800066a   0x0800066a   0x00000002   PAD
    0x0800066c   0x0800066c   0x00000002   Code   RO          423    .text.EvrRtxMutexAcquirePending  rtx_evr.o
    0x0800066e   0x0800066e   0x00000002   PAD
    0x08000670   0x08000670   0x00000002   Code   RO          425    .text.EvrRtxMutexAcquireTimeout  rtx_evr.o
    0x08000672   0x08000672   0x00000002   PAD
    0x08000674   0x08000674   0x00000002   Code   RO          427    .text.EvrRtxMutexAcquired  rtx_evr.o
    0x08000676   0x08000676   0x00000002   PAD
    0x08000678   0x08000678   0x00000002   Code   RO          417    .text.EvrRtxMutexCreated  rtx_evr.o
    0x0800067a   0x0800067a   0x00000002   PAD
    0x0800067c   0x0800067c   0x00000002   Code   RO          437    .text.EvrRtxMutexDelete  rtx_evr.o
    0x0800067e   0x0800067e   0x00000002   PAD
    0x08000680   0x08000680   0x00000002   Code   RO          439    .text.EvrRtxMutexDestroyed  rtx_evr.o
    0x08000682   0x08000682   0x00000002   PAD
    0x08000684   0x08000684   0x00000002   Code   RO          413    .text.EvrRtxMutexError  rtx_evr.o
    0x08000686   0x08000686   0x00000002   PAD
    0x08000688   0x08000688   0x00000002   Code   RO          415    .text.EvrRtxMutexNew  rtx_evr.o
    0x0800068a   0x0800068a   0x00000002   PAD
    0x0800068c   0x0800068c   0x00000002   Code   RO          429    .text.EvrRtxMutexNotAcquired  rtx_evr.o
    0x0800068e   0x0800068e   0x00000002   PAD
    0x08000690   0x08000690   0x00000002   Code   RO          431    .text.EvrRtxMutexRelease  rtx_evr.o
    0x08000692   0x08000692   0x00000002   PAD
    0x08000694   0x08000694   0x00000002   Code   RO          433    .text.EvrRtxMutexReleased  rtx_evr.o
    0x08000696   0x08000696   0x00000002   PAD
    0x08000698   0x08000698   0x00000002   Code   RO          453    .text.EvrRtxSemaphoreAcquireTimeout  rtx_evr.o
    0x0800069a   0x0800069a   0x00000002   PAD
    0x0800069c   0x0800069c   0x00000002   Code   RO          305    .text.EvrRtxThreadBlocked  rtx_evr.o
    0x0800069e   0x0800069e   0x00000002   PAD
    0x080006a0   0x080006a0   0x00000002   Code   RO          339    .text.EvrRtxThreadFlagsWaitTimeout  rtx_evr.o
    0x080006a2   0x080006a2   0x00000002   PAD
    0x080006a4   0x080006a4   0x00000002   Code   RO          309    .text.EvrRtxThreadPreempted  rtx_evr.o
    0x080006a6   0x080006a6   0x00000002   PAD
    0x080006a8   0x080006a8   0x00000002   Code   RO          311    .text.EvrRtxThreadSwitched  rtx_evr.o
    0x080006aa   0x080006aa   0x00000002   PAD
    0x080006ac   0x080006ac   0x00000002   Code   RO          307    .text.EvrRtxThreadUnblocked  rtx_evr.o
    0x080006ae   0x080006ae   0x00000002   PAD
    0x080006b0   0x080006b0   0x00000002   Code   RO          359    .text.EvrRtxTimerCallback  rtx_evr.o
    0x080006b2   0x080006b2   0x00000002   PAD
    0x080006b4   0x080006b4   0x0000000c   Code   RO         1024    .text.OS_Tick_AcknowledgeIRQ  os_systick.o
    0x080006c0   0x080006c0   0x0000001a   Code   RO         1065    .text.SystemInit    system_stm32f4xx.o
    0x080006da   0x080006da   0x00000002   PAD
    0x080006dc   0x080006dc   0x00000140   Code   RO            2    .text.TIM2_IRQHandler  main.o
    0x0800081c   0x0800081c   0x00000036   Code   RO          630    .text._mutex_acquire  rtx_lib.o
    0x08000852   0x08000852   0x00000002   PAD
    0x08000854   0x08000854   0x00000006   Code   RO          634    .text._mutex_free   rtx_lib.o
    0x0800085a   0x0800085a   0x00000002   PAD
    0x0800085c   0x0800085c   0x00000020   Code   RO          628    .text._mutex_initialize  rtx_lib.o
    0x0800087c   0x0800087c   0x00000032   Code   RO          632    .text._mutex_release  rtx_lib.o
    0x080008ae   0x080008ae   0x00000002   PAD
    0x080008b0   0x080008b0   0x00000004   Code   RO          624    .text._platform_post_stackheap_init  rtx_lib.o
    0x080008b4   0x080008b4   0x0000001c   Code   RO           37    .text.initTable     vga.o
    0x080008d0   0x080008d0   0x0000002e   Code   RO            4    .text.main          main.o
    0x080008fe   0x080008fe   0x00000002   PAD
    0x08000900   0x08000900   0x0000003c   Code   RO          568    .text.osKernelGetState  rtx_kernel.o
    0x0800093c   0x0800093c   0x00000038   Code   RO          562    .text.osKernelInitialize  rtx_kernel.o
    0x08000974   0x08000974   0x000000dc   Code   RO          734    .text.osMessageQueueGet  rtx_msgqueue.o
    0x08000a50   0x08000a50   0x000000a6   Code   RO          732    .text.osMessageQueuePut  rtx_msgqueue.o
    0x08000af6   0x08000af6   0x00000002   PAD
    0x08000af8   0x08000af8   0x0000003c   Code   RO          784    .text.osMutexAcquire  rtx_mutex.o
    0x08000b34   0x08000b34   0x0000003a   Code   RO          790    .text.osMutexDelete  rtx_mutex.o
    0x08000b6e   0x08000b6e   0x00000002   PAD
    0x08000b70   0x08000b70   0x0000003a   Code   RO          780    .text.osMutexNew    rtx_mutex.o
    0x08000baa   0x08000baa   0x00000002   PAD
    0x08000bac   0x08000bac   0x0000003a   Code   RO          786    .text.osMutexRelease  rtx_mutex.o
    0x08000be6   0x08000be6   0x00000002   PAD
    0x08000be8   0x08000be8   0x00000002   Code   RO         1047    .text.osRtxErrorNotify  rtx_config.o
    0x08000bea   0x08000bea   0x00000002   PAD
    0x08000bec   0x08000bec   0x00000016   Code   RO          560    .text.osRtxKernelErrorNotify  rtx_kernel.o
    0x08000c02   0x08000c02   0x00000002   PAD
    0x08000c04   0x08000c04   0x00000002   Code   RO          558    .text.osRtxKernelPreInit  rtx_kernel.o
    0x08000c06   0x08000c06   0x00000002   PAD
    0x08000c08   0x08000c08   0x000000d6   Code   RO          660    .text.osRtxMemoryAlloc  rtx_memory.o
    0x08000cde   0x08000cde   0x00000002   PAD
    0x08000ce0   0x08000ce0   0x00000086   Code   RO          662    .text.osRtxMemoryFree  rtx_memory.o
    0x08000d66   0x08000d66   0x00000002   PAD
    0x08000d68   0x08000d68   0x00000044   Code   RO          658    .text.osRtxMemoryInit  rtx_memory.o
    0x08000dac   0x08000dac   0x0000004a   Code   RO          674    .text.osRtxMemoryPoolAlloc  rtx_mempool.o
    0x08000df6   0x08000df6   0x00000002   PAD
    0x08000df8   0x08000df8   0x0000005c   Code   RO          676    .text.osRtxMemoryPoolFree  rtx_mempool.o
    0x08000e54   0x08000e54   0x000000b4   Code   RO          672    .text.osRtxMemoryPoolInit  rtx_mempool.o
    0x08000f08   0x08000f08   0x00000220   Code   RO          756    .text.osRtxMessageQueuePostProcess  rtx_msgqueue.o
    0x08001128   0x08001128   0x0000002c   Code   RO          724    .text.osRtxMessageQueueTimerSetup  rtx_msgqueue.o
    0x08001154   0x08001154   0x00000054   Code   RO          778    .text.osRtxMutexOwnerRestore  rtx_mutex.o
    0x080011a8   0x080011a8   0x000000aa   Code   RO          848    .text.osRtxPendSV_Handler  rtx_system.o
    0x08001252   0x08001252   0x00000002   PAD
    0x08001254   0x08001254   0x00000078   Code   RO          850    .text.osRtxPostProcess  rtx_system.o
    0x080012cc   0x080012cc   0x00000266   Code   RO          870    .text.osRtxThreadDelayTick  rtx_thread.o
    0x08001532   0x08001532   0x00000002   PAD
    0x08001534   0x08001534   0x000001b6   Code   RO          876    .text.osRtxThreadDispatch  rtx_thread.o
    0x080016ea   0x080016ea   0x00000002   PAD
    0x080016ec   0x080016ec   0x00000014   Code   RO          862    .text.osRtxThreadListGet  rtx_thread.o
    0x08001700   0x08001700   0x00000064   Code   RO          860    .text.osRtxThreadListPut  rtx_thread.o
    0x08001764   0x08001764   0x0000001a   Code   RO          866    .text.osRtxThreadListRemove  rtx_thread.o
    0x0800177e   0x0800177e   0x00000002   PAD
    0x08001780   0x08001780   0x000000b4   Code   RO          864    .text.osRtxThreadListSort  rtx_thread.o
    0x08001834   0x08001834   0x00000074   Code   RO          868    .text.osRtxThreadReadyPut  rtx_thread.o
    0x080018a8   0x080018a8   0x00000014   Code   RO          872    .text.osRtxThreadRegPtr  rtx_thread.o
    0x080018bc   0x080018bc   0x00000012   Code   RO          874    .text.osRtxThreadSwitch  rtx_thread.o
    0x080018ce   0x080018ce   0x00000002   PAD
    0x080018d0   0x080018d0   0x00000140   Code   RO          880    .text.osRtxThreadWaitEnter  rtx_thread.o
    0x08001a10   0x08001a10   0x00000100   Code   RO          878    .text.osRtxThreadWaitExit  rtx_thread.o
    0x08001b10   0x08001b10   0x00000086   Code   RO          846    .text.osRtxTick_Handler  rtx_system.o
    0x08001b96   0x08001b96   0x00000002   PAD
    0x08001b98   0x08001b98   0x00000026   Code   RO          980    .text.osRtxTimerSetup  rtx_timer.o
    0x08001bbe   0x08001bbe   0x00000002   PAD
    0x08001bc0   0x08001bc0   0x0000002a   Code   RO          984    .text.osRtxTimerThread  rtx_timer.o
    0x08001bea   0x08001bea   0x00000002   PAD
    0x08001bec   0x08001bec   0x00000110   Code   RO          982    .text.osRtxTimerTick  rtx_timer.o
    0x08001cfc   0x08001cfc   0x000002ca   Code   RO           17    .text.startup       drivers.o
    0x08001fc6   0x08001fc6   0x00000002   PAD
    0x08001fc8   0x08001fc8   0x00000016   Code   RO          570    .text.svcRtxKernelGetState  rtx_kernel.o
    0x08001fde   0x08001fde   0x00000002   PAD
    0x08001fe0   0x08001fe0   0x00000152   Code   RO          600    .text.svcRtxKernelInitialize  rtx_kernel.o
    0x08002132   0x08002132   0x00000002   PAD
    0x08002134   0x08002134   0x000001f6   Code   RO          762    .text.svcRtxMessageQueueGet  rtx_msgqueue.o
    0x0800232a   0x0800232a   0x00000002   PAD
    0x0800232c   0x0800232c   0x0000017e   Code   RO          726    .text.svcRtxMessageQueueNew  rtx_msgqueue.o
    0x080024aa   0x080024aa   0x00000002   PAD
    0x080024ac   0x080024ac   0x00000188   Code   RO          760    .text.svcRtxMessageQueuePut  rtx_msgqueue.o
    0x08002634   0x08002634   0x000000ea   Code   RO          796    .text.svcRtxMutexAcquire  rtx_mutex.o
    0x0800271e   0x0800271e   0x00000002   PAD
    0x08002720   0x08002720   0x000000d4   Code   RO          802    .text.svcRtxMutexDelete  rtx_mutex.o
    0x080027f4   0x080027f4   0x00000096   Code   RO          792    .text.svcRtxMutexNew  rtx_mutex.o
    0x0800288a   0x0800288a   0x00000002   PAD
    0x0800288c   0x0800288c   0x000000fe   Code   RO          798    .text.svcRtxMutexRelease  rtx_mutex.o
    0x0800298a   0x0800298a   0x00000002   PAD
    0x0800298c   0x0800298c   0x00000120   Code   RO           35    .text.updateBuffer  vga.o
    0x08002aac   0x08002aac   0x0000001a   Code   RO         1182    x$fpl$fpinit        fz_wm.l(fpinit.o)
    0x08002ac6   0x08002ac6   0x00000002   PAD
    0x08002ac8   0x08002ac8   0x000000a8   Data   RO          640    .rodata             rtx_lib.o
    0x08002b70   0x08002b70   0x00000004   Data   RO          642    .rodata.osRtxUserSVC  rtx_lib.o
    0x08002b74   0x08002b74   0x00000024   Data   RO          637    .rodata.os_idle_thread_attr  rtx_lib.o
    0x08002b98   0x08002b98   0x00000018   Data   RO          639    .rodata.os_timer_mq_attr  rtx_lib.o
    0x08002bb0   0x08002bb0   0x00000024   Data   RO          638    .rodata.os_timer_thread_attr  rtx_lib.o
    0x08002bd4   0x08002bd4   0x00000001   Data   RO            6    .rodata.str1.1      main.o
    0x08002bd5   0x08002bd5   0x00000003   PAD
    0x08002bd8   0x08002bd8   0x0000000b   Data   RO          614    .rodata.str1.4      rtx_kernel.o
    0x08002be3   0x08002be3   0x00000001   PAD
    0x08002be4   0x08002be4   0x00000020   Data   RO         1257    Region$$Table       anon$$obj.o


    Execution Region ER_RW (Exec base: 0x20000000, Load base: 0x08002c04, Size: 0x00000508, Max: 0xffffffff, ABSOLUTE, COMPRESSED[0x00000310])

    Exec Addr    Load Addr    Size         Type   Attr      Idx    E Section Name        Object

    0x20000000   COMPRESSED   0x000000a4   Data   RW          615    .data.os            rtx_kernel.o
    0x200000a4   COMPRESSED   0x0000017c   Data   RW          135    .data.vgaChar       vga.o
    0x20000220   COMPRESSED   0x00000008   Data   RW           93    .data.vgaChar_0     vga.o
    0x20000228   COMPRESSED   0x00000008   Data   RW           94    .data.vgaChar_1     vga.o
    0x20000230   COMPRESSED   0x00000008   Data   RW           95    .data.vgaChar_2     vga.o
    0x20000238   COMPRESSED   0x00000008   Data   RW           96    .data.vgaChar_3     vga.o
    0x20000240   COMPRESSED   0x00000008   Data   RW           97    .data.vgaChar_4     vga.o
    0x20000248   COMPRESSED   0x00000008   Data   RW           98    .data.vgaChar_5     vga.o
    0x20000250   COMPRESSED   0x00000008   Data   RW           99    .data.vgaChar_6     vga.o
    0x20000258   COMPRESSED   0x00000008   Data   RW          100    .data.vgaChar_7     vga.o
    0x20000260   COMPRESSED   0x00000008   Data   RW          101    .data.vgaChar_8     vga.o
    0x20000268   COMPRESSED   0x00000008   Data   RW          102    .data.vgaChar_9     vga.o
    0x20000270   COMPRESSED   0x00000008   Data   RW           41    .data.vgaChar_A     vga.o
    0x20000278   COMPRESSED   0x00000008   Data   RW           42    .data.vgaChar_B     vga.o
    0x20000280   COMPRESSED   0x00000008   Data   RW           43    .data.vgaChar_C     vga.o
    0x20000288   COMPRESSED   0x00000008   Data   RW           44    .data.vgaChar_D     vga.o
    0x20000290   COMPRESSED   0x00000008   Data   RW           45    .data.vgaChar_E     vga.o
    0x20000298   COMPRESSED   0x00000008   Data   RW           46    .data.vgaChar_F     vga.o
    0x200002a0   COMPRESSED   0x00000008   Data   RW           47    .data.vgaChar_G     vga.o
    0x200002a8   COMPRESSED   0x00000008   Data   RW           48    .data.vgaChar_H     vga.o
    0x200002b0   COMPRESSED   0x00000008   Data   RW           49    .data.vgaChar_I     vga.o
    0x200002b8   COMPRESSED   0x00000008   Data   RW           50    .data.vgaChar_J     vga.o
    0x200002c0   COMPRESSED   0x00000008   Data   RW           51    .data.vgaChar_K     vga.o
    0x200002c8   COMPRESSED   0x00000008   Data   RW           52    .data.vgaChar_L     vga.o
    0x200002d0   COMPRESSED   0x00000008   Data   RW           53    .data.vgaChar_M     vga.o
    0x200002d8   COMPRESSED   0x00000008   Data   RW           54    .data.vgaChar_N     vga.o
    0x200002e0   COMPRESSED   0x00000008   Data   RW           55    .data.vgaChar_O     vga.o
    0x200002e8   COMPRESSED   0x00000008   Data   RW           56    .data.vgaChar_P     vga.o
    0x200002f0   COMPRESSED   0x00000008   Data   RW           57    .data.vgaChar_Q     vga.o
    0x200002f8   COMPRESSED   0x00000008   Data   RW           58    .data.vgaChar_R     vga.o
    0x20000300   COMPRESSED   0x00000008   Data   RW           59    .data.vgaChar_S     vga.o
    0x20000308   COMPRESSED   0x00000008   Data   RW           60    .data.vgaChar_T     vga.o
    0x20000310   COMPRESSED   0x00000008   Data   RW           61    .data.vgaChar_U     vga.o
    0x20000318   COMPRESSED   0x00000008   Data   RW           62    .data.vgaChar_V     vga.o
    0x20000320   COMPRESSED   0x00000008   Data   RW           63    .data.vgaChar_W     vga.o
    0x20000328   COMPRESSED   0x00000008   Data   RW           64    .data.vgaChar_X     vga.o
    0x20000330   COMPRESSED   0x00000008   Data   RW           65    .data.vgaChar_Y     vga.o
    0x20000338   COMPRESSED   0x00000008   Data   RW           66    .data.vgaChar_Z     vga.o
    0x20000340   COMPRESSED   0x00000008   Data   RW           67    .data.vgaChar_a     vga.o
    0x20000348   COMPRESSED   0x00000008   Data   RW          130    .data.vgaChar_accolade1  vga.o
    0x20000350   COMPRESSED   0x00000008   Data   RW          131    .data.vgaChar_accolade2  vga.o
    0x20000358   COMPRESSED   0x00000008   Data   RW          113    .data.vgaChar_appostrophe  vga.o
    0x20000360   COMPRESSED   0x00000008   Data   RW          122    .data.vgaChar_arobas  vga.o
    0x20000368   COMPRESSED   0x00000008   Data   RW          107    .data.vgaChar_asterix  vga.o
    0x20000370   COMPRESSED   0x00000008   Data   RW           68    .data.vgaChar_b     vga.o
    0x20000378   COMPRESSED   0x00000008   Data   RW          127    .data.vgaChar_backslash  vga.o
    0x20000380   COMPRESSED   0x00000008   Data   RW          126    .data.vgaChar_bar   vga.o
    0x20000388   COMPRESSED   0x00000008   Data   RW           69    .data.vgaChar_c     vga.o
    0x20000390   COMPRESSED   0x00000008   Data   RW          117    .data.vgaChar_circonflexe  vga.o
    0x20000398   COMPRESSED   0x00000008   Data   RW          118    .data.vgaChar_colon  vga.o
    0x200003a0   COMPRESSED   0x00000008   Data   RW          104    .data.vgaChar_crochet  vga.o
    0x200003a8   COMPRESSED   0x00000008   Data   RW           70    .data.vgaChar_d     vga.o
    0x200003b0   COMPRESSED   0x00000008   Data   RW          115    .data.vgaChar_dollar  vga.o
    0x200003b8   COMPRESSED   0x00000008   Data   RW          111    .data.vgaChar_dot   vga.o
    0x200003c0   COMPRESSED   0x00000008   Data   RW           71    .data.vgaChar_e     vga.o
    0x200003c8   COMPRESSED   0x00000008   Data   RW          103    .data.vgaChar_eperlu  vga.o
    0x200003d0   COMPRESSED   0x00000008   Data   RW          110    .data.vgaChar_equal  vga.o
    0x200003d8   COMPRESSED   0x00000008   Data   RW          112    .data.vgaChar_exclamation  vga.o
    0x200003e0   COMPRESSED   0x00000008   Data   RW           72    .data.vgaChar_f     vga.o
    0x200003e8   COMPRESSED   0x00000008   Data   RW           73    .data.vgaChar_g     vga.o
    0x200003f0   COMPRESSED   0x00000008   Data   RW           74    .data.vgaChar_h     vga.o
    0x200003f8   COMPRESSED   0x00000008   Data   RW          114    .data.vgaChar_hash  vga.o
    0x20000400   COMPRESSED   0x00000008   Data   RW           75    .data.vgaChar_i     vga.o
    0x20000408   COMPRESSED   0x00000008   Data   RW           76    .data.vgaChar_j     vga.o
    0x20000410   COMPRESSED   0x00000008   Data   RW           77    .data.vgaChar_k     vga.o
    0x20000418   COMPRESSED   0x00000008   Data   RW           78    .data.vgaChar_l     vga.o
    0x20000420   COMPRESSED   0x00000008   Data   RW          124    .data.vgaChar_less  vga.o
    0x20000428   COMPRESSED   0x00000008   Data   RW           79    .data.vgaChar_m     vga.o
    0x20000430   COMPRESSED   0x00000008   Data   RW          109    .data.vgaChar_minus  vga.o
    0x20000438   COMPRESSED   0x00000008   Data   RW          125    .data.vgaChar_more  vga.o
    0x20000440   COMPRESSED   0x00000008   Data   RW           80    .data.vgaChar_n     vga.o
    0x20000448   COMPRESSED   0x00000008   Data   RW          134    .data.vgaChar_neg   vga.o
    0x20000450   COMPRESSED   0x00000008   Data   RW           81    .data.vgaChar_o     vga.o
    0x20000458   COMPRESSED   0x00000008   Data   RW           82    .data.vgaChar_p     vga.o
    0x20000460   COMPRESSED   0x00000008   Data   RW          105    .data.vgaChar_par1  vga.o
    0x20000468   COMPRESSED   0x00000008   Data   RW          106    .data.vgaChar_par2  vga.o
    0x20000470   COMPRESSED   0x00000008   Data   RW          108    .data.vgaChar_plus  vga.o
    0x20000478   COMPRESSED   0x00000008   Data   RW          116    .data.vgaChar_purcent  vga.o
    0x20000480   COMPRESSED   0x00000008   Data   RW           83    .data.vgaChar_q     vga.o
    0x20000488   COMPRESSED   0x00000008   Data   RW          121    .data.vgaChar_question  vga.o
    0x20000490   COMPRESSED   0x00000008   Data   RW           84    .data.vgaChar_r     vga.o
    0x20000498   COMPRESSED   0x00000008   Data   RW           85    .data.vgaChar_s     vga.o
    0x200004a0   COMPRESSED   0x00000008   Data   RW          120    .data.vgaChar_semicolon  vga.o
    0x200004a8   COMPRESSED   0x00000008   Data   RW          123    .data.vgaChar_slash  vga.o
    0x200004b0   COMPRESSED   0x00000008   Data   RW          128    .data.vgaChar_sqrt1  vga.o
    0x200004b8   COMPRESSED   0x00000008   Data   RW          129    .data.vgaChar_sqrt2  vga.o
    0x200004c0   COMPRESSED   0x00000008   Data   RW           86    .data.vgaChar_t     vga.o
    0x200004c8   COMPRESSED   0x00000008   Data   RW          119    .data.vgaChar_twoDots  vga.o
    0x200004d0   COMPRESSED   0x00000008   Data   RW           87    .data.vgaChar_u     vga.o
    0x200004d8   COMPRESSED   0x00000008   Data   RW          132    .data.vgaChar_underscore  vga.o
    0x200004e0   COMPRESSED   0x00000008   Data   RW           88    .data.vgaChar_v     vga.o
    0x200004e8   COMPRESSED   0x00000008   Data   RW           89    .data.vgaChar_w     vga.o
    0x200004f0   COMPRESSED   0x00000008   Data   RW           90    .data.vgaChar_x     vga.o
    0x200004f8   COMPRESSED   0x00000008   Data   RW           91    .data.vgaChar_y     vga.o
    0x20000500   COMPRESSED   0x00000008   Data   RW           92    .data.vgaChar_z     vga.o


    Execution Region ER_ZI (Exec base: 0x20000508, Load base: 0x08002f14, Size: 0x00008bd0, Max: 0xffffffff, ABSOLUTE)

    Exec Addr    Load Addr    Size         Type   Attr      Idx    E Section Name        Object

    0x20000508        -       0x00000060   Zero   RW         1124    .bss                c_w.l(libspace.o)
    0x20000568        -       0x00000010   Zero   RW            8    .bss..L_MergedGlobals  main.o
    0x20000578        -       0x00008040   Zero   RW          636    .bss.os             rtx_lib.o
    0x200085b8        -       0x00000034   Zero   RW          647    .bss.os.msgqueue.cb  rtx_lib.o
    0x200085ec        -       0x00000050   Zero   RW          648    .bss.os.msgqueue.mem  rtx_lib.o
    0x2000863c        -       0x00000088   Zero   RW          644    .bss.os.thread.cb   rtx_lib.o
    0x200086c4   0x08002f14   0x00000004   PAD
    0x200086c8        -       0x00000200   Zero   RW          645    .bss.os.thread.idle.stack  rtx_lib.o
    0x200088c8        -       0x00000200   Zero   RW          646    .bss.os.thread.timer.stack  rtx_lib.o
    0x20008ac8        -       0x00000001   Zero   RW          649    .bss.os_kernel_is_active.os_kernel_active  rtx_lib.o
    0x20008ac9        -       0x00000008   Zero   RW          133    .bss.vgaChar_space  vga.o
    0x20008ad1   0x08002f14   0x00000007   PAD
    0x20008ad8        -       0x00000200   Zero   RW         1056    HEAP                startup_stm32f446xx.o
    0x20008cd8        -       0x00000400   Zero   RW         1055    STACK               startup_stm32f446xx.o


==============================================================================

Image component sizes


      Code (inc. data)   RO Data    RW Data    ZI Data      Debug   Object Name

       714          0          0          0          0       6463   drivers.o
       200         12          0          0          0        745   irq_armv7m.o
       366        150          1          0         16       1941   main.o
        12          0          0          0          0       4899   os_systick.o
         2          0          0          0          0        560   rtx_config.o
        92          0          0          0          0      23997   rtx_evr.o
       500          0         11        164          0      17767   rtx_kernel.o
       146          0        268          0      34125       7934   rtx_lib.o
       416          0          0          0          0       3217   rtx_memory.o
       346          0          0          0          0      20143   rtx_mempool.o
      2250          0          0          0          0      23860   rtx_msgqueue.o
      1168          0          0          0          0      10559   rtx_mutex.o
       424         10          0          0          0       5729   rtx_system.o
      2108         10          0          0          0      50969   rtx_thread.o
       352          0          0          0          0      12163   rtx_timer.o
        64         26        452          0       1536        884   startup_stm32f446xx.o
        26          0          0          0          0       2855   system_stm32f4xx.o
       316          0          0       1124          8       5257   vga.o

    ----------------------------------------------------------------------
      9656        208        768       1288      35696     199942   Object Totals
         0          0         32          0          0          0   (incl. Generated)
       154          0          4          0         11          0   (incl. Padding)

    ----------------------------------------------------------------------

      Code (inc. data)   RO Data    RW Data    ZI Data      Debug   Library Member Name

        90          0          0          0          0          0   __dczerorl2.o
         8          0          0          0          0         68   __main.o
         0          0          0          0          0          0   __rtentry.o
        20          0          0          0          0          0   __rtentry2.o
         6          0          0          0          0          0   __rtentry4.o
        52          8          0          0          0          0   __scatter.o
        28          0          0          0          0          0   __scatter_zi.o
        16          0          0          0          0         68   aeabi_memset.o
        18          0          0          0          0         80   exit.o
         6          0          0          0          0        152   heapauxi.o
         0          0          0          0          0          0   indicate_semi.o
         2          0          0          0          0          0   libinit.o
         6          0          0          0          0          0   libinit2.o
         2          0          0          0          0          0   libshutdown.o
         2          0          0          0          0          0   libshutdown2.o
         8          4          0          0         96         68   libspace.o
        68          0          0          0          0         68   rt_memclr.o
        78          0          0          0          0         80   rt_memclr_w.o
       138          0          0          0          0         68   rt_memcpy_v6.o
       100          0          0          0          0         80   rt_memcpy_w.o
         2          0          0          0          0          0   rtexit.o
        10          0          0          0          0          0   rtexit2.o
        62          0          0          0          0         76   strlen.o
        12          4          0          0          0         68   sys_exit.o
        74          0          0          0          0         80   sys_stackheap_outer.o
         2          0          0          0          0         68   use_no_semi.o
        26          0          0          0          0        116   fpinit.o

    ----------------------------------------------------------------------
       844         16          0          0         96       1140   Library Totals
         8          0          0          0          0          0   (incl. Padding)

    ----------------------------------------------------------------------

      Code (inc. data)   RO Data    RW Data    ZI Data      Debug   Library Name

       810         16          0          0         96       1024   c_w.l
        26          0          0          0          0        116   fz_wm.l

    ----------------------------------------------------------------------
       844         16          0          0         96       1140   Library Totals

    ----------------------------------------------------------------------

==============================================================================


      Code (inc. data)   RO Data    RW Data    ZI Data      Debug   

     10500        224        768       1288      35792     200314   Grand Totals
     10500        224        768        784      35792     200314   ELF Image Totals (compressed)
     10500        224        768        784          0          0   ROM Totals

==============================================================================

    Total RO  Size (Code + RO Data)                11268 (  11.00kB)
    Total RW  Size (RW Data + ZI Data)             37080 (  36.21kB)
    Total ROM Size (Code + RO Data + RW Data)      12052 (  11.77kB)

==============================================================================

